[0.452s] Invoking command in '/home/ivan/personal/robotics_ros2/robotics_programming/build/seek_and_go_world': CMAKE_PREFIX_PATH=${CMAKE_PREFIX_PATH}:/home/ivan/personal/robotics_ros2/robotics_programming/install/nav2_mobile_robot:/home/ivan/personal/robotics_ros2/robotics_programming/install/yolo_object_detector:/home/ivan/personal/robotics_ros2/robotics_programming/install/usb_camera_reader:/opt/ros/humble /usr/bin/cmake /home/ivan/personal/robotics_ros2/robotics_programming/src/seek_and_go_world -DCMAKE_INSTALL_PREFIX=/home/ivan/personal/robotics_ros2/robotics_programming/install/seek_and_go_world
[1.024s] -- The C compiler identification is GNU 11.4.0
[1.026s] -- The CXX compiler identification is GNU 11.4.0
[1.124s] -- Detecting C compiler ABI info
[1.265s] -- Detecting C compiler ABI info - done
[1.273s] -- Check for working C compiler: /usr/bin/cc - skipped
[1.274s] -- Detecting C compile features
[1.277s] -- Detecting C compile features - done
[1.283s] -- Detecting CXX compiler ABI info
[1.446s] -- Detecting CXX compiler ABI info - done
[1.458s] -- Check for working CXX compiler: /usr/bin/c++ - skipped
[1.459s] -- Detecting CXX compile features
[1.460s] -- Detecting CXX compile features - done
[1.476s] -- Found ament_cmake: 1.3.11 (/opt/ros/humble/share/ament_cmake/cmake)
[1.774s] -- Found Python3: /usr/bin/python3 (found version "3.10.12") found components: Interpreter 
[1.981s] -- Found ament_lint_auto: 0.12.12 (/opt/ros/humble/share/ament_lint_auto/cmake)
[2.124s] -- Added test 'flake8' to check Python code syntax and style conventions
[2.126s] -- Added test 'lint_cmake' to check CMake code style
[2.128s] -- Added test 'pep257' to check Python code against some of the docstring style conventions in PEP 257
[2.134s] -- Added test 'xmllint' to check XML markup files
[2.138s] -- Configuring done
[2.145s] -- Generating done
[2.152s] -- Build files have been written to: /home/ivan/personal/robotics_ros2/robotics_programming/build/seek_and_go_world
[2.163s] Invoked command in '/home/ivan/personal/robotics_ros2/robotics_programming/build/seek_and_go_world' returned '0': CMAKE_PREFIX_PATH=${CMAKE_PREFIX_PATH}:/home/ivan/personal/robotics_ros2/robotics_programming/install/nav2_mobile_robot:/home/ivan/personal/robotics_ros2/robotics_programming/install/yolo_object_detector:/home/ivan/personal/robotics_ros2/robotics_programming/install/usb_camera_reader:/opt/ros/humble /usr/bin/cmake /home/ivan/personal/robotics_ros2/robotics_programming/src/seek_and_go_world -DCMAKE_INSTALL_PREFIX=/home/ivan/personal/robotics_ros2/robotics_programming/install/seek_and_go_world
[2.167s] Invoking command in '/home/ivan/personal/robotics_ros2/robotics_programming/build/seek_and_go_world': CMAKE_PREFIX_PATH=${CMAKE_PREFIX_PATH}:/home/ivan/personal/robotics_ros2/robotics_programming/install/nav2_mobile_robot:/home/ivan/personal/robotics_ros2/robotics_programming/install/yolo_object_detector:/home/ivan/personal/robotics_ros2/robotics_programming/install/usb_camera_reader:/opt/ros/humble /usr/bin/cmake --build /home/ivan/personal/robotics_ros2/robotics_programming/build/seek_and_go_world -- -j12 -l12
[2.222s] Invoked command in '/home/ivan/personal/robotics_ros2/robotics_programming/build/seek_and_go_world' returned '0': CMAKE_PREFIX_PATH=${CMAKE_PREFIX_PATH}:/home/ivan/personal/robotics_ros2/robotics_programming/install/nav2_mobile_robot:/home/ivan/personal/robotics_ros2/robotics_programming/install/yolo_object_detector:/home/ivan/personal/robotics_ros2/robotics_programming/install/usb_camera_reader:/opt/ros/humble /usr/bin/cmake --build /home/ivan/personal/robotics_ros2/robotics_programming/build/seek_and_go_world -- -j12 -l12
[2.238s] Invoking command in '/home/ivan/personal/robotics_ros2/robotics_programming/build/seek_and_go_world': CMAKE_PREFIX_PATH=${CMAKE_PREFIX_PATH}:/home/ivan/personal/robotics_ros2/robotics_programming/install/nav2_mobile_robot:/home/ivan/personal/robotics_ros2/robotics_programming/install/yolo_object_detector:/home/ivan/personal/robotics_ros2/robotics_programming/install/usb_camera_reader:/opt/ros/humble /usr/bin/cmake --install /home/ivan/personal/robotics_ros2/robotics_programming/build/seek_and_go_world
[2.247s] -- Install configuration: ""
[2.248s] -- Installing: /home/ivan/personal/robotics_ros2/robotics_programming/install/seek_and_go_world/share/ament_index/resource_index/package_run_dependencies/seek_and_go_world
[2.251s] -- Installing: /home/ivan/personal/robotics_ros2/robotics_programming/install/seek_and_go_world/share/ament_index/resource_index/parent_prefix_path/seek_and_go_world
[2.252s] -- Installing: /home/ivan/personal/robotics_ros2/robotics_programming/install/seek_and_go_world/share/seek_and_go_world/environment/ament_prefix_path.sh
[2.253s] -- Installing: /home/ivan/personal/robotics_ros2/robotics_programming/install/seek_and_go_world/share/seek_and_go_world/environment/ament_prefix_path.dsv
[2.254s] -- Installing: /home/ivan/personal/robotics_ros2/robotics_programming/install/seek_and_go_world/share/seek_and_go_world/environment/path.sh
[2.254s] -- Installing: /home/ivan/personal/robotics_ros2/robotics_programming/install/seek_and_go_world/share/seek_and_go_world/environment/path.dsv
[2.255s] -- Installing: /home/ivan/personal/robotics_ros2/robotics_programming/install/seek_and_go_world/share/seek_and_go_world/local_setup.bash
[2.255s] -- Installing: /home/ivan/personal/robotics_ros2/robotics_programming/install/seek_and_go_world/share/seek_and_go_world/local_setup.sh
[2.255s] -- Installing: /home/ivan/personal/robotics_ros2/robotics_programming/install/seek_and_go_world/share/seek_and_go_world/local_setup.zsh
[2.256s] -- Installing: /home/ivan/personal/robotics_ros2/robotics_programming/install/seek_and_go_world/share/seek_and_go_world/local_setup.dsv
[2.256s] -- Installing: /home/ivan/personal/robotics_ros2/robotics_programming/install/seek_and_go_world/share/seek_and_go_world/package.dsv
[2.256s] -- Installing: /home/ivan/personal/robotics_ros2/robotics_programming/install/seek_and_go_world/share/ament_index/resource_index/packages/seek_and_go_world
[2.256s] -- Installing: /home/ivan/personal/robotics_ros2/robotics_programming/install/seek_and_go_world/share/seek_and_go_world/cmake/seek_and_go_worldConfig.cmake
[2.257s] -- Installing: /home/ivan/personal/robotics_ros2/robotics_programming/install/seek_and_go_world/share/seek_and_go_world/cmake/seek_and_go_worldConfig-version.cmake
[2.258s] -- Installing: /home/ivan/personal/robotics_ros2/robotics_programming/install/seek_and_go_world/share/seek_and_go_world/package.xml
[2.258s] Invoked command in '/home/ivan/personal/robotics_ros2/robotics_programming/build/seek_and_go_world' returned '0': CMAKE_PREFIX_PATH=${CMAKE_PREFIX_PATH}:/home/ivan/personal/robotics_ros2/robotics_programming/install/nav2_mobile_robot:/home/ivan/personal/robotics_ros2/robotics_programming/install/yolo_object_detector:/home/ivan/personal/robotics_ros2/robotics_programming/install/usb_camera_reader:/opt/ros/humble /usr/bin/cmake --install /home/ivan/personal/robotics_ros2/robotics_programming/build/seek_and_go_world
