[0.036s] Invoking command in '/home/ivan/personal/robotics_ros2/basic_concepts/ros2_ws/build/pubsub_interfaces': CMAKE_PREFIX_PATH=${CMAKE_PREFIX_PATH}:/home/ivan/personal/robotics_ros2/basic_concepts/ros2_ws/install/turtle_controller:/home/ivan/personal/robotics_ros2/basic_concepts/ros2_ws/install/pubsub_custom:/home/ivan/personal/robotics_ros2/basic_concepts/ros2_ws/install/pubsub_img_pkg:/home/ivan/personal/robotics_ros2/basic_concepts/ros2_ws/install/pubsub_pkg:/opt/ros/humble /usr/bin/cmake --build /home/ivan/personal/robotics_ros2/basic_concepts/ros2_ws/build/pubsub_interfaces -- -j12 -l12
[0.446s] [35m[1mConsolidate compiler generated dependencies of target pubsub_interfaces__rosidl_generator_c[0m
[0.446s] [  2%] Built target pubsub_interfaces__cpp
[0.447s] [ 12%] Built target pubsub_interfaces__rosidl_generator_c
[0.447s] [ 12%] Built target ament_cmake_python_copy_pubsub_interfaces
[0.447s] [35m[1mConsolidate compiler generated dependencies of target pubsub_interfaces__rosidl_typesupport_introspection_cpp[0m
[0.447s] [35m[1mConsolidate compiler generated dependencies of target pubsub_interfaces__rosidl_typesupport_fastrtps_c[0m
[0.447s] [35m[1mConsolidate compiler generated dependencies of target pubsub_interfaces__rosidl_typesupport_c[0m
[0.448s] [35m[1mConsolidate compiler generated dependencies of target pubsub_interfaces__rosidl_typesupport_fastrtps_cpp[0m
[0.448s] [35m[1mConsolidate compiler generated dependencies of target pubsub_interfaces__rosidl_typesupport_cpp[0m
[0.449s] [35m[1mConsolidate compiler generated dependencies of target pubsub_interfaces__rosidl_typesupport_introspection_c[0m
[0.449s] [ 23%] Built target pubsub_interfaces__rosidl_typesupport_c
[0.449s] [ 33%] Built target pubsub_interfaces__rosidl_typesupport_fastrtps_c
[0.450s] [ 51%] Built target pubsub_interfaces__rosidl_typesupport_introspection_cpp
[0.450s] [ 58%] Built target pubsub_interfaces__rosidl_typesupport_fastrtps_cpp
[0.451s] [ 64%] Built target pubsub_interfaces__rosidl_typesupport_introspection_c
[0.452s] [ 74%] Built target pubsub_interfaces__rosidl_typesupport_cpp
[0.452s] [ 74%] Built target pubsub_interfaces
[0.452s] [ 76%] Built target pubsub_interfaces__py
[0.452s] [35m[1mConsolidate compiler generated dependencies of target pubsub_interfaces__rosidl_generator_py[0m
[0.452s] [ 84%] Built target pubsub_interfaces__rosidl_generator_py
[0.452s] [35m[1mConsolidate compiler generated dependencies of target pubsub_interfaces__rosidl_typesupport_fastrtps_c__pyext[0m
[0.453s] [35m[1mConsolidate compiler generated dependencies of target pubsub_interfaces__rosidl_typesupport_c__pyext[0m
[0.453s] [35m[1mConsolidate compiler generated dependencies of target pubsub_interfaces__rosidl_typesupport_introspection_c__pyext[0m
[0.453s] [100%] Built target pubsub_interfaces__rosidl_typesupport_c__pyext
[0.454s] [100%] Built target pubsub_interfaces__rosidl_typesupport_fastrtps_c__pyext
[0.454s] [100%] Built target pubsub_interfaces__rosidl_typesupport_introspection_c__pyext
[0.454s] running egg_info
[0.454s] writing pubsub_interfaces.egg-info/PKG-INFO
[0.454s] writing dependency_links to pubsub_interfaces.egg-info/dependency_links.txt
[0.454s] writing top-level names to pubsub_interfaces.egg-info/top_level.txt
[0.456s] reading manifest file 'pubsub_interfaces.egg-info/SOURCES.txt'
[0.457s] writing manifest file 'pubsub_interfaces.egg-info/SOURCES.txt'
[0.492s] [100%] Built target ament_cmake_python_build_pubsub_interfaces_egg
[0.760s] Invoked command in '/home/ivan/personal/robotics_ros2/basic_concepts/ros2_ws/build/pubsub_interfaces' returned '0': CMAKE_PREFIX_PATH=${CMAKE_PREFIX_PATH}:/home/ivan/personal/robotics_ros2/basic_concepts/ros2_ws/install/turtle_controller:/home/ivan/personal/robotics_ros2/basic_concepts/ros2_ws/install/pubsub_custom:/home/ivan/personal/robotics_ros2/basic_concepts/ros2_ws/install/pubsub_img_pkg:/home/ivan/personal/robotics_ros2/basic_concepts/ros2_ws/install/pubsub_pkg:/opt/ros/humble /usr/bin/cmake --build /home/ivan/personal/robotics_ros2/basic_concepts/ros2_ws/build/pubsub_interfaces -- -j12 -l12
[0.773s] Invoking command in '/home/ivan/personal/robotics_ros2/basic_concepts/ros2_ws/build/pubsub_interfaces': CMAKE_PREFIX_PATH=${CMAKE_PREFIX_PATH}:/home/ivan/personal/robotics_ros2/basic_concepts/ros2_ws/install/turtle_controller:/home/ivan/personal/robotics_ros2/basic_concepts/ros2_ws/install/pubsub_custom:/home/ivan/personal/robotics_ros2/basic_concepts/ros2_ws/install/pubsub_img_pkg:/home/ivan/personal/robotics_ros2/basic_concepts/ros2_ws/install/pubsub_pkg:/opt/ros/humble /usr/bin/cmake --install /home/ivan/personal/robotics_ros2/basic_concepts/ros2_ws/build/pubsub_interfaces
[0.778s] -- Install configuration: ""
[0.778s] -- Up-to-date: /home/ivan/personal/robotics_ros2/basic_concepts/ros2_ws/install/pubsub_interfaces/share/ament_index/resource_index/rosidl_interfaces/pubsub_interfaces
[0.778s] -- Up-to-date: /home/ivan/personal/robotics_ros2/basic_concepts/ros2_ws/install/pubsub_interfaces/include/pubsub_interfaces/pubsub_interfaces
[0.778s] -- Up-to-date: /home/ivan/personal/robotics_ros2/basic_concepts/ros2_ws/install/pubsub_interfaces/include/pubsub_interfaces/pubsub_interfaces/msg
[0.779s] -- Up-to-date: /home/ivan/personal/robotics_ros2/basic_concepts/ros2_ws/install/pubsub_interfaces/include/pubsub_interfaces/pubsub_interfaces/msg/detail
[0.779s] -- Up-to-date: /home/ivan/personal/robotics_ros2/basic_concepts/ros2_ws/install/pubsub_interfaces/include/pubsub_interfaces/pubsub_interfaces/msg/detail/turtle_pose__struct.h
[0.779s] -- Up-to-date: /home/ivan/personal/robotics_ros2/basic_concepts/ros2_ws/install/pubsub_interfaces/include/pubsub_interfaces/pubsub_interfaces/msg/detail/turtle_pose__functions.c
[0.779s] -- Up-to-date: /home/ivan/personal/robotics_ros2/basic_concepts/ros2_ws/install/pubsub_interfaces/include/pubsub_interfaces/pubsub_interfaces/msg/detail/hardware_status__struct.h
[0.779s] -- Up-to-date: /home/ivan/personal/robotics_ros2/basic_concepts/ros2_ws/install/pubsub_interfaces/include/pubsub_interfaces/pubsub_interfaces/msg/detail/hardware_status__functions.c
[0.779s] -- Up-to-date: /home/ivan/personal/robotics_ros2/basic_concepts/ros2_ws/install/pubsub_interfaces/include/pubsub_interfaces/pubsub_interfaces/msg/detail/turtle_pose__type_support.h
[0.779s] -- Up-to-date: /home/ivan/personal/robotics_ros2/basic_concepts/ros2_ws/install/pubsub_interfaces/include/pubsub_interfaces/pubsub_interfaces/msg/detail/turtle_pose__functions.h
[0.779s] -- Up-to-date: /home/ivan/personal/robotics_ros2/basic_concepts/ros2_ws/install/pubsub_interfaces/include/pubsub_interfaces/pubsub_interfaces/msg/detail/hardware_status__functions.h
[0.779s] -- Up-to-date: /home/ivan/personal/robotics_ros2/basic_concepts/ros2_ws/install/pubsub_interfaces/include/pubsub_interfaces/pubsub_interfaces/msg/detail/hardware_status__type_support.h
[0.779s] -- Up-to-date: /home/ivan/personal/robotics_ros2/basic_concepts/ros2_ws/install/pubsub_interfaces/include/pubsub_interfaces/pubsub_interfaces/msg/turtle_pose.h
[0.779s] -- Up-to-date: /home/ivan/personal/robotics_ros2/basic_concepts/ros2_ws/install/pubsub_interfaces/include/pubsub_interfaces/pubsub_interfaces/msg/hardware_status.h
[0.779s] -- Up-to-date: /home/ivan/personal/robotics_ros2/basic_concepts/ros2_ws/install/pubsub_interfaces/include/pubsub_interfaces/pubsub_interfaces/msg/rosidl_generator_c__visibility_control.h
[0.780s] -- Up-to-date: /home/ivan/personal/robotics_ros2/basic_concepts/ros2_ws/install/pubsub_interfaces/share/pubsub_interfaces/environment/library_path.sh
[0.780s] -- Up-to-date: /home/ivan/personal/robotics_ros2/basic_concepts/ros2_ws/install/pubsub_interfaces/share/pubsub_interfaces/environment/library_path.dsv
[0.780s] -- Up-to-date: /home/ivan/personal/robotics_ros2/basic_concepts/ros2_ws/install/pubsub_interfaces/lib/libpubsub_interfaces__rosidl_generator_c.so
[0.780s] -- Up-to-date: /home/ivan/personal/robotics_ros2/basic_concepts/ros2_ws/install/pubsub_interfaces/include/pubsub_interfaces/pubsub_interfaces
[0.780s] -- Up-to-date: /home/ivan/personal/robotics_ros2/basic_concepts/ros2_ws/install/pubsub_interfaces/include/pubsub_interfaces/pubsub_interfaces/msg
[0.780s] -- Up-to-date: /home/ivan/personal/robotics_ros2/basic_concepts/ros2_ws/install/pubsub_interfaces/include/pubsub_interfaces/pubsub_interfaces/msg/rosidl_typesupport_fastrtps_c__visibility_control.h
[0.781s] -- Up-to-date: /home/ivan/personal/robotics_ros2/basic_concepts/ros2_ws/install/pubsub_interfaces/include/pubsub_interfaces/pubsub_interfaces/msg/detail
[0.781s] -- Up-to-date: /home/ivan/personal/robotics_ros2/basic_concepts/ros2_ws/install/pubsub_interfaces/include/pubsub_interfaces/pubsub_interfaces/msg/detail/turtle_pose__rosidl_typesupport_fastrtps_c.h
[0.781s] -- Up-to-date: /home/ivan/personal/robotics_ros2/basic_concepts/ros2_ws/install/pubsub_interfaces/include/pubsub_interfaces/pubsub_interfaces/msg/detail/hardware_status__rosidl_typesupport_fastrtps_c.h
[0.781s] -- Up-to-date: /home/ivan/personal/robotics_ros2/basic_concepts/ros2_ws/install/pubsub_interfaces/lib/libpubsub_interfaces__rosidl_typesupport_fastrtps_c.so
[0.781s] -- Up-to-date: /home/ivan/personal/robotics_ros2/basic_concepts/ros2_ws/install/pubsub_interfaces/include/pubsub_interfaces/pubsub_interfaces
[0.781s] -- Up-to-date: /home/ivan/personal/robotics_ros2/basic_concepts/ros2_ws/install/pubsub_interfaces/include/pubsub_interfaces/pubsub_interfaces/msg
[0.781s] -- Up-to-date: /home/ivan/personal/robotics_ros2/basic_concepts/ros2_ws/install/pubsub_interfaces/include/pubsub_interfaces/pubsub_interfaces/msg/detail
[0.781s] -- Up-to-date: /home/ivan/personal/robotics_ros2/basic_concepts/ros2_ws/install/pubsub_interfaces/include/pubsub_interfaces/pubsub_interfaces/msg/detail/hardware_status__type_support.c
[0.781s] -- Up-to-date: /home/ivan/personal/robotics_ros2/basic_concepts/ros2_ws/install/pubsub_interfaces/include/pubsub_interfaces/pubsub_interfaces/msg/detail/turtle_pose__type_support.c
[0.782s] -- Up-to-date: /home/ivan/personal/robotics_ros2/basic_concepts/ros2_ws/install/pubsub_interfaces/include/pubsub_interfaces/pubsub_interfaces/msg/detail/turtle_pose__rosidl_typesupport_introspection_c.h
[0.782s] -- Up-to-date: /home/ivan/personal/robotics_ros2/basic_concepts/ros2_ws/install/pubsub_interfaces/include/pubsub_interfaces/pubsub_interfaces/msg/detail/hardware_status__rosidl_typesupport_introspection_c.h
[0.783s] -- Up-to-date: /home/ivan/personal/robotics_ros2/basic_concepts/ros2_ws/install/pubsub_interfaces/include/pubsub_interfaces/pubsub_interfaces/msg/rosidl_typesupport_introspection_c__visibility_control.h
[0.783s] -- Up-to-date: /home/ivan/personal/robotics_ros2/basic_concepts/ros2_ws/install/pubsub_interfaces/lib/libpubsub_interfaces__rosidl_typesupport_introspection_c.so
[0.783s] -- Up-to-date: /home/ivan/personal/robotics_ros2/basic_concepts/ros2_ws/install/pubsub_interfaces/lib/libpubsub_interfaces__rosidl_typesupport_c.so
[0.783s] -- Up-to-date: /home/ivan/personal/robotics_ros2/basic_concepts/ros2_ws/install/pubsub_interfaces/include/pubsub_interfaces/pubsub_interfaces
[0.783s] -- Up-to-date: /home/ivan/personal/robotics_ros2/basic_concepts/ros2_ws/install/pubsub_interfaces/include/pubsub_interfaces/pubsub_interfaces/msg
[0.783s] -- Up-to-date: /home/ivan/personal/robotics_ros2/basic_concepts/ros2_ws/install/pubsub_interfaces/include/pubsub_interfaces/pubsub_interfaces/msg/detail
[0.783s] -- Up-to-date: /home/ivan/personal/robotics_ros2/basic_concepts/ros2_ws/install/pubsub_interfaces/include/pubsub_interfaces/pubsub_interfaces/msg/detail/hardware_status__traits.hpp
[0.784s] -- Up-to-date: /home/ivan/personal/robotics_ros2/basic_concepts/ros2_ws/install/pubsub_interfaces/include/pubsub_interfaces/pubsub_interfaces/msg/detail/hardware_status__builder.hpp
[0.784s] -- Up-to-date: /home/ivan/personal/robotics_ros2/basic_concepts/ros2_ws/install/pubsub_interfaces/include/pubsub_interfaces/pubsub_interfaces/msg/detail/hardware_status__struct.hpp
[0.784s] -- Up-to-date: /home/ivan/personal/robotics_ros2/basic_concepts/ros2_ws/install/pubsub_interfaces/include/pubsub_interfaces/pubsub_interfaces/msg/detail/turtle_pose__traits.hpp
[0.784s] -- Up-to-date: /home/ivan/personal/robotics_ros2/basic_concepts/ros2_ws/install/pubsub_interfaces/include/pubsub_interfaces/pubsub_interfaces/msg/detail/turtle_pose__type_support.hpp
[0.784s] -- Up-to-date: /home/ivan/personal/robotics_ros2/basic_concepts/ros2_ws/install/pubsub_interfaces/include/pubsub_interfaces/pubsub_interfaces/msg/detail/turtle_pose__builder.hpp
[0.784s] -- Up-to-date: /home/ivan/personal/robotics_ros2/basic_concepts/ros2_ws/install/pubsub_interfaces/include/pubsub_interfaces/pubsub_interfaces/msg/detail/turtle_pose__struct.hpp
[0.784s] -- Up-to-date: /home/ivan/personal/robotics_ros2/basic_concepts/ros2_ws/install/pubsub_interfaces/include/pubsub_interfaces/pubsub_interfaces/msg/detail/hardware_status__type_support.hpp
[0.784s] -- Up-to-date: /home/ivan/personal/robotics_ros2/basic_concepts/ros2_ws/install/pubsub_interfaces/include/pubsub_interfaces/pubsub_interfaces/msg/turtle_pose.hpp
[0.784s] -- Up-to-date: /home/ivan/personal/robotics_ros2/basic_concepts/ros2_ws/install/pubsub_interfaces/include/pubsub_interfaces/pubsub_interfaces/msg/rosidl_generator_cpp__visibility_control.hpp
[0.784s] -- Up-to-date: /home/ivan/personal/robotics_ros2/basic_concepts/ros2_ws/install/pubsub_interfaces/include/pubsub_interfaces/pubsub_interfaces/msg/hardware_status.hpp
[0.784s] -- Up-to-date: /home/ivan/personal/robotics_ros2/basic_concepts/ros2_ws/install/pubsub_interfaces/include/pubsub_interfaces/pubsub_interfaces
[0.784s] -- Up-to-date: /home/ivan/personal/robotics_ros2/basic_concepts/ros2_ws/install/pubsub_interfaces/include/pubsub_interfaces/pubsub_interfaces/msg
[0.784s] -- Up-to-date: /home/ivan/personal/robotics_ros2/basic_concepts/ros2_ws/install/pubsub_interfaces/include/pubsub_interfaces/pubsub_interfaces/msg/rosidl_typesupport_fastrtps_cpp__visibility_control.h
[0.785s] -- Up-to-date: /home/ivan/personal/robotics_ros2/basic_concepts/ros2_ws/install/pubsub_interfaces/include/pubsub_interfaces/pubsub_interfaces/msg/detail
[0.785s] -- Up-to-date: /home/ivan/personal/robotics_ros2/basic_concepts/ros2_ws/install/pubsub_interfaces/include/pubsub_interfaces/pubsub_interfaces/msg/detail/dds_fastrtps
[0.785s] -- Up-to-date: /home/ivan/personal/robotics_ros2/basic_concepts/ros2_ws/install/pubsub_interfaces/include/pubsub_interfaces/pubsub_interfaces/msg/detail/hardware_status__rosidl_typesupport_fastrtps_cpp.hpp
[0.785s] -- Up-to-date: /home/ivan/personal/robotics_ros2/basic_concepts/ros2_ws/install/pubsub_interfaces/include/pubsub_interfaces/pubsub_interfaces/msg/detail/turtle_pose__rosidl_typesupport_fastrtps_cpp.hpp
[0.785s] -- Up-to-date: /home/ivan/personal/robotics_ros2/basic_concepts/ros2_ws/install/pubsub_interfaces/lib/libpubsub_interfaces__rosidl_typesupport_fastrtps_cpp.so
[0.785s] -- Up-to-date: /home/ivan/personal/robotics_ros2/basic_concepts/ros2_ws/install/pubsub_interfaces/include/pubsub_interfaces/pubsub_interfaces
[0.785s] -- Up-to-date: /home/ivan/personal/robotics_ros2/basic_concepts/ros2_ws/install/pubsub_interfaces/include/pubsub_interfaces/pubsub_interfaces/msg
[0.785s] -- Up-to-date: /home/ivan/personal/robotics_ros2/basic_concepts/ros2_ws/install/pubsub_interfaces/include/pubsub_interfaces/pubsub_interfaces/msg/detail
[0.785s] -- Up-to-date: /home/ivan/personal/robotics_ros2/basic_concepts/ros2_ws/install/pubsub_interfaces/include/pubsub_interfaces/pubsub_interfaces/msg/detail/hardware_status__type_support.cpp
[0.785s] -- Up-to-date: /home/ivan/personal/robotics_ros2/basic_concepts/ros2_ws/install/pubsub_interfaces/include/pubsub_interfaces/pubsub_interfaces/msg/detail/hardware_status__rosidl_typesupport_introspection_cpp.hpp
[0.785s] -- Up-to-date: /home/ivan/personal/robotics_ros2/basic_concepts/ros2_ws/install/pubsub_interfaces/include/pubsub_interfaces/pubsub_interfaces/msg/detail/turtle_pose__rosidl_typesupport_introspection_cpp.hpp
[0.785s] -- Up-to-date: /home/ivan/personal/robotics_ros2/basic_concepts/ros2_ws/install/pubsub_interfaces/include/pubsub_interfaces/pubsub_interfaces/msg/detail/turtle_pose__type_support.cpp
[0.786s] -- Up-to-date: /home/ivan/personal/robotics_ros2/basic_concepts/ros2_ws/install/pubsub_interfaces/lib/libpubsub_interfaces__rosidl_typesupport_introspection_cpp.so
[0.786s] -- Up-to-date: /home/ivan/personal/robotics_ros2/basic_concepts/ros2_ws/install/pubsub_interfaces/lib/libpubsub_interfaces__rosidl_typesupport_cpp.so
[0.786s] -- Up-to-date: /home/ivan/personal/robotics_ros2/basic_concepts/ros2_ws/install/pubsub_interfaces/share/pubsub_interfaces/environment/pythonpath.sh
[0.786s] -- Up-to-date: /home/ivan/personal/robotics_ros2/basic_concepts/ros2_ws/install/pubsub_interfaces/share/pubsub_interfaces/environment/pythonpath.dsv
[0.786s] -- Up-to-date: /home/ivan/personal/robotics_ros2/basic_concepts/ros2_ws/install/pubsub_interfaces/local/lib/python3.10/dist-packages/pubsub_interfaces-0.0.0-py3.10.egg-info
[0.786s] -- Installing: /home/ivan/personal/robotics_ros2/basic_concepts/ros2_ws/install/pubsub_interfaces/local/lib/python3.10/dist-packages/pubsub_interfaces-0.0.0-py3.10.egg-info/top_level.txt
[0.786s] -- Installing: /home/ivan/personal/robotics_ros2/basic_concepts/ros2_ws/install/pubsub_interfaces/local/lib/python3.10/dist-packages/pubsub_interfaces-0.0.0-py3.10.egg-info/dependency_links.txt
[0.786s] -- Installing: /home/ivan/personal/robotics_ros2/basic_concepts/ros2_ws/install/pubsub_interfaces/local/lib/python3.10/dist-packages/pubsub_interfaces-0.0.0-py3.10.egg-info/PKG-INFO
[0.786s] -- Installing: /home/ivan/personal/robotics_ros2/basic_concepts/ros2_ws/install/pubsub_interfaces/local/lib/python3.10/dist-packages/pubsub_interfaces-0.0.0-py3.10.egg-info/SOURCES.txt
[0.786s] -- Up-to-date: /home/ivan/personal/robotics_ros2/basic_concepts/ros2_ws/install/pubsub_interfaces/local/lib/python3.10/dist-packages/pubsub_interfaces
[0.786s] -- Up-to-date: /home/ivan/personal/robotics_ros2/basic_concepts/ros2_ws/install/pubsub_interfaces/local/lib/python3.10/dist-packages/pubsub_interfaces/pubsub_interfaces_s__rosidl_typesupport_c.cpython-310-x86_64-linux-gnu.so
[0.786s] -- Up-to-date: /home/ivan/personal/robotics_ros2/basic_concepts/ros2_ws/install/pubsub_interfaces/local/lib/python3.10/dist-packages/pubsub_interfaces/_pubsub_interfaces_s.ep.rosidl_typesupport_c.c
[0.787s] -- Up-to-date: /home/ivan/personal/robotics_ros2/basic_concepts/ros2_ws/install/pubsub_interfaces/local/lib/python3.10/dist-packages/pubsub_interfaces/libpubsub_interfaces__rosidl_generator_py.so
[0.787s] -- Up-to-date: /home/ivan/personal/robotics_ros2/basic_concepts/ros2_ws/install/pubsub_interfaces/local/lib/python3.10/dist-packages/pubsub_interfaces/_pubsub_interfaces_s.ep.rosidl_typesupport_introspection_c.c
[0.787s] -- Up-to-date: /home/ivan/personal/robotics_ros2/basic_concepts/ros2_ws/install/pubsub_interfaces/local/lib/python3.10/dist-packages/pubsub_interfaces/_pubsub_interfaces_s.ep.rosidl_typesupport_fastrtps_c.c
[0.787s] -- Up-to-date: /home/ivan/personal/robotics_ros2/basic_concepts/ros2_ws/install/pubsub_interfaces/local/lib/python3.10/dist-packages/pubsub_interfaces/pubsub_interfaces_s__rosidl_typesupport_fastrtps_c.cpython-310-x86_64-linux-gnu.so
[0.787s] -- Up-to-date: /home/ivan/personal/robotics_ros2/basic_concepts/ros2_ws/install/pubsub_interfaces/local/lib/python3.10/dist-packages/pubsub_interfaces/msg
[0.787s] -- Up-to-date: /home/ivan/personal/robotics_ros2/basic_concepts/ros2_ws/install/pubsub_interfaces/local/lib/python3.10/dist-packages/pubsub_interfaces/msg/_turtle_pose_s.c
[0.787s] -- Up-to-date: /home/ivan/personal/robotics_ros2/basic_concepts/ros2_ws/install/pubsub_interfaces/local/lib/python3.10/dist-packages/pubsub_interfaces/msg/_turtle_pose.py
[0.787s] -- Up-to-date: /home/ivan/personal/robotics_ros2/basic_concepts/ros2_ws/install/pubsub_interfaces/local/lib/python3.10/dist-packages/pubsub_interfaces/msg/_hardware_status.py
[0.787s] -- Up-to-date: /home/ivan/personal/robotics_ros2/basic_concepts/ros2_ws/install/pubsub_interfaces/local/lib/python3.10/dist-packages/pubsub_interfaces/msg/_hardware_status_s.c
[0.787s] -- Up-to-date: /home/ivan/personal/robotics_ros2/basic_concepts/ros2_ws/install/pubsub_interfaces/local/lib/python3.10/dist-packages/pubsub_interfaces/msg/__init__.py
[0.787s] -- Up-to-date: /home/ivan/personal/robotics_ros2/basic_concepts/ros2_ws/install/pubsub_interfaces/local/lib/python3.10/dist-packages/pubsub_interfaces/pubsub_interfaces_s__rosidl_typesupport_introspection_c.cpython-310-x86_64-linux-gnu.so
[0.787s] -- Up-to-date: /home/ivan/personal/robotics_ros2/basic_concepts/ros2_ws/install/pubsub_interfaces/local/lib/python3.10/dist-packages/pubsub_interfaces/__init__.py
[0.820s] Listing '/home/ivan/personal/robotics_ros2/basic_concepts/ros2_ws/install/pubsub_interfaces/local/lib/python3.10/dist-packages/pubsub_interfaces'...
[0.821s] Listing '/home/ivan/personal/robotics_ros2/basic_concepts/ros2_ws/install/pubsub_interfaces/local/lib/python3.10/dist-packages/pubsub_interfaces/msg'...
[0.825s] -- Up-to-date: /home/ivan/personal/robotics_ros2/basic_concepts/ros2_ws/install/pubsub_interfaces/local/lib/python3.10/dist-packages/pubsub_interfaces/pubsub_interfaces_s__rosidl_typesupport_fastrtps_c.cpython-310-x86_64-linux-gnu.so
[0.825s] -- Up-to-date: /home/ivan/personal/robotics_ros2/basic_concepts/ros2_ws/install/pubsub_interfaces/local/lib/python3.10/dist-packages/pubsub_interfaces/pubsub_interfaces_s__rosidl_typesupport_introspection_c.cpython-310-x86_64-linux-gnu.so
[0.825s] -- Up-to-date: /home/ivan/personal/robotics_ros2/basic_concepts/ros2_ws/install/pubsub_interfaces/local/lib/python3.10/dist-packages/pubsub_interfaces/pubsub_interfaces_s__rosidl_typesupport_c.cpython-310-x86_64-linux-gnu.so
[0.826s] -- Up-to-date: /home/ivan/personal/robotics_ros2/basic_concepts/ros2_ws/install/pubsub_interfaces/lib/libpubsub_interfaces__rosidl_generator_py.so
[0.826s] -- Up-to-date: /home/ivan/personal/robotics_ros2/basic_concepts/ros2_ws/install/pubsub_interfaces/share/pubsub_interfaces/msg/HardwareStatus.idl
[0.827s] -- Up-to-date: /home/ivan/personal/robotics_ros2/basic_concepts/ros2_ws/install/pubsub_interfaces/share/pubsub_interfaces/msg/TurtlePose.idl
[0.827s] -- Up-to-date: /home/ivan/personal/robotics_ros2/basic_concepts/ros2_ws/install/pubsub_interfaces/share/pubsub_interfaces/msg/HardwareStatus.msg
[0.827s] -- Up-to-date: /home/ivan/personal/robotics_ros2/basic_concepts/ros2_ws/install/pubsub_interfaces/share/pubsub_interfaces/msg/TurtlePose.msg
[0.827s] -- Up-to-date: /home/ivan/personal/robotics_ros2/basic_concepts/ros2_ws/install/pubsub_interfaces/share/ament_index/resource_index/package_run_dependencies/pubsub_interfaces
[0.828s] -- Up-to-date: /home/ivan/personal/robotics_ros2/basic_concepts/ros2_ws/install/pubsub_interfaces/share/ament_index/resource_index/parent_prefix_path/pubsub_interfaces
[0.828s] -- Up-to-date: /home/ivan/personal/robotics_ros2/basic_concepts/ros2_ws/install/pubsub_interfaces/share/pubsub_interfaces/environment/ament_prefix_path.sh
[0.828s] -- Up-to-date: /home/ivan/personal/robotics_ros2/basic_concepts/ros2_ws/install/pubsub_interfaces/share/pubsub_interfaces/environment/ament_prefix_path.dsv
[0.828s] -- Up-to-date: /home/ivan/personal/robotics_ros2/basic_concepts/ros2_ws/install/pubsub_interfaces/share/pubsub_interfaces/environment/path.sh
[0.829s] -- Up-to-date: /home/ivan/personal/robotics_ros2/basic_concepts/ros2_ws/install/pubsub_interfaces/share/pubsub_interfaces/environment/path.dsv
[0.829s] -- Up-to-date: /home/ivan/personal/robotics_ros2/basic_concepts/ros2_ws/install/pubsub_interfaces/share/pubsub_interfaces/local_setup.bash
[0.829s] -- Up-to-date: /home/ivan/personal/robotics_ros2/basic_concepts/ros2_ws/install/pubsub_interfaces/share/pubsub_interfaces/local_setup.sh
[0.829s] -- Up-to-date: /home/ivan/personal/robotics_ros2/basic_concepts/ros2_ws/install/pubsub_interfaces/share/pubsub_interfaces/local_setup.zsh
[0.829s] -- Up-to-date: /home/ivan/personal/robotics_ros2/basic_concepts/ros2_ws/install/pubsub_interfaces/share/pubsub_interfaces/local_setup.dsv
[0.829s] -- Installing: /home/ivan/personal/robotics_ros2/basic_concepts/ros2_ws/install/pubsub_interfaces/share/pubsub_interfaces/package.dsv
[0.829s] -- Up-to-date: /home/ivan/personal/robotics_ros2/basic_concepts/ros2_ws/install/pubsub_interfaces/share/ament_index/resource_index/packages/pubsub_interfaces
[0.830s] -- Up-to-date: /home/ivan/personal/robotics_ros2/basic_concepts/ros2_ws/install/pubsub_interfaces/share/pubsub_interfaces/cmake/export_pubsub_interfaces__rosidl_generator_cExport.cmake
[0.830s] -- Up-to-date: /home/ivan/personal/robotics_ros2/basic_concepts/ros2_ws/install/pubsub_interfaces/share/pubsub_interfaces/cmake/export_pubsub_interfaces__rosidl_generator_cExport-noconfig.cmake
[0.830s] -- Up-to-date: /home/ivan/personal/robotics_ros2/basic_concepts/ros2_ws/install/pubsub_interfaces/share/pubsub_interfaces/cmake/export_pubsub_interfaces__rosidl_typesupport_fastrtps_cExport.cmake
[0.831s] -- Up-to-date: /home/ivan/personal/robotics_ros2/basic_concepts/ros2_ws/install/pubsub_interfaces/share/pubsub_interfaces/cmake/export_pubsub_interfaces__rosidl_typesupport_fastrtps_cExport-noconfig.cmake
[0.831s] -- Up-to-date: /home/ivan/personal/robotics_ros2/basic_concepts/ros2_ws/install/pubsub_interfaces/share/pubsub_interfaces/cmake/pubsub_interfaces__rosidl_typesupport_introspection_cExport.cmake
[0.836s] -- Up-to-date: /home/ivan/personal/robotics_ros2/basic_concepts/ros2_ws/install/pubsub_interfaces/share/pubsub_interfaces/cmake/pubsub_interfaces__rosidl_typesupport_introspection_cExport-noconfig.cmake
[0.837s] -- Up-to-date: /home/ivan/personal/robotics_ros2/basic_concepts/ros2_ws/install/pubsub_interfaces/share/pubsub_interfaces/cmake/pubsub_interfaces__rosidl_typesupport_cExport.cmake
[0.837s] -- Up-to-date: /home/ivan/personal/robotics_ros2/basic_concepts/ros2_ws/install/pubsub_interfaces/share/pubsub_interfaces/cmake/pubsub_interfaces__rosidl_typesupport_cExport-noconfig.cmake
[0.837s] -- Up-to-date: /home/ivan/personal/robotics_ros2/basic_concepts/ros2_ws/install/pubsub_interfaces/share/pubsub_interfaces/cmake/export_pubsub_interfaces__rosidl_generator_cppExport.cmake
[0.837s] -- Up-to-date: /home/ivan/personal/robotics_ros2/basic_concepts/ros2_ws/install/pubsub_interfaces/share/pubsub_interfaces/cmake/export_pubsub_interfaces__rosidl_typesupport_fastrtps_cppExport.cmake
[0.838s] -- Up-to-date: /home/ivan/personal/robotics_ros2/basic_concepts/ros2_ws/install/pubsub_interfaces/share/pubsub_interfaces/cmake/export_pubsub_interfaces__rosidl_typesupport_fastrtps_cppExport-noconfig.cmake
[0.838s] -- Up-to-date: /home/ivan/personal/robotics_ros2/basic_concepts/ros2_ws/install/pubsub_interfaces/share/pubsub_interfaces/cmake/pubsub_interfaces__rosidl_typesupport_introspection_cppExport.cmake
[0.838s] -- Up-to-date: /home/ivan/personal/robotics_ros2/basic_concepts/ros2_ws/install/pubsub_interfaces/share/pubsub_interfaces/cmake/pubsub_interfaces__rosidl_typesupport_introspection_cppExport-noconfig.cmake
[0.838s] -- Up-to-date: /home/ivan/personal/robotics_ros2/basic_concepts/ros2_ws/install/pubsub_interfaces/share/pubsub_interfaces/cmake/pubsub_interfaces__rosidl_typesupport_cppExport.cmake
[0.838s] -- Up-to-date: /home/ivan/personal/robotics_ros2/basic_concepts/ros2_ws/install/pubsub_interfaces/share/pubsub_interfaces/cmake/pubsub_interfaces__rosidl_typesupport_cppExport-noconfig.cmake
[0.838s] -- Up-to-date: /home/ivan/personal/robotics_ros2/basic_concepts/ros2_ws/install/pubsub_interfaces/share/pubsub_interfaces/cmake/export_pubsub_interfaces__rosidl_generator_pyExport.cmake
[0.839s] -- Up-to-date: /home/ivan/personal/robotics_ros2/basic_concepts/ros2_ws/install/pubsub_interfaces/share/pubsub_interfaces/cmake/export_pubsub_interfaces__rosidl_generator_pyExport-noconfig.cmake
[0.839s] -- Up-to-date: /home/ivan/personal/robotics_ros2/basic_concepts/ros2_ws/install/pubsub_interfaces/share/pubsub_interfaces/cmake/rosidl_cmake-extras.cmake
[0.839s] -- Up-to-date: /home/ivan/personal/robotics_ros2/basic_concepts/ros2_ws/install/pubsub_interfaces/share/pubsub_interfaces/cmake/ament_cmake_export_include_directories-extras.cmake
[0.839s] -- Up-to-date: /home/ivan/personal/robotics_ros2/basic_concepts/ros2_ws/install/pubsub_interfaces/share/pubsub_interfaces/cmake/ament_cmake_export_libraries-extras.cmake
[0.839s] -- Up-to-date: /home/ivan/personal/robotics_ros2/basic_concepts/ros2_ws/install/pubsub_interfaces/share/pubsub_interfaces/cmake/ament_cmake_export_targets-extras.cmake
[0.839s] -- Up-to-date: /home/ivan/personal/robotics_ros2/basic_concepts/ros2_ws/install/pubsub_interfaces/share/pubsub_interfaces/cmake/rosidl_cmake_export_typesupport_targets-extras.cmake
[0.840s] -- Up-to-date: /home/ivan/personal/robotics_ros2/basic_concepts/ros2_ws/install/pubsub_interfaces/share/pubsub_interfaces/cmake/ament_cmake_export_dependencies-extras.cmake
[0.840s] -- Up-to-date: /home/ivan/personal/robotics_ros2/basic_concepts/ros2_ws/install/pubsub_interfaces/share/pubsub_interfaces/cmake/rosidl_cmake_export_typesupport_libraries-extras.cmake
[0.840s] -- Up-to-date: /home/ivan/personal/robotics_ros2/basic_concepts/ros2_ws/install/pubsub_interfaces/share/pubsub_interfaces/cmake/pubsub_interfacesConfig.cmake
[0.840s] -- Up-to-date: /home/ivan/personal/robotics_ros2/basic_concepts/ros2_ws/install/pubsub_interfaces/share/pubsub_interfaces/cmake/pubsub_interfacesConfig-version.cmake
[0.841s] -- Up-to-date: /home/ivan/personal/robotics_ros2/basic_concepts/ros2_ws/install/pubsub_interfaces/share/pubsub_interfaces/package.xml
[0.842s] Invoked command in '/home/ivan/personal/robotics_ros2/basic_concepts/ros2_ws/build/pubsub_interfaces' returned '0': CMAKE_PREFIX_PATH=${CMAKE_PREFIX_PATH}:/home/ivan/personal/robotics_ros2/basic_concepts/ros2_ws/install/turtle_controller:/home/ivan/personal/robotics_ros2/basic_concepts/ros2_ws/install/pubsub_custom:/home/ivan/personal/robotics_ros2/basic_concepts/ros2_ws/install/pubsub_img_pkg:/home/ivan/personal/robotics_ros2/basic_concepts/ros2_ws/install/pubsub_pkg:/opt/ros/humble /usr/bin/cmake --install /home/ivan/personal/robotics_ros2/basic_concepts/ros2_ws/build/pubsub_interfaces
