[0.490s] Invoking command in '/home/ivan/personal/robotics_ros2/robotics_programming/build/nav2_mobile_robot': PYTHONPATH=/home/ivan/personal/robotics_ros2/robotics_programming/build/nav2_mobile_robot/prefix_override:/usr/lib/python3/dist-packages/colcon_core/task/python/colcon_distutils_commands:/home/ivan/personal/robotics_ros2/robotics_programming/install/nav2_mobile_robot/lib/python3.10/site-packages:${PYTHONPATH} /usr/bin/python3 -W ignore:setup.py install is deprecated -W ignore:easy_install command is deprecated setup.py develop --editable --build-directory /home/ivan/personal/robotics_ros2/robotics_programming/build/nav2_mobile_robot/build --no-deps symlink_data
[0.697s] running develop
[0.832s] running egg_info
[0.832s] creating nav2_mobile_robot.egg-info
[0.832s] writing nav2_mobile_robot.egg-info/PKG-INFO
[0.832s] writing dependency_links to nav2_mobile_robot.egg-info/dependency_links.txt
[0.832s] writing entry points to nav2_mobile_robot.egg-info/entry_points.txt
[0.832s] writing requirements to nav2_mobile_robot.egg-info/requires.txt
[0.833s] writing top-level names to nav2_mobile_robot.egg-info/top_level.txt
[0.833s] writing manifest file 'nav2_mobile_robot.egg-info/SOURCES.txt'
[0.834s] reading manifest file 'nav2_mobile_robot.egg-info/SOURCES.txt'
[0.834s] writing manifest file 'nav2_mobile_robot.egg-info/SOURCES.txt'
[0.835s] running build_ext
[0.836s] Creating /home/ivan/personal/robotics_ros2/robotics_programming/install/nav2_mobile_robot/lib/python3.10/site-packages/nav2-mobile-robot.egg-link (link to .)
[0.836s] 
[0.836s] Installed /home/ivan/personal/robotics_ros2/robotics_programming/build/nav2_mobile_robot
[0.836s] running symlink_data
[0.836s] creating /home/ivan/personal/robotics_ros2/robotics_programming/install/nav2_mobile_robot/share/ament_index
[0.836s] creating /home/ivan/personal/robotics_ros2/robotics_programming/install/nav2_mobile_robot/share/ament_index/resource_index
[0.836s] creating /home/ivan/personal/robotics_ros2/robotics_programming/install/nav2_mobile_robot/share/ament_index/resource_index/packages
[0.836s] symbolically linking /home/ivan/personal/robotics_ros2/robotics_programming/build/nav2_mobile_robot/resource/nav2_mobile_robot -> /home/ivan/personal/robotics_ros2/robotics_programming/install/nav2_mobile_robot/share/ament_index/resource_index/packages
[0.836s] symbolically linking /home/ivan/personal/robotics_ros2/robotics_programming/build/nav2_mobile_robot/package.xml -> /home/ivan/personal/robotics_ros2/robotics_programming/install/nav2_mobile_robot/share/nav2_mobile_robot
[0.837s] creating /home/ivan/personal/robotics_ros2/robotics_programming/install/nav2_mobile_robot/share/nav2_mobile_robot/urdf
[0.837s] symbolically linking /home/ivan/personal/robotics_ros2/robotics_programming/build/nav2_mobile_robot/urdf/nav2_mobile_robot.xacro -> /home/ivan/personal/robotics_ros2/robotics_programming/install/nav2_mobile_robot/share/nav2_mobile_robot/urdf
[0.837s] symbolically linking /home/ivan/personal/robotics_ros2/robotics_programming/build/nav2_mobile_robot/urdf/nav2_mobile_robot_macro.xacro -> /home/ivan/personal/robotics_ros2/robotics_programming/install/nav2_mobile_robot/share/nav2_mobile_robot/urdf
[0.837s] creating /home/ivan/personal/robotics_ros2/robotics_programming/install/nav2_mobile_robot/share/nav2_mobile_robot/launch
[0.837s] symbolically linking /home/ivan/personal/robotics_ros2/robotics_programming/build/nav2_mobile_robot/launch/display.launch.py -> /home/ivan/personal/robotics_ros2/robotics_programming/install/nav2_mobile_robot/share/nav2_mobile_robot/launch
[0.858s] Invoked command in '/home/ivan/personal/robotics_ros2/robotics_programming/build/nav2_mobile_robot' returned '0': PYTHONPATH=/home/ivan/personal/robotics_ros2/robotics_programming/build/nav2_mobile_robot/prefix_override:/usr/lib/python3/dist-packages/colcon_core/task/python/colcon_distutils_commands:/home/ivan/personal/robotics_ros2/robotics_programming/install/nav2_mobile_robot/lib/python3.10/site-packages:${PYTHONPATH} /usr/bin/python3 -W ignore:setup.py install is deprecated -W ignore:easy_install command is deprecated setup.py develop --editable --build-directory /home/ivan/personal/robotics_ros2/robotics_programming/build/nav2_mobile_robot/build --no-deps symlink_data
