running develop
Removing /home/ivan/personal/robotics_ros2/robotics_programming/install/nav2_mobile_robot/lib/python3.10/site-packages/nav2-mobile-robot.egg-link (link to .)
running egg_info
writing ../../build/nav2_mobile_robot/nav2_mobile_robot.egg-info/PKG-INFO
writing dependency_links to ../../build/nav2_mobile_robot/nav2_mobile_robot.egg-info/dependency_links.txt
writing entry points to ../../build/nav2_mobile_robot/nav2_mobile_robot.egg-info/entry_points.txt
writing requirements to ../../build/nav2_mobile_robot/nav2_mobile_robot.egg-info/requires.txt
writing top-level names to ../../build/nav2_mobile_robot/nav2_mobile_robot.egg-info/top_level.txt
reading manifest file '../../build/nav2_mobile_robot/nav2_mobile_robot.egg-info/SOURCES.txt'
writing manifest file '../../build/nav2_mobile_robot/nav2_mobile_robot.egg-info/SOURCES.txt'
running build
running build_py
creating /home/ivan/personal/robotics_ros2/robotics_programming/build/nav2_mobile_robot/build
creating /home/ivan/personal/robotics_ros2/robotics_programming/build/nav2_mobile_robot/build/lib
creating /home/ivan/personal/robotics_ros2/robotics_programming/build/nav2_mobile_robot/build/lib/nav2_mobile_robot
copying nav2_mobile_robot/__init__.py -> /home/ivan/personal/robotics_ros2/robotics_programming/build/nav2_mobile_robot/build/lib/nav2_mobile_robot
running install
running install_lib
creating /home/ivan/personal/robotics_ros2/robotics_programming/install/nav2_mobile_robot/lib/python3.10/site-packages/nav2_mobile_robot
copying /home/ivan/personal/robotics_ros2/robotics_programming/build/nav2_mobile_robot/build/lib/nav2_mobile_robot/__init__.py -> /home/ivan/personal/robotics_ros2/robotics_programming/install/nav2_mobile_robot/lib/python3.10/site-packages/nav2_mobile_robot
byte-compiling /home/ivan/personal/robotics_ros2/robotics_programming/install/nav2_mobile_robot/lib/python3.10/site-packages/nav2_mobile_robot/__init__.py to __init__.cpython-310.pyc
running install_data
copying resource/nav2_mobile_robot -> /home/ivan/personal/robotics_ros2/robotics_programming/install/nav2_mobile_robot/share/ament_index/resource_index/packages
copying package.xml -> /home/ivan/personal/robotics_ros2/robotics_programming/install/nav2_mobile_robot/share/nav2_mobile_robot
copying urdf/nav2_mobile_robot.xacro -> /home/ivan/personal/robotics_ros2/robotics_programming/install/nav2_mobile_robot/share/nav2_mobile_robot/urdf
copying urdf/nav2_mobile_robot_macro.xacro -> /home/ivan/personal/robotics_ros2/robotics_programming/install/nav2_mobile_robot/share/nav2_mobile_robot/urdf
copying launch/display.launch.py -> /home/ivan/personal/robotics_ros2/robotics_programming/install/nav2_mobile_robot/share/nav2_mobile_robot/launch
running install_egg_info
Copying ../../build/nav2_mobile_robot/nav2_mobile_robot.egg-info to /home/ivan/personal/robotics_ros2/robotics_programming/install/nav2_mobile_robot/lib/python3.10/site-packages/nav2_mobile_robot-0.0.0-py3.10.egg-info
running install_scripts
writing list of installed files to '/home/ivan/personal/robotics_ros2/robotics_programming/build/nav2_mobile_robot/install.log'
