[1.694s] Invoking command in '/home/ivan/personal/robotics_ros2/robotics_programming/build/nav2_mobile_robot': PYTHONPATH=/home/ivan/personal/robotics_ros2/robotics_programming/build/nav2_mobile_robot/prefix_override:/usr/lib/python3/dist-packages/colcon_core/task/python/colcon_distutils_commands:/home/ivan/personal/robotics_ros2/robotics_programming/install/nav2_mobile_robot/lib/python3.10/site-packages:${PYTHONPATH} /usr/bin/python3 -W ignore:setup.py install is deprecated -W ignore:easy_install command is deprecated setup.py develop --uninstall --editable --build-directory /home/ivan/personal/robotics_ros2/robotics_programming/build/nav2_mobile_robot/build
[2.089s] running develop
[2.369s] Removing /home/ivan/personal/robotics_ros2/robotics_programming/install/nav2_mobile_robot/lib/python3.10/site-packages/nav2-mobile-robot.egg-link (link to .)
[2.390s] Invoked command in '/home/ivan/personal/robotics_ros2/robotics_programming/build/nav2_mobile_robot' returned '0': PYTHONPATH=/home/ivan/personal/robotics_ros2/robotics_programming/build/nav2_mobile_robot/prefix_override:/usr/lib/python3/dist-packages/colcon_core/task/python/colcon_distutils_commands:/home/ivan/personal/robotics_ros2/robotics_programming/install/nav2_mobile_robot/lib/python3.10/site-packages:${PYTHONPATH} /usr/bin/python3 -W ignore:setup.py install is deprecated -W ignore:easy_install command is deprecated setup.py develop --uninstall --editable --build-directory /home/ivan/personal/robotics_ros2/robotics_programming/build/nav2_mobile_robot/build
[2.392s] Invoking command in '/home/ivan/personal/robotics_ros2/robotics_programming/src/nav2_mobile_robot': PYTHONPATH=/home/ivan/personal/robotics_ros2/robotics_programming/build/nav2_mobile_robot/prefix_override:/usr/lib/python3/dist-packages/colcon_core/task/python/colcon_distutils_commands:/home/ivan/personal/robotics_ros2/robotics_programming/install/nav2_mobile_robot/lib/python3.10/site-packages:${PYTHONPATH} /usr/bin/python3 -W ignore:setup.py install is deprecated -W ignore:easy_install command is deprecated setup.py egg_info --egg-base ../../build/nav2_mobile_robot build --build-base /home/ivan/personal/robotics_ros2/robotics_programming/build/nav2_mobile_robot/build install --record /home/ivan/personal/robotics_ros2/robotics_programming/build/nav2_mobile_robot/install.log --single-version-externally-managed install_data --force
[2.591s] running egg_info
[2.591s] writing ../../build/nav2_mobile_robot/nav2_mobile_robot.egg-info/PKG-INFO
[2.592s] writing dependency_links to ../../build/nav2_mobile_robot/nav2_mobile_robot.egg-info/dependency_links.txt
[2.592s] writing entry points to ../../build/nav2_mobile_robot/nav2_mobile_robot.egg-info/entry_points.txt
[2.592s] writing requirements to ../../build/nav2_mobile_robot/nav2_mobile_robot.egg-info/requires.txt
[2.592s] writing top-level names to ../../build/nav2_mobile_robot/nav2_mobile_robot.egg-info/top_level.txt
[2.593s] reading manifest file '../../build/nav2_mobile_robot/nav2_mobile_robot.egg-info/SOURCES.txt'
[2.594s] writing manifest file '../../build/nav2_mobile_robot/nav2_mobile_robot.egg-info/SOURCES.txt'
[2.594s] running build
[2.594s] running build_py
[2.594s] creating /home/ivan/personal/robotics_ros2/robotics_programming/build/nav2_mobile_robot/build
[2.595s] creating /home/ivan/personal/robotics_ros2/robotics_programming/build/nav2_mobile_robot/build/lib
[2.595s] creating /home/ivan/personal/robotics_ros2/robotics_programming/build/nav2_mobile_robot/build/lib/nav2_mobile_robot
[2.595s] copying nav2_mobile_robot/__init__.py -> /home/ivan/personal/robotics_ros2/robotics_programming/build/nav2_mobile_robot/build/lib/nav2_mobile_robot
[2.595s] running install
[2.595s] running install_lib
[2.596s] creating /home/ivan/personal/robotics_ros2/robotics_programming/install/nav2_mobile_robot/lib/python3.10/site-packages/nav2_mobile_robot
[2.597s] copying /home/ivan/personal/robotics_ros2/robotics_programming/build/nav2_mobile_robot/build/lib/nav2_mobile_robot/__init__.py -> /home/ivan/personal/robotics_ros2/robotics_programming/install/nav2_mobile_robot/lib/python3.10/site-packages/nav2_mobile_robot
[2.597s] byte-compiling /home/ivan/personal/robotics_ros2/robotics_programming/install/nav2_mobile_robot/lib/python3.10/site-packages/nav2_mobile_robot/__init__.py to __init__.cpython-310.pyc
[2.597s] running install_data
[2.597s] copying resource/nav2_mobile_robot -> /home/ivan/personal/robotics_ros2/robotics_programming/install/nav2_mobile_robot/share/ament_index/resource_index/packages
[2.598s] copying package.xml -> /home/ivan/personal/robotics_ros2/robotics_programming/install/nav2_mobile_robot/share/nav2_mobile_robot
[2.598s] copying urdf/nav2_mobile_robot.xacro -> /home/ivan/personal/robotics_ros2/robotics_programming/install/nav2_mobile_robot/share/nav2_mobile_robot/urdf
[2.598s] copying urdf/nav2_mobile_robot_macro.xacro -> /home/ivan/personal/robotics_ros2/robotics_programming/install/nav2_mobile_robot/share/nav2_mobile_robot/urdf
[2.598s] copying launch/display.launch.py -> /home/ivan/personal/robotics_ros2/robotics_programming/install/nav2_mobile_robot/share/nav2_mobile_robot/launch
[2.598s] running install_egg_info
[2.599s] Copying ../../build/nav2_mobile_robot/nav2_mobile_robot.egg-info to /home/ivan/personal/robotics_ros2/robotics_programming/install/nav2_mobile_robot/lib/python3.10/site-packages/nav2_mobile_robot-0.0.0-py3.10.egg-info
[2.600s] running install_scripts
[2.621s] writing list of installed files to '/home/ivan/personal/robotics_ros2/robotics_programming/build/nav2_mobile_robot/install.log'
[2.644s] Invoked command in '/home/ivan/personal/robotics_ros2/robotics_programming/src/nav2_mobile_robot' returned '0': PYTHONPATH=/home/ivan/personal/robotics_ros2/robotics_programming/build/nav2_mobile_robot/prefix_override:/usr/lib/python3/dist-packages/colcon_core/task/python/colcon_distutils_commands:/home/ivan/personal/robotics_ros2/robotics_programming/install/nav2_mobile_robot/lib/python3.10/site-packages:${PYTHONPATH} /usr/bin/python3 -W ignore:setup.py install is deprecated -W ignore:easy_install command is deprecated setup.py egg_info --egg-base ../../build/nav2_mobile_robot build --build-base /home/ivan/personal/robotics_ros2/robotics_programming/build/nav2_mobile_robot/build install --record /home/ivan/personal/robotics_ros2/robotics_programming/build/nav2_mobile_robot/install.log --single-version-externally-managed install_data --force
