[0.022s] Invoking command in '/home/ivan/personal/robotics_ros2/robotics_programming/build/usb_cam_launch': CMAKE_PREFIX_PATH=${CMAKE_PREFIX_PATH}:/home/ivan/personal/robotics_ros2/robotics_programming/install/usb_camera_reader:/opt/ros/humble /usr/bin/cmake --build /home/ivan/personal/robotics_ros2/robotics_programming/build/usb_cam_launch -- -j12 -l12
[0.263s] Invoked command in '/home/ivan/personal/robotics_ros2/robotics_programming/build/usb_cam_launch' returned '0': CMAKE_PREFIX_PATH=${CMAKE_PREFIX_PATH}:/home/ivan/personal/robotics_ros2/robotics_programming/install/usb_camera_reader:/opt/ros/humble /usr/bin/cmake --build /home/ivan/personal/robotics_ros2/robotics_programming/build/usb_cam_launch -- -j12 -l12
[0.271s] Invoking command in '/home/ivan/personal/robotics_ros2/robotics_programming/build/usb_cam_launch': CMAKE_PREFIX_PATH=${CMAKE_PREFIX_PATH}:/home/ivan/personal/robotics_ros2/robotics_programming/install/usb_camera_reader:/opt/ros/humble /usr/bin/cmake --install /home/ivan/personal/robotics_ros2/robotics_programming/build/usb_cam_launch
[0.278s] -- Install configuration: ""
[0.278s] -- Execute custom install script
[0.279s] -- Up-to-date symlink: /home/ivan/personal/robotics_ros2/robotics_programming/install/usb_cam_launch/share/usb_cam_launch/launch/usb_cam_launch.py
[0.279s] -- Up-to-date symlink: /home/ivan/personal/robotics_ros2/robotics_programming/install/usb_cam_launch/share/usb_cam_launch/config/cam_parameters.yaml
[0.279s] -- Up-to-date symlink: /home/ivan/personal/robotics_ros2/robotics_programming/install/usb_cam_launch/share/ament_index/resource_index/package_run_dependencies/usb_cam_launch
[0.280s] -- Up-to-date symlink: /home/ivan/personal/robotics_ros2/robotics_programming/install/usb_cam_launch/share/ament_index/resource_index/parent_prefix_path/usb_cam_launch
[0.280s] -- Up-to-date symlink: /home/ivan/personal/robotics_ros2/robotics_programming/install/usb_cam_launch/share/usb_cam_launch/environment/ament_prefix_path.sh
[0.280s] -- Up-to-date symlink: /home/ivan/personal/robotics_ros2/robotics_programming/install/usb_cam_launch/share/usb_cam_launch/environment/ament_prefix_path.dsv
[0.280s] -- Up-to-date symlink: /home/ivan/personal/robotics_ros2/robotics_programming/install/usb_cam_launch/share/usb_cam_launch/environment/path.sh
[0.281s] -- Up-to-date symlink: /home/ivan/personal/robotics_ros2/robotics_programming/install/usb_cam_launch/share/usb_cam_launch/environment/path.dsv
[0.281s] -- Up-to-date symlink: /home/ivan/personal/robotics_ros2/robotics_programming/install/usb_cam_launch/share/usb_cam_launch/local_setup.bash
[0.281s] -- Up-to-date symlink: /home/ivan/personal/robotics_ros2/robotics_programming/install/usb_cam_launch/share/usb_cam_launch/local_setup.sh
[0.281s] -- Up-to-date symlink: /home/ivan/personal/robotics_ros2/robotics_programming/install/usb_cam_launch/share/usb_cam_launch/local_setup.zsh
[0.282s] -- Up-to-date symlink: /home/ivan/personal/robotics_ros2/robotics_programming/install/usb_cam_launch/share/usb_cam_launch/local_setup.dsv
[0.282s] -- Symlinking: /home/ivan/personal/robotics_ros2/robotics_programming/install/usb_cam_launch/share/usb_cam_launch/package.dsv
[0.289s] -- Up-to-date symlink: /home/ivan/personal/robotics_ros2/robotics_programming/install/usb_cam_launch/share/ament_index/resource_index/packages/usb_cam_launch
[0.289s] -- Up-to-date symlink: /home/ivan/personal/robotics_ros2/robotics_programming/install/usb_cam_launch/share/usb_cam_launch/cmake/usb_cam_launchConfig.cmake
[0.289s] -- Up-to-date symlink: /home/ivan/personal/robotics_ros2/robotics_programming/install/usb_cam_launch/share/usb_cam_launch/cmake/usb_cam_launchConfig-version.cmake
[0.289s] -- Up-to-date symlink: /home/ivan/personal/robotics_ros2/robotics_programming/install/usb_cam_launch/share/usb_cam_launch/package.xml
[0.291s] Invoked command in '/home/ivan/personal/robotics_ros2/robotics_programming/build/usb_cam_launch' returned '0': CMAKE_PREFIX_PATH=${CMAKE_PREFIX_PATH}:/home/ivan/personal/robotics_ros2/robotics_programming/install/usb_camera_reader:/opt/ros/humble /usr/bin/cmake --install /home/ivan/personal/robotics_ros2/robotics_programming/build/usb_cam_launch
