[0.014s] Invoking command in '/home/ivan/personal/robotics_ros2/basic_concepts/ros2_ws/build/pubsub_interfaces': /usr/bin/cmake /home/ivan/personal/robotics_ros2/basic_concepts/ros2_ws/src/pubsub_interfaces -DCMAKE_INSTALL_PREFIX=/home/ivan/personal/robotics_ros2/basic_concepts/ros2_ws/install/pubsub_interfaces
[0.205s] -- The C compiler identification is GNU 11.4.0
[0.526s] -- The CXX compiler identification is GNU 11.4.0
[0.720s] -- Detecting C compiler ABI info
[0.824s] -- Detecting C compiler ABI info - done
[0.828s] -- Check for working C compiler: /usr/bin/cc - skipped
[0.830s] -- Detecting C compile features
[0.831s] -- Detecting C compile features - done
[0.838s] -- Detecting CXX compiler ABI info
[0.945s] -- Detecting CXX compiler ABI info - done
[0.951s] -- Check for working CXX compiler: /usr/bin/c++ - skipped
[0.951s] -- Detecting CXX compile features
[0.951s] -- Detecting CXX compile features - done
[0.964s] -- Found ament_cmake: 1.3.11 (/opt/ros/humble/share/ament_cmake/cmake)
[1.095s] -- Found Python3: /usr/bin/python3 (found version "3.10.12") found components: Interpreter 
[1.206s] -- Found rosidl_default_generators: 1.2.0 (/opt/ros/humble/share/rosidl_default_generators/cmake)
[1.212s] -- Using all available rosidl_typesupport_c: rosidl_typesupport_fastrtps_c;rosidl_typesupport_introspection_c
[1.228s] -- Found rosidl_adapter: 3.1.6 (/opt/ros/humble/share/rosidl_adapter/cmake)
[1.375s] -- Using all available rosidl_typesupport_cpp: rosidl_typesupport_fastrtps_cpp;rosidl_typesupport_introspection_cpp
[1.564s] Error parsing '/home/ivan/personal/robotics_ros2/basic_concepts/ros2_ws/src/pubsub_interfaces/package.xml':
[1.602s] Traceback (most recent call last):
[1.602s]   File "/usr/lib/python3/dist-packages/catkin_pkg/package.py", line 610, in parse_package_string
[1.603s]     root = dom.parseString(data)
[1.603s]   File "/usr/lib/python3.10/xml/dom/minidom.py", line 2000, in parseString
[1.605s]     return expatbuilder.parseString(string)
[1.605s]   File "/usr/lib/python3.10/xml/dom/expatbuilder.py", line 925, in parseString
[1.607s]     return builder.parseString(string)
[1.607s]   File "/usr/lib/python3.10/xml/dom/expatbuilder.py", line 223, in parseString
[1.607s]     parser.Parse(string, True)
[1.607s] xml.parsers.expat.ExpatError: mismatched tag: line 22, column 2
[1.607s] 
[1.607s] During handling of the above exception, another exception occurred:
[1.607s] 
[1.607s] Traceback (most recent call last):
[1.607s]   File "/opt/ros/humble/share/ament_cmake_core/cmake/core/package_xml_2_cmake.py", line 150, in <module>
[1.607s]     main()
[1.607s]   File "/opt/ros/humble/share/ament_cmake_core/cmake/core/package_xml_2_cmake.py", line 53, in main
[1.607s]     raise e
[1.608s]   File "/opt/ros/humble/share/ament_cmake_core/cmake/core/package_xml_2_cmake.py", line 49, in main
[1.608s]     package = parse_package_string(
[1.608s]   File "/usr/lib/python3/dist-packages/catkin_pkg/package.py", line 612, in parse_package_string
[1.608s]     raise InvalidPackage('The manifest contains invalid XML:\n%s' % ex, filename)
[1.608s] catkin_pkg.package.InvalidPackage: Error(s) in package '/home/ivan/personal/robotics_ros2/basic_concepts/ros2_ws/src/pubsub_interfaces/package.xml':
[1.608s] The manifest contains invalid XML:
[1.608s] mismatched tag: line 22, column 2
[1.619s] [31mCMake Error at /opt/ros/humble/share/ament_cmake_core/cmake/core/ament_package_xml.cmake:95 (message):
[1.619s]   execute_process(/usr/bin/python3
[1.620s]   /opt/ros/humble/share/ament_cmake_core/cmake/core/package_xml_2_cmake.py
[1.620s]   /home/ivan/personal/robotics_ros2/basic_concepts/ros2_ws/src/pubsub_interfaces/package.xml
[1.620s]   /home/ivan/personal/robotics_ros2/basic_concepts/ros2_ws/build/pubsub_interfaces/ament_cmake_core/package.cmake)
[1.620s]   returned error code 1
[1.620s] Call Stack (most recent call first):
[1.620s]   /opt/ros/humble/share/ament_cmake_core/cmake/core/ament_package_xml.cmake:49 (_ament_package_xml)
[1.620s]   /opt/ros/humble/share/rosidl_cmake/cmake/rosidl_generate_interfaces.cmake:226 (ament_package_xml)
[1.621s]   CMakeLists.txt:15 (rosidl_generate_interfaces)
[1.621s] 
[1.621s] [0m
[1.621s] -- Configuring incomplete, errors occurred!
[1.621s] See also "/home/ivan/personal/robotics_ros2/basic_concepts/ros2_ws/build/pubsub_interfaces/CMakeFiles/CMakeOutput.log".
[1.628s] Invoked command in '/home/ivan/personal/robotics_ros2/basic_concepts/ros2_ws/build/pubsub_interfaces' returned '1': /usr/bin/cmake /home/ivan/personal/robotics_ros2/basic_concepts/ros2_ws/src/pubsub_interfaces -DCMAKE_INSTALL_PREFIX=/home/ivan/personal/robotics_ros2/basic_concepts/ros2_ws/install/pubsub_interfaces
