[1.497s] Invoking command in '/home/ivan/personal/robotics_ros2/robotics_programming/src/diff_drive_description': PYTHONPATH=/home/ivan/personal/robotics_ros2/robotics_programming/build/diff_drive_description/prefix_override:/usr/lib/python3/dist-packages/colcon_core/task/python/colcon_distutils_commands:/home/ivan/personal/robotics_ros2/robotics_programming/install/diff_drive_description/lib/python3.10/site-packages:${PYTHONPATH} /usr/bin/python3 -W ignore:setup.py install is deprecated -W ignore:easy_install command is deprecated setup.py egg_info --egg-base ../../build/diff_drive_description build --build-base /home/ivan/personal/robotics_ros2/robotics_programming/build/diff_drive_description/build install --record /home/ivan/personal/robotics_ros2/robotics_programming/build/diff_drive_description/install.log --single-version-externally-managed install_data
[1.799s] running egg_info
[1.800s] writing ../../build/diff_drive_description/diff_drive_description.egg-info/PKG-INFO
[1.801s] writing dependency_links to ../../build/diff_drive_description/diff_drive_description.egg-info/dependency_links.txt
[1.801s] writing entry points to ../../build/diff_drive_description/diff_drive_description.egg-info/entry_points.txt
[1.801s] writing requirements to ../../build/diff_drive_description/diff_drive_description.egg-info/requires.txt
[1.802s] writing top-level names to ../../build/diff_drive_description/diff_drive_description.egg-info/top_level.txt
[1.805s] reading manifest file '../../build/diff_drive_description/diff_drive_description.egg-info/SOURCES.txt'
[1.808s] writing manifest file '../../build/diff_drive_description/diff_drive_description.egg-info/SOURCES.txt'
[1.808s] running build
[1.808s] running build_py
[1.809s] running install
[1.809s] running install_lib
[1.812s] running install_data
[1.812s] running install_egg_info
[1.815s] removing '/home/ivan/personal/robotics_ros2/robotics_programming/install/diff_drive_description/lib/python3.10/site-packages/diff_drive_description-0.0.0-py3.10.egg-info' (and everything under it)
[1.816s] Copying ../../build/diff_drive_description/diff_drive_description.egg-info to /home/ivan/personal/robotics_ros2/robotics_programming/install/diff_drive_description/lib/python3.10/site-packages/diff_drive_description-0.0.0-py3.10.egg-info
[1.818s] running install_scripts
[1.848s] writing list of installed files to '/home/ivan/personal/robotics_ros2/robotics_programming/build/diff_drive_description/install.log'
[1.892s] Invoked command in '/home/ivan/personal/robotics_ros2/robotics_programming/src/diff_drive_description' returned '0': PYTHONPATH=/home/ivan/personal/robotics_ros2/robotics_programming/build/diff_drive_description/prefix_override:/usr/lib/python3/dist-packages/colcon_core/task/python/colcon_distutils_commands:/home/ivan/personal/robotics_ros2/robotics_programming/install/diff_drive_description/lib/python3.10/site-packages:${PYTHONPATH} /usr/bin/python3 -W ignore:setup.py install is deprecated -W ignore:easy_install command is deprecated setup.py egg_info --egg-base ../../build/diff_drive_description build --build-base /home/ivan/personal/robotics_ros2/robotics_programming/build/diff_drive_description/build install --record /home/ivan/personal/robotics_ros2/robotics_programming/build/diff_drive_description/install.log --single-version-externally-managed install_data
