[0.150s] [34mcolcon[0m [1;30mDEBUG[0m [32mCommand line arguments: ['/usr/bin/colcon', 'build'][0m
[0.151s] [34mcolcon[0m [1;30mDEBUG[0m [32mParsed command line arguments: Namespace(log_base=None, log_level=None, verb_name='build', build_base='build', install_base='install', merge_install=False, symlink_install=False, test_result_base=None, continue_on_error=False, executor='parallel', parallel_workers=12, event_handlers=None, ignore_user_meta=False, metas=['./colcon.meta'], base_paths=['.'], packages_ignore=None, packages_ignore_regex=None, paths=None, packages_up_to=None, packages_up_to_regex=None, packages_above=None, packages_above_and_dependencies=None, packages_above_depth=None, packages_select_by_dep=None, packages_skip_by_dep=None, packages_skip_up_to=None, packages_select_build_failed=False, packages_skip_build_finished=False, packages_select_test_failures=False, packages_skip_test_passed=False, packages_select=None, packages_skip=None, packages_select_regex=None, packages_skip_regex=None, packages_start=None, packages_end=None, allow_overriding=[], cmake_args=None, cmake_target=None, cmake_target_skip_unavailable=False, cmake_clean_cache=False, cmake_clean_first=False, cmake_force_configure=False, ament_cmake_args=None, catkin_cmake_args=None, catkin_skip_building_tests=False, mixin_files=None, mixin=None, verb_parser=<colcon_mixin.mixin.mixin_argument.MixinArgumentDecorator object at 0x7f63f7776650>, verb_extension=<colcon_core.verb.build.BuildVerb object at 0x7f63f7857c40>, main=<bound method BuildVerb.main of <colcon_core.verb.build.BuildVerb object at 0x7f63f7857c40>>, mixin_verb=('build',))[0m
[0.271s] [34mcolcon.colcon_core.package_discovery[0m [1;30mLevel 1[0m discover_packages(colcon_meta) check parameters
[0.271s] [34mcolcon.colcon_core.package_discovery[0m [1;30mLevel 1[0m discover_packages(recursive) check parameters
[0.271s] [34mcolcon.colcon_core.package_discovery[0m [1;30mLevel 1[0m discover_packages(ignore) check parameters
[0.271s] [34mcolcon.colcon_core.package_discovery[0m [1;30mLevel 1[0m discover_packages(path) check parameters
[0.271s] [34mcolcon.colcon_core.package_discovery[0m [1;30mLevel 1[0m discover_packages(colcon_meta) discover
[0.271s] [34mcolcon.colcon_core.package_discovery[0m [1;30mLevel 1[0m discover_packages(recursive) discover
[0.271s] [34mcolcon.colcon_core.package_discovery[0m [1;30mINFO[0m Crawling recursively for packages in '/home/ivan/personal/robotics_ros2/basic_concepts/ros2_ws'
[0.271s] [34mcolcon.colcon_core.package_identification[0m [1;30mLevel 1[0m _identify(.) by extensions ['ignore', 'ignore_ament_install']
[0.272s] [34mcolcon.colcon_core.package_identification[0m [1;30mLevel 1[0m _identify(.) by extension 'ignore'
[0.272s] [34mcolcon.colcon_core.package_identification[0m [1;30mLevel 1[0m _identify(.) by extension 'ignore_ament_install'
[0.272s] [34mcolcon.colcon_core.package_identification[0m [1;30mLevel 1[0m _identify(.) by extensions ['colcon_pkg']
[0.272s] [34mcolcon.colcon_core.package_identification[0m [1;30mLevel 1[0m _identify(.) by extension 'colcon_pkg'
[0.272s] [34mcolcon.colcon_core.package_identification[0m [1;30mLevel 1[0m _identify(.) by extensions ['colcon_meta']
[0.272s] [34mcolcon.colcon_core.package_identification[0m [1;30mLevel 1[0m _identify(.) by extension 'colcon_meta'
[0.272s] [34mcolcon.colcon_core.package_identification[0m [1;30mLevel 1[0m _identify(.) by extensions ['ros']
[0.272s] [34mcolcon.colcon_core.package_identification[0m [1;30mLevel 1[0m _identify(.) by extension 'ros'
[0.290s] [34mcolcon.colcon_core.package_identification[0m [1;30mLevel 1[0m _identify(.) by extensions ['cmake', 'python']
[0.290s] [34mcolcon.colcon_core.package_identification[0m [1;30mLevel 1[0m _identify(.) by extension 'cmake'
[0.290s] [34mcolcon.colcon_core.package_identification[0m [1;30mLevel 1[0m _identify(.) by extension 'python'
[0.290s] [34mcolcon.colcon_core.package_identification[0m [1;30mLevel 1[0m _identify(.) by extensions ['python_setup_py']
[0.290s] [34mcolcon.colcon_core.package_identification[0m [1;30mLevel 1[0m _identify(.) by extension 'python_setup_py'
[0.290s] [34mcolcon.colcon_core.package_identification[0m [1;30mLevel 1[0m _identify(build) by extensions ['ignore', 'ignore_ament_install']
[0.290s] [34mcolcon.colcon_core.package_identification[0m [1;30mLevel 1[0m _identify(build) by extension 'ignore'
[0.290s] [34mcolcon.colcon_core.package_identification[0m [1;30mLevel 1[0m _identify(build) ignored
[0.290s] [34mcolcon.colcon_core.package_identification[0m [1;30mLevel 1[0m _identify(install) by extensions ['ignore', 'ignore_ament_install']
[0.290s] [34mcolcon.colcon_core.package_identification[0m [1;30mLevel 1[0m _identify(install) by extension 'ignore'
[0.290s] [34mcolcon.colcon_core.package_identification[0m [1;30mLevel 1[0m _identify(install) ignored
[0.290s] [34mcolcon.colcon_core.package_identification[0m [1;30mLevel 1[0m _identify(log) by extensions ['ignore', 'ignore_ament_install']
[0.290s] [34mcolcon.colcon_core.package_identification[0m [1;30mLevel 1[0m _identify(log) by extension 'ignore'
[0.290s] [34mcolcon.colcon_core.package_identification[0m [1;30mLevel 1[0m _identify(log) ignored
[0.290s] [34mcolcon.colcon_core.package_identification[0m [1;30mLevel 1[0m _identify(src) by extensions ['ignore', 'ignore_ament_install']
[0.291s] [34mcolcon.colcon_core.package_identification[0m [1;30mLevel 1[0m _identify(src) by extension 'ignore'
[0.291s] [34mcolcon.colcon_core.package_identification[0m [1;30mLevel 1[0m _identify(src) by extension 'ignore_ament_install'
[0.291s] [34mcolcon.colcon_core.package_identification[0m [1;30mLevel 1[0m _identify(src) by extensions ['colcon_pkg']
[0.291s] [34mcolcon.colcon_core.package_identification[0m [1;30mLevel 1[0m _identify(src) by extension 'colcon_pkg'
[0.291s] [34mcolcon.colcon_core.package_identification[0m [1;30mLevel 1[0m _identify(src) by extensions ['colcon_meta']
[0.291s] [34mcolcon.colcon_core.package_identification[0m [1;30mLevel 1[0m _identify(src) by extension 'colcon_meta'
[0.291s] [34mcolcon.colcon_core.package_identification[0m [1;30mLevel 1[0m _identify(src) by extensions ['ros']
[0.291s] [34mcolcon.colcon_core.package_identification[0m [1;30mLevel 1[0m _identify(src) by extension 'ros'
[0.291s] [34mcolcon.colcon_core.package_identification[0m [1;30mLevel 1[0m _identify(src) by extensions ['cmake', 'python']
[0.291s] [34mcolcon.colcon_core.package_identification[0m [1;30mLevel 1[0m _identify(src) by extension 'cmake'
[0.291s] [34mcolcon.colcon_core.package_identification[0m [1;30mLevel 1[0m _identify(src) by extension 'python'
[0.291s] [34mcolcon.colcon_core.package_identification[0m [1;30mLevel 1[0m _identify(src) by extensions ['python_setup_py']
[0.291s] [34mcolcon.colcon_core.package_identification[0m [1;30mLevel 1[0m _identify(src) by extension 'python_setup_py'
[0.291s] [34mcolcon.colcon_core.package_identification[0m [1;30mLevel 1[0m _identify(src/pubsub_custom) by extensions ['ignore', 'ignore_ament_install']
[0.291s] [34mcolcon.colcon_core.package_identification[0m [1;30mLevel 1[0m _identify(src/pubsub_custom) by extension 'ignore'
[0.291s] [34mcolcon.colcon_core.package_identification[0m [1;30mLevel 1[0m _identify(src/pubsub_custom) by extension 'ignore_ament_install'
[0.291s] [34mcolcon.colcon_core.package_identification[0m [1;30mLevel 1[0m _identify(src/pubsub_custom) by extensions ['colcon_pkg']
[0.291s] [34mcolcon.colcon_core.package_identification[0m [1;30mLevel 1[0m _identify(src/pubsub_custom) by extension 'colcon_pkg'
[0.291s] [34mcolcon.colcon_core.package_identification[0m [1;30mLevel 1[0m _identify(src/pubsub_custom) by extensions ['colcon_meta']
[0.291s] [34mcolcon.colcon_core.package_identification[0m [1;30mLevel 1[0m _identify(src/pubsub_custom) by extension 'colcon_meta'
[0.291s] [34mcolcon.colcon_core.package_identification[0m [1;30mLevel 1[0m _identify(src/pubsub_custom) by extensions ['ros']
[0.291s] [34mcolcon.colcon_core.package_identification[0m [1;30mLevel 1[0m _identify(src/pubsub_custom) by extension 'ros'
[0.293s] [34mcolcon.colcon_core.package_identification[0m [1;30mDEBUG[0m [32mPackage 'src/pubsub_custom' with type 'ros.ament_python' and name 'pubsub_custom'[0m
[0.293s] [34mcolcon.colcon_core.package_identification[0m [1;30mLevel 1[0m _identify(src/pubsub_img_pkg) by extensions ['ignore', 'ignore_ament_install']
[0.293s] [34mcolcon.colcon_core.package_identification[0m [1;30mLevel 1[0m _identify(src/pubsub_img_pkg) by extension 'ignore'
[0.293s] [34mcolcon.colcon_core.package_identification[0m [1;30mLevel 1[0m _identify(src/pubsub_img_pkg) by extension 'ignore_ament_install'
[0.293s] [34mcolcon.colcon_core.package_identification[0m [1;30mLevel 1[0m _identify(src/pubsub_img_pkg) by extensions ['colcon_pkg']
[0.294s] [34mcolcon.colcon_core.package_identification[0m [1;30mLevel 1[0m _identify(src/pubsub_img_pkg) by extension 'colcon_pkg'
[0.294s] [34mcolcon.colcon_core.package_identification[0m [1;30mLevel 1[0m _identify(src/pubsub_img_pkg) by extensions ['colcon_meta']
[0.294s] [34mcolcon.colcon_core.package_identification[0m [1;30mLevel 1[0m _identify(src/pubsub_img_pkg) by extension 'colcon_meta'
[0.294s] [34mcolcon.colcon_core.package_identification[0m [1;30mLevel 1[0m _identify(src/pubsub_img_pkg) by extensions ['ros']
[0.294s] [34mcolcon.colcon_core.package_identification[0m [1;30mLevel 1[0m _identify(src/pubsub_img_pkg) by extension 'ros'
[0.294s] [34mcolcon.colcon_core.package_identification[0m [1;30mDEBUG[0m [32mPackage 'src/pubsub_img_pkg' with type 'ros.ament_python' and name 'pubsub_img_pkg'[0m
[0.294s] [34mcolcon.colcon_core.package_identification[0m [1;30mLevel 1[0m _identify(src/pubsub_interfaces) by extensions ['ignore', 'ignore_ament_install']
[0.294s] [34mcolcon.colcon_core.package_identification[0m [1;30mLevel 1[0m _identify(src/pubsub_interfaces) by extension 'ignore'
[0.294s] [34mcolcon.colcon_core.package_identification[0m [1;30mLevel 1[0m _identify(src/pubsub_interfaces) by extension 'ignore_ament_install'
[0.294s] [34mcolcon.colcon_core.package_identification[0m [1;30mLevel 1[0m _identify(src/pubsub_interfaces) by extensions ['colcon_pkg']
[0.294s] [34mcolcon.colcon_core.package_identification[0m [1;30mLevel 1[0m _identify(src/pubsub_interfaces) by extension 'colcon_pkg'
[0.294s] [34mcolcon.colcon_core.package_identification[0m [1;30mLevel 1[0m _identify(src/pubsub_interfaces) by extensions ['colcon_meta']
[0.294s] [34mcolcon.colcon_core.package_identification[0m [1;30mLevel 1[0m _identify(src/pubsub_interfaces) by extension 'colcon_meta'
[0.294s] [34mcolcon.colcon_core.package_identification[0m [1;30mLevel 1[0m _identify(src/pubsub_interfaces) by extensions ['ros']
[0.294s] [34mcolcon.colcon_core.package_identification[0m [1;30mLevel 1[0m _identify(src/pubsub_interfaces) by extension 'ros'
[0.295s] [34mcolcon.colcon_core.package_identification[0m [1;30mDEBUG[0m [32mPackage 'src/pubsub_interfaces' with type 'ros.ament_cmake' and name 'pubsub_interfaces'[0m
[0.295s] [34mcolcon.colcon_core.package_identification[0m [1;30mLevel 1[0m _identify(src/pubsub_pkg) by extensions ['ignore', 'ignore_ament_install']
[0.295s] [34mcolcon.colcon_core.package_identification[0m [1;30mLevel 1[0m _identify(src/pubsub_pkg) by extension 'ignore'
[0.295s] [34mcolcon.colcon_core.package_identification[0m [1;30mLevel 1[0m _identify(src/pubsub_pkg) by extension 'ignore_ament_install'
[0.295s] [34mcolcon.colcon_core.package_identification[0m [1;30mLevel 1[0m _identify(src/pubsub_pkg) by extensions ['colcon_pkg']
[0.295s] [34mcolcon.colcon_core.package_identification[0m [1;30mLevel 1[0m _identify(src/pubsub_pkg) by extension 'colcon_pkg'
[0.295s] [34mcolcon.colcon_core.package_identification[0m [1;30mLevel 1[0m _identify(src/pubsub_pkg) by extensions ['colcon_meta']
[0.295s] [34mcolcon.colcon_core.package_identification[0m [1;30mLevel 1[0m _identify(src/pubsub_pkg) by extension 'colcon_meta'
[0.295s] [34mcolcon.colcon_core.package_identification[0m [1;30mLevel 1[0m _identify(src/pubsub_pkg) by extensions ['ros']
[0.295s] [34mcolcon.colcon_core.package_identification[0m [1;30mLevel 1[0m _identify(src/pubsub_pkg) by extension 'ros'
[0.295s] [34mcolcon.colcon_core.package_identification[0m [1;30mDEBUG[0m [32mPackage 'src/pubsub_pkg' with type 'ros.ament_python' and name 'pubsub_pkg'[0m
[0.296s] [34mcolcon.colcon_core.package_identification[0m [1;30mLevel 1[0m _identify(src/turtle_controller) by extensions ['ignore', 'ignore_ament_install']
[0.296s] [34mcolcon.colcon_core.package_identification[0m [1;30mLevel 1[0m _identify(src/turtle_controller) by extension 'ignore'
[0.296s] [34mcolcon.colcon_core.package_identification[0m [1;30mLevel 1[0m _identify(src/turtle_controller) by extension 'ignore_ament_install'
[0.296s] [34mcolcon.colcon_core.package_identification[0m [1;30mLevel 1[0m _identify(src/turtle_controller) by extensions ['colcon_pkg']
[0.296s] [34mcolcon.colcon_core.package_identification[0m [1;30mLevel 1[0m _identify(src/turtle_controller) by extension 'colcon_pkg'
[0.296s] [34mcolcon.colcon_core.package_identification[0m [1;30mLevel 1[0m _identify(src/turtle_controller) by extensions ['colcon_meta']
[0.296s] [34mcolcon.colcon_core.package_identification[0m [1;30mLevel 1[0m _identify(src/turtle_controller) by extension 'colcon_meta'
[0.296s] [34mcolcon.colcon_core.package_identification[0m [1;30mLevel 1[0m _identify(src/turtle_controller) by extensions ['ros']
[0.296s] [34mcolcon.colcon_core.package_identification[0m [1;30mLevel 1[0m _identify(src/turtle_controller) by extension 'ros'
[0.296s] [34mcolcon.colcon_core.package_identification[0m [1;30mDEBUG[0m [32mPackage 'src/turtle_controller' with type 'ros.ament_python' and name 'turtle_controller'[0m
[0.296s] [34mcolcon.colcon_core.package_discovery[0m [1;30mLevel 1[0m discover_packages(recursive) using defaults
[0.296s] [34mcolcon.colcon_core.package_discovery[0m [1;30mLevel 1[0m discover_packages(ignore) discover
[0.296s] [34mcolcon.colcon_core.package_discovery[0m [1;30mLevel 1[0m discover_packages(ignore) using defaults
[0.296s] [34mcolcon.colcon_core.package_discovery[0m [1;30mLevel 1[0m discover_packages(path) discover
[0.296s] [34mcolcon.colcon_core.package_discovery[0m [1;30mLevel 1[0m discover_packages(path) using defaults
[0.307s] [34mcolcon.colcon_core.package_discovery[0m [1;30mLevel 1[0m discover_packages(prefix_path) check parameters
[0.307s] [34mcolcon.colcon_core.package_discovery[0m [1;30mLevel 1[0m discover_packages(prefix_path) discover
[0.309s] [34mcolcon.colcon_installed_package_information.package_discovery[0m [1;30mDEBUG[0m [32mFound 5 installed packages in /home/ivan/personal/robotics_ros2/basic_concepts/ros2_ws/install[0m
[0.310s] [34mcolcon.colcon_installed_package_information.package_discovery[0m [1;30mDEBUG[0m [32mFound 446 installed packages in /opt/ros/humble[0m
[0.311s] [34mcolcon.colcon_core.package_discovery[0m [1;30mLevel 1[0m discover_packages(prefix_path) using defaults
[0.338s] [34mcolcon.colcon_core.verb[0m [1;30mLevel 5[0m set package 'pubsub_img_pkg' build argument 'cmake_args' from command line to 'None'
[0.338s] [34mcolcon.colcon_core.verb[0m [1;30mLevel 5[0m set package 'pubsub_img_pkg' build argument 'cmake_target' from command line to 'None'
[0.338s] [34mcolcon.colcon_core.verb[0m [1;30mLevel 5[0m set package 'pubsub_img_pkg' build argument 'cmake_target_skip_unavailable' from command line to 'False'
[0.338s] [34mcolcon.colcon_core.verb[0m [1;30mLevel 5[0m set package 'pubsub_img_pkg' build argument 'cmake_clean_cache' from command line to 'False'
[0.338s] [34mcolcon.colcon_core.verb[0m [1;30mLevel 5[0m set package 'pubsub_img_pkg' build argument 'cmake_clean_first' from command line to 'False'
[0.338s] [34mcolcon.colcon_core.verb[0m [1;30mLevel 5[0m set package 'pubsub_img_pkg' build argument 'cmake_force_configure' from command line to 'False'
[0.338s] [34mcolcon.colcon_core.verb[0m [1;30mLevel 5[0m set package 'pubsub_img_pkg' build argument 'ament_cmake_args' from command line to 'None'
[0.338s] [34mcolcon.colcon_core.verb[0m [1;30mLevel 5[0m set package 'pubsub_img_pkg' build argument 'catkin_cmake_args' from command line to 'None'
[0.338s] [34mcolcon.colcon_core.verb[0m [1;30mLevel 5[0m set package 'pubsub_img_pkg' build argument 'catkin_skip_building_tests' from command line to 'False'
[0.338s] [34mcolcon.colcon_core.verb[0m [1;30mDEBUG[0m [32mBuilding package 'pubsub_img_pkg' with the following arguments: {'ament_cmake_args': None, 'build_base': '/home/ivan/personal/robotics_ros2/basic_concepts/ros2_ws/build/pubsub_img_pkg', 'catkin_cmake_args': None, 'catkin_skip_building_tests': False, 'cmake_args': None, 'cmake_clean_cache': False, 'cmake_clean_first': False, 'cmake_force_configure': False, 'cmake_target': None, 'cmake_target_skip_unavailable': False, 'install_base': '/home/ivan/personal/robotics_ros2/basic_concepts/ros2_ws/install/pubsub_img_pkg', 'merge_install': False, 'path': '/home/ivan/personal/robotics_ros2/basic_concepts/ros2_ws/src/pubsub_img_pkg', 'symlink_install': False, 'test_result_base': None}[0m
[0.339s] [34mcolcon.colcon_core.verb[0m [1;30mLevel 5[0m set package 'pubsub_interfaces' build argument 'cmake_args' from command line to 'None'
[0.339s] [34mcolcon.colcon_core.verb[0m [1;30mLevel 5[0m set package 'pubsub_interfaces' build argument 'cmake_target' from command line to 'None'
[0.339s] [34mcolcon.colcon_core.verb[0m [1;30mLevel 5[0m set package 'pubsub_interfaces' build argument 'cmake_target_skip_unavailable' from command line to 'False'
[0.339s] [34mcolcon.colcon_core.verb[0m [1;30mLevel 5[0m set package 'pubsub_interfaces' build argument 'cmake_clean_cache' from command line to 'False'
[0.339s] [34mcolcon.colcon_core.verb[0m [1;30mLevel 5[0m set package 'pubsub_interfaces' build argument 'cmake_clean_first' from command line to 'False'
[0.339s] [34mcolcon.colcon_core.verb[0m [1;30mLevel 5[0m set package 'pubsub_interfaces' build argument 'cmake_force_configure' from command line to 'False'
[0.339s] [34mcolcon.colcon_core.verb[0m [1;30mLevel 5[0m set package 'pubsub_interfaces' build argument 'ament_cmake_args' from command line to 'None'
[0.339s] [34mcolcon.colcon_core.verb[0m [1;30mLevel 5[0m set package 'pubsub_interfaces' build argument 'catkin_cmake_args' from command line to 'None'
[0.339s] [34mcolcon.colcon_core.verb[0m [1;30mLevel 5[0m set package 'pubsub_interfaces' build argument 'catkin_skip_building_tests' from command line to 'False'
[0.339s] [34mcolcon.colcon_core.verb[0m [1;30mDEBUG[0m [32mBuilding package 'pubsub_interfaces' with the following arguments: {'ament_cmake_args': None, 'build_base': '/home/ivan/personal/robotics_ros2/basic_concepts/ros2_ws/build/pubsub_interfaces', 'catkin_cmake_args': None, 'catkin_skip_building_tests': False, 'cmake_args': None, 'cmake_clean_cache': False, 'cmake_clean_first': False, 'cmake_force_configure': False, 'cmake_target': None, 'cmake_target_skip_unavailable': False, 'install_base': '/home/ivan/personal/robotics_ros2/basic_concepts/ros2_ws/install/pubsub_interfaces', 'merge_install': False, 'path': '/home/ivan/personal/robotics_ros2/basic_concepts/ros2_ws/src/pubsub_interfaces', 'symlink_install': False, 'test_result_base': None}[0m
[0.339s] [34mcolcon.colcon_core.verb[0m [1;30mLevel 5[0m set package 'pubsub_pkg' build argument 'cmake_args' from command line to 'None'
[0.339s] [34mcolcon.colcon_core.verb[0m [1;30mLevel 5[0m set package 'pubsub_pkg' build argument 'cmake_target' from command line to 'None'
[0.339s] [34mcolcon.colcon_core.verb[0m [1;30mLevel 5[0m set package 'pubsub_pkg' build argument 'cmake_target_skip_unavailable' from command line to 'False'
[0.339s] [34mcolcon.colcon_core.verb[0m [1;30mLevel 5[0m set package 'pubsub_pkg' build argument 'cmake_clean_cache' from command line to 'False'
[0.339s] [34mcolcon.colcon_core.verb[0m [1;30mLevel 5[0m set package 'pubsub_pkg' build argument 'cmake_clean_first' from command line to 'False'
[0.339s] [34mcolcon.colcon_core.verb[0m [1;30mLevel 5[0m set package 'pubsub_pkg' build argument 'cmake_force_configure' from command line to 'False'
[0.339s] [34mcolcon.colcon_core.verb[0m [1;30mLevel 5[0m set package 'pubsub_pkg' build argument 'ament_cmake_args' from command line to 'None'
[0.339s] [34mcolcon.colcon_core.verb[0m [1;30mLevel 5[0m set package 'pubsub_pkg' build argument 'catkin_cmake_args' from command line to 'None'
[0.339s] [34mcolcon.colcon_core.verb[0m [1;30mLevel 5[0m set package 'pubsub_pkg' build argument 'catkin_skip_building_tests' from command line to 'False'
[0.339s] [34mcolcon.colcon_core.verb[0m [1;30mDEBUG[0m [32mBuilding package 'pubsub_pkg' with the following arguments: {'ament_cmake_args': None, 'build_base': '/home/ivan/personal/robotics_ros2/basic_concepts/ros2_ws/build/pubsub_pkg', 'catkin_cmake_args': None, 'catkin_skip_building_tests': False, 'cmake_args': None, 'cmake_clean_cache': False, 'cmake_clean_first': False, 'cmake_force_configure': False, 'cmake_target': None, 'cmake_target_skip_unavailable': False, 'install_base': '/home/ivan/personal/robotics_ros2/basic_concepts/ros2_ws/install/pubsub_pkg', 'merge_install': False, 'path': '/home/ivan/personal/robotics_ros2/basic_concepts/ros2_ws/src/pubsub_pkg', 'symlink_install': False, 'test_result_base': None}[0m
[0.339s] [34mcolcon.colcon_core.verb[0m [1;30mLevel 5[0m set package 'pubsub_custom' build argument 'cmake_args' from command line to 'None'
[0.339s] [34mcolcon.colcon_core.verb[0m [1;30mLevel 5[0m set package 'pubsub_custom' build argument 'cmake_target' from command line to 'None'
[0.339s] [34mcolcon.colcon_core.verb[0m [1;30mLevel 5[0m set package 'pubsub_custom' build argument 'cmake_target_skip_unavailable' from command line to 'False'
[0.339s] [34mcolcon.colcon_core.verb[0m [1;30mLevel 5[0m set package 'pubsub_custom' build argument 'cmake_clean_cache' from command line to 'False'
[0.339s] [34mcolcon.colcon_core.verb[0m [1;30mLevel 5[0m set package 'pubsub_custom' build argument 'cmake_clean_first' from command line to 'False'
[0.339s] [34mcolcon.colcon_core.verb[0m [1;30mLevel 5[0m set package 'pubsub_custom' build argument 'cmake_force_configure' from command line to 'False'
[0.339s] [34mcolcon.colcon_core.verb[0m [1;30mLevel 5[0m set package 'pubsub_custom' build argument 'ament_cmake_args' from command line to 'None'
[0.339s] [34mcolcon.colcon_core.verb[0m [1;30mLevel 5[0m set package 'pubsub_custom' build argument 'catkin_cmake_args' from command line to 'None'
[0.339s] [34mcolcon.colcon_core.verb[0m [1;30mLevel 5[0m set package 'pubsub_custom' build argument 'catkin_skip_building_tests' from command line to 'False'
[0.339s] [34mcolcon.colcon_core.verb[0m [1;30mDEBUG[0m [32mBuilding package 'pubsub_custom' with the following arguments: {'ament_cmake_args': None, 'build_base': '/home/ivan/personal/robotics_ros2/basic_concepts/ros2_ws/build/pubsub_custom', 'catkin_cmake_args': None, 'catkin_skip_building_tests': False, 'cmake_args': None, 'cmake_clean_cache': False, 'cmake_clean_first': False, 'cmake_force_configure': False, 'cmake_target': None, 'cmake_target_skip_unavailable': False, 'install_base': '/home/ivan/personal/robotics_ros2/basic_concepts/ros2_ws/install/pubsub_custom', 'merge_install': False, 'path': '/home/ivan/personal/robotics_ros2/basic_concepts/ros2_ws/src/pubsub_custom', 'symlink_install': False, 'test_result_base': None}[0m
[0.340s] [34mcolcon.colcon_core.verb[0m [1;30mLevel 5[0m set package 'turtle_controller' build argument 'cmake_args' from command line to 'None'
[0.340s] [34mcolcon.colcon_core.verb[0m [1;30mLevel 5[0m set package 'turtle_controller' build argument 'cmake_target' from command line to 'None'
[0.340s] [34mcolcon.colcon_core.verb[0m [1;30mLevel 5[0m set package 'turtle_controller' build argument 'cmake_target_skip_unavailable' from command line to 'False'
[0.340s] [34mcolcon.colcon_core.verb[0m [1;30mLevel 5[0m set package 'turtle_controller' build argument 'cmake_clean_cache' from command line to 'False'
[0.340s] [34mcolcon.colcon_core.verb[0m [1;30mLevel 5[0m set package 'turtle_controller' build argument 'cmake_clean_first' from command line to 'False'
[0.340s] [34mcolcon.colcon_core.verb[0m [1;30mLevel 5[0m set package 'turtle_controller' build argument 'cmake_force_configure' from command line to 'False'
[0.340s] [34mcolcon.colcon_core.verb[0m [1;30mLevel 5[0m set package 'turtle_controller' build argument 'ament_cmake_args' from command line to 'None'
[0.340s] [34mcolcon.colcon_core.verb[0m [1;30mLevel 5[0m set package 'turtle_controller' build argument 'catkin_cmake_args' from command line to 'None'
[0.340s] [34mcolcon.colcon_core.verb[0m [1;30mLevel 5[0m set package 'turtle_controller' build argument 'catkin_skip_building_tests' from command line to 'False'
[0.340s] [34mcolcon.colcon_core.verb[0m [1;30mDEBUG[0m [32mBuilding package 'turtle_controller' with the following arguments: {'ament_cmake_args': None, 'build_base': '/home/ivan/personal/robotics_ros2/basic_concepts/ros2_ws/build/turtle_controller', 'catkin_cmake_args': None, 'catkin_skip_building_tests': False, 'cmake_args': None, 'cmake_clean_cache': False, 'cmake_clean_first': False, 'cmake_force_configure': False, 'cmake_target': None, 'cmake_target_skip_unavailable': False, 'install_base': '/home/ivan/personal/robotics_ros2/basic_concepts/ros2_ws/install/turtle_controller', 'merge_install': False, 'path': '/home/ivan/personal/robotics_ros2/basic_concepts/ros2_ws/src/turtle_controller', 'symlink_install': False, 'test_result_base': None}[0m
[0.340s] [34mcolcon.colcon_core.executor[0m [1;30mINFO[0m Executing jobs using 'parallel' executor
[0.341s] [34mcolcon.colcon_parallel_executor.executor.parallel[0m [1;30mDEBUG[0m [32mrun_until_complete[0m
[0.341s] [34mcolcon.colcon_ros.task.ament_cmake.build[0m [1;30mINFO[0m Building ROS package in '/home/ivan/personal/robotics_ros2/basic_concepts/ros2_ws/src/pubsub_interfaces' with build type 'ament_cmake'
[0.341s] [34mcolcon.colcon_cmake.task.cmake.build[0m [1;30mINFO[0m Building CMake package in '/home/ivan/personal/robotics_ros2/basic_concepts/ros2_ws/src/pubsub_interfaces'
[0.343s] [34mcolcon.colcon_core.plugin_system[0m [1;30mINFO[0m Skipping extension 'colcon_core.shell.bat': Not used on non-Windows systems
[0.343s] [34mcolcon.colcon_core.shell[0m [1;30mINFO[0m Skip shell extension 'powershell' for command environment: Not usable outside of PowerShell
[0.343s] [34mcolcon.colcon_core.shell[0m [1;30mDEBUG[0m [32mSkip shell extension 'dsv' for command environment[0m
[0.346s] [34mcolcon.colcon_ros.task.ament_python.build[0m [1;30mINFO[0m Building ROS package in '/home/ivan/personal/robotics_ros2/basic_concepts/ros2_ws/src/pubsub_img_pkg' with build type 'ament_python'
[0.347s] [34mcolcon.colcon_core.shell[0m [1;30mLevel 1[0m create_environment_hook('pubsub_img_pkg', 'ament_prefix_path')
[0.347s] [34mcolcon.colcon_core.shell[0m [1;30mINFO[0m Creating environment hook '/home/ivan/personal/robotics_ros2/basic_concepts/ros2_ws/install/pubsub_img_pkg/share/pubsub_img_pkg/hook/ament_prefix_path.ps1'
[0.348s] [34mcolcon.colcon_core.shell[0m [1;30mINFO[0m Creating environment descriptor '/home/ivan/personal/robotics_ros2/basic_concepts/ros2_ws/install/pubsub_img_pkg/share/pubsub_img_pkg/hook/ament_prefix_path.dsv'
[0.349s] [34mcolcon.colcon_core.shell[0m [1;30mINFO[0m Creating environment hook '/home/ivan/personal/robotics_ros2/basic_concepts/ros2_ws/install/pubsub_img_pkg/share/pubsub_img_pkg/hook/ament_prefix_path.sh'
[0.349s] [34mcolcon.colcon_core.shell[0m [1;30mINFO[0m Skip shell extension 'powershell' for command environment: Not usable outside of PowerShell
[0.349s] [34mcolcon.colcon_core.shell[0m [1;30mDEBUG[0m [32mSkip shell extension 'dsv' for command environment[0m
[0.354s] [34mcolcon.colcon_ros.task.ament_python.build[0m [1;30mINFO[0m Building ROS package in '/home/ivan/personal/robotics_ros2/basic_concepts/ros2_ws/src/pubsub_pkg' with build type 'ament_python'
[0.354s] [34mcolcon.colcon_core.shell[0m [1;30mLevel 1[0m create_environment_hook('pubsub_pkg', 'ament_prefix_path')
[0.354s] [34mcolcon.colcon_core.shell[0m [1;30mINFO[0m Creating environment hook '/home/ivan/personal/robotics_ros2/basic_concepts/ros2_ws/install/pubsub_pkg/share/pubsub_pkg/hook/ament_prefix_path.ps1'
[0.355s] [34mcolcon.colcon_core.shell[0m [1;30mINFO[0m Creating environment descriptor '/home/ivan/personal/robotics_ros2/basic_concepts/ros2_ws/install/pubsub_pkg/share/pubsub_pkg/hook/ament_prefix_path.dsv'
[0.355s] [34mcolcon.colcon_core.shell[0m [1;30mINFO[0m Creating environment hook '/home/ivan/personal/robotics_ros2/basic_concepts/ros2_ws/install/pubsub_pkg/share/pubsub_pkg/hook/ament_prefix_path.sh'
[0.356s] [34mcolcon.colcon_core.shell[0m [1;30mINFO[0m Skip shell extension 'powershell' for command environment: Not usable outside of PowerShell
[0.356s] [34mcolcon.colcon_core.shell[0m [1;30mDEBUG[0m [32mSkip shell extension 'dsv' for command environment[0m
[0.375s] [34mcolcon.colcon_core.event_handler.log_command[0m [1;30mDEBUG[0m [32mInvoking command in '/home/ivan/personal/robotics_ros2/basic_concepts/ros2_ws/build/pubsub_interfaces': CMAKE_PREFIX_PATH=${CMAKE_PREFIX_PATH}:/home/ivan/personal/robotics_ros2/basic_concepts/ros2_ws/install/turtle_controller:/home/ivan/personal/robotics_ros2/basic_concepts/ros2_ws/install/pubsub_custom:/home/ivan/personal/robotics_ros2/basic_concepts/ros2_ws/install/pubsub_img_pkg:/home/ivan/personal/robotics_ros2/basic_concepts/ros2_ws/install/pubsub_pkg:/opt/ros/humble /usr/bin/cmake --build /home/ivan/personal/robotics_ros2/basic_concepts/ros2_ws/build/pubsub_interfaces -- -j12 -l12[0m
[0.651s] [34mcolcon.colcon_core.task.python.build[0m [1;30mINFO[0m Building Python package in '/home/ivan/personal/robotics_ros2/basic_concepts/ros2_ws/src/pubsub_img_pkg'
[0.652s] [34mcolcon.colcon_core.shell[0m [1;30mINFO[0m Skip shell extension 'powershell' for command environment: Not usable outside of PowerShell
[0.652s] [34mcolcon.colcon_core.shell[0m [1;30mDEBUG[0m [32mSkip shell extension 'dsv' for command environment[0m
[0.925s] [34mcolcon.colcon_core.task.python.build[0m [1;30mINFO[0m Building Python package in '/home/ivan/personal/robotics_ros2/basic_concepts/ros2_ws/src/pubsub_pkg'
[0.925s] [34mcolcon.colcon_core.shell[0m [1;30mINFO[0m Skip shell extension 'powershell' for command environment: Not usable outside of PowerShell
[0.925s] [34mcolcon.colcon_core.shell[0m [1;30mDEBUG[0m [32mSkip shell extension 'dsv' for command environment[0m
[0.936s] [34mcolcon.colcon_core.event_handler.log_command[0m [1;30mDEBUG[0m [32mInvoked command in '/home/ivan/personal/robotics_ros2/basic_concepts/ros2_ws/build/pubsub_interfaces' returned '0': CMAKE_PREFIX_PATH=${CMAKE_PREFIX_PATH}:/home/ivan/personal/robotics_ros2/basic_concepts/ros2_ws/install/turtle_controller:/home/ivan/personal/robotics_ros2/basic_concepts/ros2_ws/install/pubsub_custom:/home/ivan/personal/robotics_ros2/basic_concepts/ros2_ws/install/pubsub_img_pkg:/home/ivan/personal/robotics_ros2/basic_concepts/ros2_ws/install/pubsub_pkg:/opt/ros/humble /usr/bin/cmake --build /home/ivan/personal/robotics_ros2/basic_concepts/ros2_ws/build/pubsub_interfaces -- -j12 -l12[0m
[0.949s] [34mcolcon.colcon_core.event_handler.log_command[0m [1;30mDEBUG[0m [32mInvoking command in '/home/ivan/personal/robotics_ros2/basic_concepts/ros2_ws/build/pubsub_interfaces': CMAKE_PREFIX_PATH=${CMAKE_PREFIX_PATH}:/home/ivan/personal/robotics_ros2/basic_concepts/ros2_ws/install/turtle_controller:/home/ivan/personal/robotics_ros2/basic_concepts/ros2_ws/install/pubsub_custom:/home/ivan/personal/robotics_ros2/basic_concepts/ros2_ws/install/pubsub_img_pkg:/home/ivan/personal/robotics_ros2/basic_concepts/ros2_ws/install/pubsub_pkg:/opt/ros/humble /usr/bin/cmake --install /home/ivan/personal/robotics_ros2/basic_concepts/ros2_ws/build/pubsub_interfaces[0m
[1.031s] [34mcolcon.colcon_core.environment[0m [1;30mLevel 1[0m create_environment_scripts_only(pubsub_interfaces)
[1.035s] [34mcolcon.colcon_core.event_handler.log_command[0m [1;30mDEBUG[0m [32mInvoked command in '/home/ivan/personal/robotics_ros2/basic_concepts/ros2_ws/build/pubsub_interfaces' returned '0': CMAKE_PREFIX_PATH=${CMAKE_PREFIX_PATH}:/home/ivan/personal/robotics_ros2/basic_concepts/ros2_ws/install/turtle_controller:/home/ivan/personal/robotics_ros2/basic_concepts/ros2_ws/install/pubsub_custom:/home/ivan/personal/robotics_ros2/basic_concepts/ros2_ws/install/pubsub_img_pkg:/home/ivan/personal/robotics_ros2/basic_concepts/ros2_ws/install/pubsub_pkg:/opt/ros/humble /usr/bin/cmake --install /home/ivan/personal/robotics_ros2/basic_concepts/ros2_ws/build/pubsub_interfaces[0m
[1.037s] [34mcolcon.colcon_core.environment[0m [1;30mLevel 1[0m checking '/home/ivan/personal/robotics_ros2/basic_concepts/ros2_ws/install/pubsub_interfaces' for CMake module files
[1.037s] [34mcolcon.colcon_core.environment[0m [1;30mLevel 1[0m checking '/home/ivan/personal/robotics_ros2/basic_concepts/ros2_ws/install/pubsub_interfaces' for CMake config files
[1.038s] [34mcolcon.colcon_core.shell[0m [1;30mLevel 1[0m create_environment_hook('pubsub_interfaces', 'cmake_prefix_path')
[1.038s] [34mcolcon.colcon_core.shell[0m [1;30mINFO[0m Creating environment hook '/home/ivan/personal/robotics_ros2/basic_concepts/ros2_ws/install/pubsub_interfaces/share/pubsub_interfaces/hook/cmake_prefix_path.ps1'
[1.039s] [34mcolcon.colcon_core.shell[0m [1;30mINFO[0m Creating environment descriptor '/home/ivan/personal/robotics_ros2/basic_concepts/ros2_ws/install/pubsub_interfaces/share/pubsub_interfaces/hook/cmake_prefix_path.dsv'
[1.039s] [34mcolcon.colcon_core.shell[0m [1;30mINFO[0m Creating environment hook '/home/ivan/personal/robotics_ros2/basic_concepts/ros2_ws/install/pubsub_interfaces/share/pubsub_interfaces/hook/cmake_prefix_path.sh'
[1.040s] [34mcolcon.colcon_core.environment[0m [1;30mLevel 1[0m checking '/home/ivan/personal/robotics_ros2/basic_concepts/ros2_ws/install/pubsub_interfaces/lib'
[1.040s] [34mcolcon.colcon_core.shell[0m [1;30mLevel 1[0m create_environment_hook('pubsub_interfaces', 'ld_library_path_lib')
[1.040s] [34mcolcon.colcon_core.shell[0m [1;30mINFO[0m Creating environment hook '/home/ivan/personal/robotics_ros2/basic_concepts/ros2_ws/install/pubsub_interfaces/share/pubsub_interfaces/hook/ld_library_path_lib.ps1'
[1.040s] [34mcolcon.colcon_core.shell[0m [1;30mINFO[0m Creating environment descriptor '/home/ivan/personal/robotics_ros2/basic_concepts/ros2_ws/install/pubsub_interfaces/share/pubsub_interfaces/hook/ld_library_path_lib.dsv'
[1.041s] [34mcolcon.colcon_core.shell[0m [1;30mINFO[0m Creating environment hook '/home/ivan/personal/robotics_ros2/basic_concepts/ros2_ws/install/pubsub_interfaces/share/pubsub_interfaces/hook/ld_library_path_lib.sh'
[1.041s] [34mcolcon.colcon_core.environment[0m [1;30mLevel 1[0m checking '/home/ivan/personal/robotics_ros2/basic_concepts/ros2_ws/install/pubsub_interfaces/bin'
[1.041s] [34mcolcon.colcon_core.environment[0m [1;30mLevel 1[0m checking '/home/ivan/personal/robotics_ros2/basic_concepts/ros2_ws/install/pubsub_interfaces/lib/pkgconfig/pubsub_interfaces.pc'
[1.041s] [34mcolcon.colcon_core.environment[0m [1;30mLevel 1[0m checking '/home/ivan/personal/robotics_ros2/basic_concepts/ros2_ws/install/pubsub_interfaces/lib/python3.10/site-packages'
[1.042s] [34mcolcon.colcon_core.environment[0m [1;30mLevel 1[0m checking '/home/ivan/personal/robotics_ros2/basic_concepts/ros2_ws/install/pubsub_interfaces/bin'
[1.042s] [34mcolcon.colcon_core.shell[0m [1;30mINFO[0m Creating package script '/home/ivan/personal/robotics_ros2/basic_concepts/ros2_ws/install/pubsub_interfaces/share/pubsub_interfaces/package.ps1'
[1.043s] [34mcolcon.colcon_core.shell[0m [1;30mINFO[0m Creating package descriptor '/home/ivan/personal/robotics_ros2/basic_concepts/ros2_ws/install/pubsub_interfaces/share/pubsub_interfaces/package.dsv'
[1.043s] [34mcolcon.colcon_core.shell[0m [1;30mINFO[0m Creating package script '/home/ivan/personal/robotics_ros2/basic_concepts/ros2_ws/install/pubsub_interfaces/share/pubsub_interfaces/package.sh'
[1.044s] [34mcolcon.colcon_core.shell[0m [1;30mINFO[0m Creating package script '/home/ivan/personal/robotics_ros2/basic_concepts/ros2_ws/install/pubsub_interfaces/share/pubsub_interfaces/package.bash'
[1.044s] [34mcolcon.colcon_core.shell[0m [1;30mINFO[0m Creating package script '/home/ivan/personal/robotics_ros2/basic_concepts/ros2_ws/install/pubsub_interfaces/share/pubsub_interfaces/package.zsh'
[1.045s] [34mcolcon.colcon_core.environment[0m [1;30mLevel 1[0m create_file_with_runtime_dependencies(/home/ivan/personal/robotics_ros2/basic_concepts/ros2_ws/install/pubsub_interfaces/share/colcon-core/packages/pubsub_interfaces)
[1.045s] [34mcolcon.colcon_core.environment[0m [1;30mLevel 1[0m create_environment_scripts_only(pubsub_interfaces)
[1.046s] [34mcolcon.colcon_core.environment[0m [1;30mLevel 1[0m checking '/home/ivan/personal/robotics_ros2/basic_concepts/ros2_ws/install/pubsub_interfaces' for CMake module files
[1.047s] [34mcolcon.colcon_core.environment[0m [1;30mLevel 1[0m checking '/home/ivan/personal/robotics_ros2/basic_concepts/ros2_ws/install/pubsub_interfaces' for CMake config files
[1.048s] [34mcolcon.colcon_core.shell[0m [1;30mLevel 1[0m create_environment_hook('pubsub_interfaces', 'cmake_prefix_path')
[1.048s] [34mcolcon.colcon_core.shell[0m [1;30mINFO[0m Creating environment hook '/home/ivan/personal/robotics_ros2/basic_concepts/ros2_ws/install/pubsub_interfaces/share/pubsub_interfaces/hook/cmake_prefix_path.ps1'
[1.049s] [34mcolcon.colcon_core.shell[0m [1;30mINFO[0m Creating environment descriptor '/home/ivan/personal/robotics_ros2/basic_concepts/ros2_ws/install/pubsub_interfaces/share/pubsub_interfaces/hook/cmake_prefix_path.dsv'
[1.050s] [34mcolcon.colcon_core.shell[0m [1;30mINFO[0m Creating environment hook '/home/ivan/personal/robotics_ros2/basic_concepts/ros2_ws/install/pubsub_interfaces/share/pubsub_interfaces/hook/cmake_prefix_path.sh'
[1.051s] [34mcolcon.colcon_core.environment[0m [1;30mLevel 1[0m checking '/home/ivan/personal/robotics_ros2/basic_concepts/ros2_ws/install/pubsub_interfaces/lib'
[1.051s] [34mcolcon.colcon_core.shell[0m [1;30mLevel 1[0m create_environment_hook('pubsub_interfaces', 'ld_library_path_lib')
[1.051s] [34mcolcon.colcon_core.shell[0m [1;30mINFO[0m Creating environment hook '/home/ivan/personal/robotics_ros2/basic_concepts/ros2_ws/install/pubsub_interfaces/share/pubsub_interfaces/hook/ld_library_path_lib.ps1'
[1.052s] [34mcolcon.colcon_core.shell[0m [1;30mINFO[0m Creating environment descriptor '/home/ivan/personal/robotics_ros2/basic_concepts/ros2_ws/install/pubsub_interfaces/share/pubsub_interfaces/hook/ld_library_path_lib.dsv'
[1.053s] [34mcolcon.colcon_core.shell[0m [1;30mINFO[0m Creating environment hook '/home/ivan/personal/robotics_ros2/basic_concepts/ros2_ws/install/pubsub_interfaces/share/pubsub_interfaces/hook/ld_library_path_lib.sh'
[1.053s] [34mcolcon.colcon_core.environment[0m [1;30mLevel 1[0m checking '/home/ivan/personal/robotics_ros2/basic_concepts/ros2_ws/install/pubsub_interfaces/bin'
[1.054s] [34mcolcon.colcon_core.environment[0m [1;30mLevel 1[0m checking '/home/ivan/personal/robotics_ros2/basic_concepts/ros2_ws/install/pubsub_interfaces/lib/pkgconfig/pubsub_interfaces.pc'
[1.054s] [34mcolcon.colcon_core.environment[0m [1;30mLevel 1[0m checking '/home/ivan/personal/robotics_ros2/basic_concepts/ros2_ws/install/pubsub_interfaces/lib/python3.10/site-packages'
[1.054s] [34mcolcon.colcon_core.environment[0m [1;30mLevel 1[0m checking '/home/ivan/personal/robotics_ros2/basic_concepts/ros2_ws/install/pubsub_interfaces/bin'
[1.055s] [34mcolcon.colcon_core.shell[0m [1;30mINFO[0m Creating package script '/home/ivan/personal/robotics_ros2/basic_concepts/ros2_ws/install/pubsub_interfaces/share/pubsub_interfaces/package.ps1'
[1.056s] [34mcolcon.colcon_core.shell[0m [1;30mINFO[0m Creating package descriptor '/home/ivan/personal/robotics_ros2/basic_concepts/ros2_ws/install/pubsub_interfaces/share/pubsub_interfaces/package.dsv'
[1.057s] [34mcolcon.colcon_core.shell[0m [1;30mINFO[0m Creating package script '/home/ivan/personal/robotics_ros2/basic_concepts/ros2_ws/install/pubsub_interfaces/share/pubsub_interfaces/package.sh'
[1.058s] [34mcolcon.colcon_core.shell[0m [1;30mINFO[0m Creating package script '/home/ivan/personal/robotics_ros2/basic_concepts/ros2_ws/install/pubsub_interfaces/share/pubsub_interfaces/package.bash'
[1.059s] [34mcolcon.colcon_core.shell[0m [1;30mINFO[0m Creating package script '/home/ivan/personal/robotics_ros2/basic_concepts/ros2_ws/install/pubsub_interfaces/share/pubsub_interfaces/package.zsh'
[1.059s] [34mcolcon.colcon_core.environment[0m [1;30mLevel 1[0m create_file_with_runtime_dependencies(/home/ivan/personal/robotics_ros2/basic_concepts/ros2_ws/install/pubsub_interfaces/share/colcon-core/packages/pubsub_interfaces)
[1.060s] [34mcolcon.colcon_ros.task.ament_python.build[0m [1;30mINFO[0m Building ROS package in '/home/ivan/personal/robotics_ros2/basic_concepts/ros2_ws/src/pubsub_custom' with build type 'ament_python'
[1.061s] [34mcolcon.colcon_core.shell[0m [1;30mLevel 1[0m create_environment_hook('pubsub_custom', 'ament_prefix_path')
[1.061s] [34mcolcon.colcon_core.shell[0m [1;30mINFO[0m Creating environment hook '/home/ivan/personal/robotics_ros2/basic_concepts/ros2_ws/install/pubsub_custom/share/pubsub_custom/hook/ament_prefix_path.ps1'
[1.062s] [34mcolcon.colcon_core.shell[0m [1;30mINFO[0m Creating environment descriptor '/home/ivan/personal/robotics_ros2/basic_concepts/ros2_ws/install/pubsub_custom/share/pubsub_custom/hook/ament_prefix_path.dsv'
[1.064s] [34mcolcon.colcon_core.shell[0m [1;30mINFO[0m Creating environment hook '/home/ivan/personal/robotics_ros2/basic_concepts/ros2_ws/install/pubsub_custom/share/pubsub_custom/hook/ament_prefix_path.sh'
[1.064s] [34mcolcon.colcon_core.shell[0m [1;30mINFO[0m Skip shell extension 'powershell' for command environment: Not usable outside of PowerShell
[1.064s] [34mcolcon.colcon_core.shell[0m [1;30mDEBUG[0m [32mSkip shell extension 'dsv' for command environment[0m
[1.069s] [34mcolcon.colcon_ros.task.ament_python.build[0m [1;30mINFO[0m Building ROS package in '/home/ivan/personal/robotics_ros2/basic_concepts/ros2_ws/src/turtle_controller' with build type 'ament_python'
[1.069s] [34mcolcon.colcon_core.shell[0m [1;30mLevel 1[0m create_environment_hook('turtle_controller', 'ament_prefix_path')
[1.070s] [34mcolcon.colcon_core.shell[0m [1;30mINFO[0m Creating environment hook '/home/ivan/personal/robotics_ros2/basic_concepts/ros2_ws/install/turtle_controller/share/turtle_controller/hook/ament_prefix_path.ps1'
[1.071s] [34mcolcon.colcon_core.shell[0m [1;30mINFO[0m Creating environment descriptor '/home/ivan/personal/robotics_ros2/basic_concepts/ros2_ws/install/turtle_controller/share/turtle_controller/hook/ament_prefix_path.dsv'
[1.072s] [34mcolcon.colcon_core.shell[0m [1;30mINFO[0m Creating environment hook '/home/ivan/personal/robotics_ros2/basic_concepts/ros2_ws/install/turtle_controller/share/turtle_controller/hook/ament_prefix_path.sh'
[1.073s] [34mcolcon.colcon_core.shell[0m [1;30mINFO[0m Skip shell extension 'powershell' for command environment: Not usable outside of PowerShell
[1.073s] [34mcolcon.colcon_core.shell[0m [1;30mDEBUG[0m [32mSkip shell extension 'dsv' for command environment[0m
[1.424s] [34mcolcon.colcon_core.task.python.build[0m [1;30mINFO[0m Building Python package in '/home/ivan/personal/robotics_ros2/basic_concepts/ros2_ws/src/pubsub_custom'
[1.425s] [34mcolcon.colcon_core.shell[0m [1;30mINFO[0m Skip shell extension 'powershell' for command environment: Not usable outside of PowerShell
[1.425s] [34mcolcon.colcon_core.shell[0m [1;30mDEBUG[0m [32mSkip shell extension 'dsv' for command environment[0m
[1.640s] [34mcolcon.colcon_core.task.python.build[0m [1;30mINFO[0m Building Python package in '/home/ivan/personal/robotics_ros2/basic_concepts/ros2_ws/src/turtle_controller'
[1.641s] [34mcolcon.colcon_core.shell[0m [1;30mINFO[0m Skip shell extension 'powershell' for command environment: Not usable outside of PowerShell
[1.641s] [34mcolcon.colcon_core.shell[0m [1;30mDEBUG[0m [32mSkip shell extension 'dsv' for command environment[0m
[1.651s] [34mcolcon.colcon_core.event_handler.log_command[0m [1;30mDEBUG[0m [32mInvoking command in '/home/ivan/personal/robotics_ros2/basic_concepts/ros2_ws/src/pubsub_img_pkg': PYTHONPATH=/home/ivan/personal/robotics_ros2/basic_concepts/ros2_ws/build/pubsub_img_pkg/prefix_override:/usr/lib/python3/dist-packages/colcon_core/task/python/colcon_distutils_commands:/home/ivan/personal/robotics_ros2/basic_concepts/ros2_ws/install/pubsub_img_pkg/lib/python3.10/site-packages:${PYTHONPATH} /usr/bin/python3 -W ignore:setup.py install is deprecated -W ignore:easy_install command is deprecated setup.py egg_info --egg-base ../../build/pubsub_img_pkg build --build-base /home/ivan/personal/robotics_ros2/basic_concepts/ros2_ws/build/pubsub_img_pkg/build install --record /home/ivan/personal/robotics_ros2/basic_concepts/ros2_ws/build/pubsub_img_pkg/install.log --single-version-externally-managed install_data[0m
[1.654s] [34mcolcon.colcon_core.event_handler.log_command[0m [1;30mDEBUG[0m [32mInvoking command in '/home/ivan/personal/robotics_ros2/basic_concepts/ros2_ws/src/pubsub_pkg': PYTHONPATH=/home/ivan/personal/robotics_ros2/basic_concepts/ros2_ws/build/pubsub_pkg/prefix_override:/usr/lib/python3/dist-packages/colcon_core/task/python/colcon_distutils_commands:/home/ivan/personal/robotics_ros2/basic_concepts/ros2_ws/install/pubsub_pkg/lib/python3.10/site-packages:${PYTHONPATH} /usr/bin/python3 -W ignore:setup.py install is deprecated -W ignore:easy_install command is deprecated setup.py egg_info --egg-base ../../build/pubsub_pkg build --build-base /home/ivan/personal/robotics_ros2/basic_concepts/ros2_ws/build/pubsub_pkg/build install --record /home/ivan/personal/robotics_ros2/basic_concepts/ros2_ws/build/pubsub_pkg/install.log --single-version-externally-managed install_data[0m
[2.010s] [34mcolcon.colcon_core.environment[0m [1;30mLevel 1[0m checking '/home/ivan/personal/robotics_ros2/basic_concepts/ros2_ws/install/pubsub_pkg' for CMake module files
[2.011s] [34mcolcon.colcon_core.event_handler.log_command[0m [1;30mDEBUG[0m [32mInvoked command in '/home/ivan/personal/robotics_ros2/basic_concepts/ros2_ws/src/pubsub_pkg' returned '0': PYTHONPATH=/home/ivan/personal/robotics_ros2/basic_concepts/ros2_ws/build/pubsub_pkg/prefix_override:/usr/lib/python3/dist-packages/colcon_core/task/python/colcon_distutils_commands:/home/ivan/personal/robotics_ros2/basic_concepts/ros2_ws/install/pubsub_pkg/lib/python3.10/site-packages:${PYTHONPATH} /usr/bin/python3 -W ignore:setup.py install is deprecated -W ignore:easy_install command is deprecated setup.py egg_info --egg-base ../../build/pubsub_pkg build --build-base /home/ivan/personal/robotics_ros2/basic_concepts/ros2_ws/build/pubsub_pkg/build install --record /home/ivan/personal/robotics_ros2/basic_concepts/ros2_ws/build/pubsub_pkg/install.log --single-version-externally-managed install_data[0m
[2.013s] [34mcolcon.colcon_core.environment[0m [1;30mLevel 1[0m checking '/home/ivan/personal/robotics_ros2/basic_concepts/ros2_ws/install/pubsub_pkg' for CMake config files
[2.013s] [34mcolcon.colcon_core.environment[0m [1;30mLevel 1[0m checking '/home/ivan/personal/robotics_ros2/basic_concepts/ros2_ws/install/pubsub_pkg/lib'
[2.014s] [34mcolcon.colcon_core.environment[0m [1;30mLevel 1[0m checking '/home/ivan/personal/robotics_ros2/basic_concepts/ros2_ws/install/pubsub_pkg/bin'
[2.014s] [34mcolcon.colcon_core.environment[0m [1;30mLevel 1[0m checking '/home/ivan/personal/robotics_ros2/basic_concepts/ros2_ws/install/pubsub_pkg/lib/pkgconfig/pubsub_pkg.pc'
[2.014s] [34mcolcon.colcon_core.environment[0m [1;30mLevel 1[0m checking '/home/ivan/personal/robotics_ros2/basic_concepts/ros2_ws/install/pubsub_pkg/lib/python3.10/site-packages'
[2.014s] [34mcolcon.colcon_core.shell[0m [1;30mLevel 1[0m create_environment_hook('pubsub_pkg', 'pythonpath')
[2.014s] [34mcolcon.colcon_core.shell[0m [1;30mINFO[0m Creating environment hook '/home/ivan/personal/robotics_ros2/basic_concepts/ros2_ws/install/pubsub_pkg/share/pubsub_pkg/hook/pythonpath.ps1'
[2.015s] [34mcolcon.colcon_core.shell[0m [1;30mINFO[0m Creating environment descriptor '/home/ivan/personal/robotics_ros2/basic_concepts/ros2_ws/install/pubsub_pkg/share/pubsub_pkg/hook/pythonpath.dsv'
[2.016s] [34mcolcon.colcon_core.shell[0m [1;30mINFO[0m Creating environment hook '/home/ivan/personal/robotics_ros2/basic_concepts/ros2_ws/install/pubsub_pkg/share/pubsub_pkg/hook/pythonpath.sh'
[2.017s] [34mcolcon.colcon_core.environment[0m [1;30mLevel 1[0m checking '/home/ivan/personal/robotics_ros2/basic_concepts/ros2_ws/install/pubsub_pkg/bin'
[2.017s] [34mcolcon.colcon_core.environment[0m [1;30mLevel 1[0m create_environment_scripts_only(pubsub_pkg)
[2.017s] [34mcolcon.colcon_core.shell[0m [1;30mINFO[0m Creating package script '/home/ivan/personal/robotics_ros2/basic_concepts/ros2_ws/install/pubsub_pkg/share/pubsub_pkg/package.ps1'
[2.018s] [34mcolcon.colcon_core.shell[0m [1;30mINFO[0m Creating package descriptor '/home/ivan/personal/robotics_ros2/basic_concepts/ros2_ws/install/pubsub_pkg/share/pubsub_pkg/package.dsv'
[2.018s] [34mcolcon.colcon_core.shell[0m [1;30mINFO[0m Creating package script '/home/ivan/personal/robotics_ros2/basic_concepts/ros2_ws/install/pubsub_pkg/share/pubsub_pkg/package.sh'
[2.019s] [34mcolcon.colcon_core.shell[0m [1;30mINFO[0m Creating package script '/home/ivan/personal/robotics_ros2/basic_concepts/ros2_ws/install/pubsub_pkg/share/pubsub_pkg/package.bash'
[2.019s] [34mcolcon.colcon_core.shell[0m [1;30mINFO[0m Creating package script '/home/ivan/personal/robotics_ros2/basic_concepts/ros2_ws/install/pubsub_pkg/share/pubsub_pkg/package.zsh'
[2.020s] [34mcolcon.colcon_core.environment[0m [1;30mLevel 1[0m create_file_with_runtime_dependencies(/home/ivan/personal/robotics_ros2/basic_concepts/ros2_ws/install/pubsub_pkg/share/colcon-core/packages/pubsub_pkg)
[2.032s] [34mcolcon.colcon_core.environment[0m [1;30mLevel 1[0m checking '/home/ivan/personal/robotics_ros2/basic_concepts/ros2_ws/install/pubsub_img_pkg' for CMake module files
[2.033s] [34mcolcon.colcon_core.event_handler.log_command[0m [1;30mDEBUG[0m [32mInvoked command in '/home/ivan/personal/robotics_ros2/basic_concepts/ros2_ws/src/pubsub_img_pkg' returned '0': PYTHONPATH=/home/ivan/personal/robotics_ros2/basic_concepts/ros2_ws/build/pubsub_img_pkg/prefix_override:/usr/lib/python3/dist-packages/colcon_core/task/python/colcon_distutils_commands:/home/ivan/personal/robotics_ros2/basic_concepts/ros2_ws/install/pubsub_img_pkg/lib/python3.10/site-packages:${PYTHONPATH} /usr/bin/python3 -W ignore:setup.py install is deprecated -W ignore:easy_install command is deprecated setup.py egg_info --egg-base ../../build/pubsub_img_pkg build --build-base /home/ivan/personal/robotics_ros2/basic_concepts/ros2_ws/build/pubsub_img_pkg/build install --record /home/ivan/personal/robotics_ros2/basic_concepts/ros2_ws/build/pubsub_img_pkg/install.log --single-version-externally-managed install_data[0m
[2.034s] [34mcolcon.colcon_core.environment[0m [1;30mLevel 1[0m checking '/home/ivan/personal/robotics_ros2/basic_concepts/ros2_ws/install/pubsub_img_pkg' for CMake config files
[2.034s] [34mcolcon.colcon_core.environment[0m [1;30mLevel 1[0m checking '/home/ivan/personal/robotics_ros2/basic_concepts/ros2_ws/install/pubsub_img_pkg/lib'
[2.034s] [34mcolcon.colcon_core.environment[0m [1;30mLevel 1[0m checking '/home/ivan/personal/robotics_ros2/basic_concepts/ros2_ws/install/pubsub_img_pkg/bin'
[2.034s] [34mcolcon.colcon_core.environment[0m [1;30mLevel 1[0m checking '/home/ivan/personal/robotics_ros2/basic_concepts/ros2_ws/install/pubsub_img_pkg/lib/pkgconfig/pubsub_img_pkg.pc'
[2.035s] [34mcolcon.colcon_core.environment[0m [1;30mLevel 1[0m checking '/home/ivan/personal/robotics_ros2/basic_concepts/ros2_ws/install/pubsub_img_pkg/lib/python3.10/site-packages'
[2.035s] [34mcolcon.colcon_core.shell[0m [1;30mLevel 1[0m create_environment_hook('pubsub_img_pkg', 'pythonpath')
[2.035s] [34mcolcon.colcon_core.shell[0m [1;30mINFO[0m Creating environment hook '/home/ivan/personal/robotics_ros2/basic_concepts/ros2_ws/install/pubsub_img_pkg/share/pubsub_img_pkg/hook/pythonpath.ps1'
[2.035s] [34mcolcon.colcon_core.shell[0m [1;30mINFO[0m Creating environment descriptor '/home/ivan/personal/robotics_ros2/basic_concepts/ros2_ws/install/pubsub_img_pkg/share/pubsub_img_pkg/hook/pythonpath.dsv'
[2.036s] [34mcolcon.colcon_core.shell[0m [1;30mINFO[0m Creating environment hook '/home/ivan/personal/robotics_ros2/basic_concepts/ros2_ws/install/pubsub_img_pkg/share/pubsub_img_pkg/hook/pythonpath.sh'
[2.036s] [34mcolcon.colcon_core.environment[0m [1;30mLevel 1[0m checking '/home/ivan/personal/robotics_ros2/basic_concepts/ros2_ws/install/pubsub_img_pkg/bin'
[2.036s] [34mcolcon.colcon_core.environment[0m [1;30mLevel 1[0m create_environment_scripts_only(pubsub_img_pkg)
[2.037s] [34mcolcon.colcon_core.shell[0m [1;30mINFO[0m Creating package script '/home/ivan/personal/robotics_ros2/basic_concepts/ros2_ws/install/pubsub_img_pkg/share/pubsub_img_pkg/package.ps1'
[2.037s] [34mcolcon.colcon_core.shell[0m [1;30mINFO[0m Creating package descriptor '/home/ivan/personal/robotics_ros2/basic_concepts/ros2_ws/install/pubsub_img_pkg/share/pubsub_img_pkg/package.dsv'
[2.038s] [34mcolcon.colcon_core.shell[0m [1;30mINFO[0m Creating package script '/home/ivan/personal/robotics_ros2/basic_concepts/ros2_ws/install/pubsub_img_pkg/share/pubsub_img_pkg/package.sh'
[2.038s] [34mcolcon.colcon_core.shell[0m [1;30mINFO[0m Creating package script '/home/ivan/personal/robotics_ros2/basic_concepts/ros2_ws/install/pubsub_img_pkg/share/pubsub_img_pkg/package.bash'
[2.038s] [34mcolcon.colcon_core.shell[0m [1;30mINFO[0m Creating package script '/home/ivan/personal/robotics_ros2/basic_concepts/ros2_ws/install/pubsub_img_pkg/share/pubsub_img_pkg/package.zsh'
[2.039s] [34mcolcon.colcon_core.environment[0m [1;30mLevel 1[0m create_file_with_runtime_dependencies(/home/ivan/personal/robotics_ros2/basic_concepts/ros2_ws/install/pubsub_img_pkg/share/colcon-core/packages/pubsub_img_pkg)
[2.065s] [34mcolcon.colcon_core.event_handler.log_command[0m [1;30mDEBUG[0m [32mInvoking command in '/home/ivan/personal/robotics_ros2/basic_concepts/ros2_ws/src/pubsub_custom': PYTHONPATH=/home/ivan/personal/robotics_ros2/basic_concepts/ros2_ws/build/pubsub_custom/prefix_override:/usr/lib/python3/dist-packages/colcon_core/task/python/colcon_distutils_commands:/home/ivan/personal/robotics_ros2/basic_concepts/ros2_ws/install/pubsub_custom/lib/python3.10/site-packages:${PYTHONPATH} /usr/bin/python3 -W ignore:setup.py install is deprecated -W ignore:easy_install command is deprecated setup.py egg_info --egg-base ../../build/pubsub_custom build --build-base /home/ivan/personal/robotics_ros2/basic_concepts/ros2_ws/build/pubsub_custom/build install --record /home/ivan/personal/robotics_ros2/basic_concepts/ros2_ws/build/pubsub_custom/install.log --single-version-externally-managed install_data[0m
[2.143s] [34mcolcon.colcon_core.event_handler.log_command[0m [1;30mDEBUG[0m [32mInvoking command in '/home/ivan/personal/robotics_ros2/basic_concepts/ros2_ws/src/turtle_controller': PYTHONPATH=/home/ivan/personal/robotics_ros2/basic_concepts/ros2_ws/build/turtle_controller/prefix_override:/usr/lib/python3/dist-packages/colcon_core/task/python/colcon_distutils_commands:/home/ivan/personal/robotics_ros2/basic_concepts/ros2_ws/install/turtle_controller/lib/python3.10/site-packages:${PYTHONPATH} /usr/bin/python3 -W ignore:setup.py install is deprecated -W ignore:easy_install command is deprecated setup.py egg_info --egg-base ../../build/turtle_controller build --build-base /home/ivan/personal/robotics_ros2/basic_concepts/ros2_ws/build/turtle_controller/build install --record /home/ivan/personal/robotics_ros2/basic_concepts/ros2_ws/build/turtle_controller/install.log --single-version-externally-managed install_data[0m
[2.338s] [34mcolcon.colcon_core.environment[0m [1;30mLevel 1[0m checking '/home/ivan/personal/robotics_ros2/basic_concepts/ros2_ws/install/pubsub_custom' for CMake module files
[2.339s] [34mcolcon.colcon_core.event_handler.log_command[0m [1;30mDEBUG[0m [32mInvoked command in '/home/ivan/personal/robotics_ros2/basic_concepts/ros2_ws/src/pubsub_custom' returned '0': PYTHONPATH=/home/ivan/personal/robotics_ros2/basic_concepts/ros2_ws/build/pubsub_custom/prefix_override:/usr/lib/python3/dist-packages/colcon_core/task/python/colcon_distutils_commands:/home/ivan/personal/robotics_ros2/basic_concepts/ros2_ws/install/pubsub_custom/lib/python3.10/site-packages:${PYTHONPATH} /usr/bin/python3 -W ignore:setup.py install is deprecated -W ignore:easy_install command is deprecated setup.py egg_info --egg-base ../../build/pubsub_custom build --build-base /home/ivan/personal/robotics_ros2/basic_concepts/ros2_ws/build/pubsub_custom/build install --record /home/ivan/personal/robotics_ros2/basic_concepts/ros2_ws/build/pubsub_custom/install.log --single-version-externally-managed install_data[0m
[2.339s] [34mcolcon.colcon_core.environment[0m [1;30mLevel 1[0m checking '/home/ivan/personal/robotics_ros2/basic_concepts/ros2_ws/install/pubsub_custom' for CMake config files
[2.340s] [34mcolcon.colcon_core.environment[0m [1;30mLevel 1[0m checking '/home/ivan/personal/robotics_ros2/basic_concepts/ros2_ws/install/pubsub_custom/lib'
[2.340s] [34mcolcon.colcon_core.environment[0m [1;30mLevel 1[0m checking '/home/ivan/personal/robotics_ros2/basic_concepts/ros2_ws/install/pubsub_custom/bin'
[2.340s] [34mcolcon.colcon_core.environment[0m [1;30mLevel 1[0m checking '/home/ivan/personal/robotics_ros2/basic_concepts/ros2_ws/install/pubsub_custom/lib/pkgconfig/pubsub_custom.pc'
[2.340s] [34mcolcon.colcon_core.environment[0m [1;30mLevel 1[0m checking '/home/ivan/personal/robotics_ros2/basic_concepts/ros2_ws/install/pubsub_custom/lib/python3.10/site-packages'
[2.341s] [34mcolcon.colcon_core.shell[0m [1;30mLevel 1[0m create_environment_hook('pubsub_custom', 'pythonpath')
[2.341s] [34mcolcon.colcon_core.shell[0m [1;30mINFO[0m Creating environment hook '/home/ivan/personal/robotics_ros2/basic_concepts/ros2_ws/install/pubsub_custom/share/pubsub_custom/hook/pythonpath.ps1'
[2.341s] [34mcolcon.colcon_core.shell[0m [1;30mINFO[0m Creating environment descriptor '/home/ivan/personal/robotics_ros2/basic_concepts/ros2_ws/install/pubsub_custom/share/pubsub_custom/hook/pythonpath.dsv'
[2.342s] [34mcolcon.colcon_core.shell[0m [1;30mINFO[0m Creating environment hook '/home/ivan/personal/robotics_ros2/basic_concepts/ros2_ws/install/pubsub_custom/share/pubsub_custom/hook/pythonpath.sh'
[2.342s] [34mcolcon.colcon_core.environment[0m [1;30mLevel 1[0m checking '/home/ivan/personal/robotics_ros2/basic_concepts/ros2_ws/install/pubsub_custom/bin'
[2.342s] [34mcolcon.colcon_core.environment[0m [1;30mLevel 1[0m create_environment_scripts_only(pubsub_custom)
[2.342s] [34mcolcon.colcon_core.shell[0m [1;30mINFO[0m Creating package script '/home/ivan/personal/robotics_ros2/basic_concepts/ros2_ws/install/pubsub_custom/share/pubsub_custom/package.ps1'
[2.343s] [34mcolcon.colcon_core.shell[0m [1;30mINFO[0m Creating package descriptor '/home/ivan/personal/robotics_ros2/basic_concepts/ros2_ws/install/pubsub_custom/share/pubsub_custom/package.dsv'
[2.343s] [34mcolcon.colcon_core.shell[0m [1;30mINFO[0m Creating package script '/home/ivan/personal/robotics_ros2/basic_concepts/ros2_ws/install/pubsub_custom/share/pubsub_custom/package.sh'
[2.344s] [34mcolcon.colcon_core.shell[0m [1;30mINFO[0m Creating package script '/home/ivan/personal/robotics_ros2/basic_concepts/ros2_ws/install/pubsub_custom/share/pubsub_custom/package.bash'
[2.344s] [34mcolcon.colcon_core.shell[0m [1;30mINFO[0m Creating package script '/home/ivan/personal/robotics_ros2/basic_concepts/ros2_ws/install/pubsub_custom/share/pubsub_custom/package.zsh'
[2.344s] [34mcolcon.colcon_core.environment[0m [1;30mLevel 1[0m create_file_with_runtime_dependencies(/home/ivan/personal/robotics_ros2/basic_concepts/ros2_ws/install/pubsub_custom/share/colcon-core/packages/pubsub_custom)
[2.417s] [34mcolcon.colcon_core.environment[0m [1;30mLevel 1[0m checking '/home/ivan/personal/robotics_ros2/basic_concepts/ros2_ws/install/turtle_controller' for CMake module files
[2.418s] [34mcolcon.colcon_core.event_handler.log_command[0m [1;30mDEBUG[0m [32mInvoked command in '/home/ivan/personal/robotics_ros2/basic_concepts/ros2_ws/src/turtle_controller' returned '0': PYTHONPATH=/home/ivan/personal/robotics_ros2/basic_concepts/ros2_ws/build/turtle_controller/prefix_override:/usr/lib/python3/dist-packages/colcon_core/task/python/colcon_distutils_commands:/home/ivan/personal/robotics_ros2/basic_concepts/ros2_ws/install/turtle_controller/lib/python3.10/site-packages:${PYTHONPATH} /usr/bin/python3 -W ignore:setup.py install is deprecated -W ignore:easy_install command is deprecated setup.py egg_info --egg-base ../../build/turtle_controller build --build-base /home/ivan/personal/robotics_ros2/basic_concepts/ros2_ws/build/turtle_controller/build install --record /home/ivan/personal/robotics_ros2/basic_concepts/ros2_ws/build/turtle_controller/install.log --single-version-externally-managed install_data[0m
[2.418s] [34mcolcon.colcon_core.environment[0m [1;30mLevel 1[0m checking '/home/ivan/personal/robotics_ros2/basic_concepts/ros2_ws/install/turtle_controller' for CMake config files
[2.418s] [34mcolcon.colcon_core.environment[0m [1;30mLevel 1[0m checking '/home/ivan/personal/robotics_ros2/basic_concepts/ros2_ws/install/turtle_controller/lib'
[2.418s] [34mcolcon.colcon_core.environment[0m [1;30mLevel 1[0m checking '/home/ivan/personal/robotics_ros2/basic_concepts/ros2_ws/install/turtle_controller/bin'
[2.418s] [34mcolcon.colcon_core.environment[0m [1;30mLevel 1[0m checking '/home/ivan/personal/robotics_ros2/basic_concepts/ros2_ws/install/turtle_controller/lib/pkgconfig/turtle_controller.pc'
[2.419s] [34mcolcon.colcon_core.environment[0m [1;30mLevel 1[0m checking '/home/ivan/personal/robotics_ros2/basic_concepts/ros2_ws/install/turtle_controller/lib/python3.10/site-packages'
[2.419s] [34mcolcon.colcon_core.shell[0m [1;30mLevel 1[0m create_environment_hook('turtle_controller', 'pythonpath')
[2.419s] [34mcolcon.colcon_core.shell[0m [1;30mINFO[0m Creating environment hook '/home/ivan/personal/robotics_ros2/basic_concepts/ros2_ws/install/turtle_controller/share/turtle_controller/hook/pythonpath.ps1'
[2.419s] [34mcolcon.colcon_core.shell[0m [1;30mINFO[0m Creating environment descriptor '/home/ivan/personal/robotics_ros2/basic_concepts/ros2_ws/install/turtle_controller/share/turtle_controller/hook/pythonpath.dsv'
[2.420s] [34mcolcon.colcon_core.shell[0m [1;30mINFO[0m Creating environment hook '/home/ivan/personal/robotics_ros2/basic_concepts/ros2_ws/install/turtle_controller/share/turtle_controller/hook/pythonpath.sh'
[2.420s] [34mcolcon.colcon_core.environment[0m [1;30mLevel 1[0m checking '/home/ivan/personal/robotics_ros2/basic_concepts/ros2_ws/install/turtle_controller/bin'
[2.420s] [34mcolcon.colcon_core.environment[0m [1;30mLevel 1[0m create_environment_scripts_only(turtle_controller)
[2.421s] [34mcolcon.colcon_core.shell[0m [1;30mINFO[0m Creating package script '/home/ivan/personal/robotics_ros2/basic_concepts/ros2_ws/install/turtle_controller/share/turtle_controller/package.ps1'
[2.421s] [34mcolcon.colcon_core.shell[0m [1;30mINFO[0m Creating package descriptor '/home/ivan/personal/robotics_ros2/basic_concepts/ros2_ws/install/turtle_controller/share/turtle_controller/package.dsv'
[2.422s] [34mcolcon.colcon_core.shell[0m [1;30mINFO[0m Creating package script '/home/ivan/personal/robotics_ros2/basic_concepts/ros2_ws/install/turtle_controller/share/turtle_controller/package.sh'
[2.422s] [34mcolcon.colcon_core.shell[0m [1;30mINFO[0m Creating package script '/home/ivan/personal/robotics_ros2/basic_concepts/ros2_ws/install/turtle_controller/share/turtle_controller/package.bash'
[2.423s] [34mcolcon.colcon_core.shell[0m [1;30mINFO[0m Creating package script '/home/ivan/personal/robotics_ros2/basic_concepts/ros2_ws/install/turtle_controller/share/turtle_controller/package.zsh'
[2.423s] [34mcolcon.colcon_core.environment[0m [1;30mLevel 1[0m create_file_with_runtime_dependencies(/home/ivan/personal/robotics_ros2/basic_concepts/ros2_ws/install/turtle_controller/share/colcon-core/packages/turtle_controller)
[2.423s] [34mcolcon.colcon_parallel_executor.executor.parallel[0m [1;30mDEBUG[0m [32mclosing loop[0m
[2.424s] [34mcolcon.colcon_parallel_executor.executor.parallel[0m [1;30mDEBUG[0m [32mloop closed[0m
[2.424s] [34mcolcon.colcon_parallel_executor.executor.parallel[0m [1;30mDEBUG[0m [32mrun_until_complete finished with '0'[0m
[2.424s] [34mcolcon.colcon_core.event_reactor[0m [1;30mDEBUG[0m [32mjoining thread[0m
[2.455s] [34mcolcon.colcon_core.plugin_system[0m [1;30mINFO[0m Skipping extension 'colcon_notification.desktop_notification.notify_send': Could not find 'notify-send'
[2.456s] [34mcolcon.colcon_core.plugin_system[0m [1;30mINFO[0m Skipping extension 'colcon_notification.desktop_notification.terminal_notifier': Not used on non-Darwin systems
[2.456s] [34mcolcon.colcon_core.plugin_system[0m [1;30mINFO[0m Skipping extension 'colcon_notification.desktop_notification.win32': Not used on non-Windows systems
[2.456s] [34mcolcon.colcon_notification.desktop_notification[0m [1;30mINFO[0m Sending desktop notification using 'notify2'
[2.457s] [34mcolcon.colcon_notification.desktop_notification.notify2[0m [1;30mDEBUG[0m [32mFailed to initialize notify2: org.freedesktop.DBus.Error.ServiceUnknown: The name org.freedesktop.Notifications was not provided by any .service files[0m
[2.457s] [34mcolcon.colcon_core.event_reactor[0m [1;30mDEBUG[0m [32mjoined thread[0m
[2.458s] [34mcolcon.colcon_core.shell[0m [1;30mINFO[0m Creating prefix script '/home/ivan/personal/robotics_ros2/basic_concepts/ros2_ws/install/local_setup.ps1'
[2.459s] [34mcolcon.colcon_core.shell[0m [1;30mINFO[0m Creating prefix util module '/home/ivan/personal/robotics_ros2/basic_concepts/ros2_ws/install/_local_setup_util_ps1.py'
[2.459s] [34mcolcon.colcon_core.shell[0m [1;30mINFO[0m Creating prefix chain script '/home/ivan/personal/robotics_ros2/basic_concepts/ros2_ws/install/setup.ps1'
[2.460s] [34mcolcon.colcon_core.shell[0m [1;30mINFO[0m Creating prefix script '/home/ivan/personal/robotics_ros2/basic_concepts/ros2_ws/install/local_setup.sh'
[2.461s] [34mcolcon.colcon_core.shell[0m [1;30mINFO[0m Creating prefix util module '/home/ivan/personal/robotics_ros2/basic_concepts/ros2_ws/install/_local_setup_util_sh.py'
[2.461s] [34mcolcon.colcon_core.shell[0m [1;30mINFO[0m Creating prefix chain script '/home/ivan/personal/robotics_ros2/basic_concepts/ros2_ws/install/setup.sh'
[2.462s] [34mcolcon.colcon_core.shell[0m [1;30mINFO[0m Creating prefix script '/home/ivan/personal/robotics_ros2/basic_concepts/ros2_ws/install/local_setup.bash'
[2.462s] [34mcolcon.colcon_core.shell[0m [1;30mINFO[0m Creating prefix chain script '/home/ivan/personal/robotics_ros2/basic_concepts/ros2_ws/install/setup.bash'
[2.463s] [34mcolcon.colcon_core.shell[0m [1;30mINFO[0m Creating prefix script '/home/ivan/personal/robotics_ros2/basic_concepts/ros2_ws/install/local_setup.zsh'
[2.463s] [34mcolcon.colcon_core.shell[0m [1;30mINFO[0m Creating prefix chain script '/home/ivan/personal/robotics_ros2/basic_concepts/ros2_ws/install/setup.zsh'
