running egg_info
creating ../../build/diff_drive_description/diff_drive_description.egg-info
writing ../../build/diff_drive_description/diff_drive_description.egg-info/PKG-INFO
writing dependency_links to ../../build/diff_drive_description/diff_drive_description.egg-info/dependency_links.txt
writing entry points to ../../build/diff_drive_description/diff_drive_description.egg-info/entry_points.txt
writing requirements to ../../build/diff_drive_description/diff_drive_description.egg-info/requires.txt
writing top-level names to ../../build/diff_drive_description/diff_drive_description.egg-info/top_level.txt
writing manifest file '../../build/diff_drive_description/diff_drive_description.egg-info/SOURCES.txt'
reading manifest file '../../build/diff_drive_description/diff_drive_description.egg-info/SOURCES.txt'
writing manifest file '../../build/diff_drive_description/diff_drive_description.egg-info/SOURCES.txt'
running build
running build_py
creating /home/ivan/personal/robotics_ros2/robotics_programming/build/diff_drive_description/build
creating /home/ivan/personal/robotics_ros2/robotics_programming/build/diff_drive_description/build/lib
creating /home/ivan/personal/robotics_ros2/robotics_programming/build/diff_drive_description/build/lib/diff_drive_description
copying diff_drive_description/__init__.py -> /home/ivan/personal/robotics_ros2/robotics_programming/build/diff_drive_description/build/lib/diff_drive_description
running install
running install_lib
creating /home/ivan/personal/robotics_ros2/robotics_programming/install/diff_drive_description/lib/python3.10/site-packages/diff_drive_description
copying /home/ivan/personal/robotics_ros2/robotics_programming/build/diff_drive_description/build/lib/diff_drive_description/__init__.py -> /home/ivan/personal/robotics_ros2/robotics_programming/install/diff_drive_description/lib/python3.10/site-packages/diff_drive_description
byte-compiling /home/ivan/personal/robotics_ros2/robotics_programming/install/diff_drive_description/lib/python3.10/site-packages/diff_drive_description/__init__.py to __init__.cpython-310.pyc
running install_data
creating /home/ivan/personal/robotics_ros2/robotics_programming/install/diff_drive_description/share/ament_index
creating /home/ivan/personal/robotics_ros2/robotics_programming/install/diff_drive_description/share/ament_index/resource_index
creating /home/ivan/personal/robotics_ros2/robotics_programming/install/diff_drive_description/share/ament_index/resource_index/packages
copying resource/diff_drive_description -> /home/ivan/personal/robotics_ros2/robotics_programming/install/diff_drive_description/share/ament_index/resource_index/packages
copying package.xml -> /home/ivan/personal/robotics_ros2/robotics_programming/install/diff_drive_description/share/diff_drive_description
copying urdf/diff_drive_macro.xacro -> /home/ivan/personal/robotics_ros2/robotics_programming/install/diff_drive_description/share/diff_drive_description
copying urdf/diff_drive.xacro -> /home/ivan/personal/robotics_ros2/robotics_programming/install/diff_drive_description/share/diff_drive_description
copying urdf/diff_drive_with_lidar.xacro -> /home/ivan/personal/robotics_ros2/robotics_programming/install/diff_drive_description/share/diff_drive_description
copying urdf/diff_drive_with_lidar_control.xacro -> /home/ivan/personal/robotics_ros2/robotics_programming/install/diff_drive_description/share/diff_drive_description
copying launch/display.launch.py -> /home/ivan/personal/robotics_ros2/robotics_programming/install/diff_drive_description/share/diff_drive_description
copying launch/diff_drive_gazebo.launch.py -> /home/ivan/personal/robotics_ros2/robotics_programming/install/diff_drive_description/share/diff_drive_description
running install_egg_info
Copying ../../build/diff_drive_description/diff_drive_description.egg-info to /home/ivan/personal/robotics_ros2/robotics_programming/install/diff_drive_description/lib/python3.10/site-packages/diff_drive_description-0.0.0-py3.10.egg-info
running install_scripts
writing list of installed files to '/home/ivan/personal/robotics_ros2/robotics_programming/build/diff_drive_description/install.log'
