[1.702s] Invoking command in '/home/ivan/personal/robotics_ros2/robotics_programming/src/diff_drive_description': PYTHONPATH=/home/ivan/personal/robotics_ros2/robotics_programming/build/diff_drive_description/prefix_override:/usr/lib/python3/dist-packages/colcon_core/task/python/colcon_distutils_commands:/home/ivan/personal/robotics_ros2/robotics_programming/install/diff_drive_description/lib/python3.10/site-packages:${PYTHONPATH} /usr/bin/python3 -W ignore:setup.py install is deprecated -W ignore:easy_install command is deprecated setup.py egg_info --egg-base ../../build/diff_drive_description build --build-base /home/ivan/personal/robotics_ros2/robotics_programming/build/diff_drive_description/build install --record /home/ivan/personal/robotics_ros2/robotics_programming/build/diff_drive_description/install.log --single-version-externally-managed install_data
[2.078s] running egg_info
[2.078s] creating ../../build/diff_drive_description/diff_drive_description.egg-info
[2.079s] writing ../../build/diff_drive_description/diff_drive_description.egg-info/PKG-INFO
[2.080s] writing dependency_links to ../../build/diff_drive_description/diff_drive_description.egg-info/dependency_links.txt
[2.081s] writing entry points to ../../build/diff_drive_description/diff_drive_description.egg-info/entry_points.txt
[2.081s] writing requirements to ../../build/diff_drive_description/diff_drive_description.egg-info/requires.txt
[2.082s] writing top-level names to ../../build/diff_drive_description/diff_drive_description.egg-info/top_level.txt
[2.082s] writing manifest file '../../build/diff_drive_description/diff_drive_description.egg-info/SOURCES.txt'
[2.084s] reading manifest file '../../build/diff_drive_description/diff_drive_description.egg-info/SOURCES.txt'
[2.087s] writing manifest file '../../build/diff_drive_description/diff_drive_description.egg-info/SOURCES.txt'
[2.088s] running build
[2.088s] running build_py
[2.089s] creating /home/ivan/personal/robotics_ros2/robotics_programming/build/diff_drive_description/build
[2.090s] creating /home/ivan/personal/robotics_ros2/robotics_programming/build/diff_drive_description/build/lib
[2.090s] creating /home/ivan/personal/robotics_ros2/robotics_programming/build/diff_drive_description/build/lib/diff_drive_description
[2.091s] copying diff_drive_description/__init__.py -> /home/ivan/personal/robotics_ros2/robotics_programming/build/diff_drive_description/build/lib/diff_drive_description
[2.091s] running install
[2.095s] running install_lib
[2.096s] creating /home/ivan/personal/robotics_ros2/robotics_programming/install/diff_drive_description/lib/python3.10/site-packages/diff_drive_description
[2.096s] copying /home/ivan/personal/robotics_ros2/robotics_programming/build/diff_drive_description/build/lib/diff_drive_description/__init__.py -> /home/ivan/personal/robotics_ros2/robotics_programming/install/diff_drive_description/lib/python3.10/site-packages/diff_drive_description
[2.097s] byte-compiling /home/ivan/personal/robotics_ros2/robotics_programming/install/diff_drive_description/lib/python3.10/site-packages/diff_drive_description/__init__.py to __init__.cpython-310.pyc
[2.097s] running install_data
[2.097s] creating /home/ivan/personal/robotics_ros2/robotics_programming/install/diff_drive_description/share/ament_index
[2.097s] creating /home/ivan/personal/robotics_ros2/robotics_programming/install/diff_drive_description/share/ament_index/resource_index
[2.097s] creating /home/ivan/personal/robotics_ros2/robotics_programming/install/diff_drive_description/share/ament_index/resource_index/packages
[2.098s] copying resource/diff_drive_description -> /home/ivan/personal/robotics_ros2/robotics_programming/install/diff_drive_description/share/ament_index/resource_index/packages
[2.098s] copying package.xml -> /home/ivan/personal/robotics_ros2/robotics_programming/install/diff_drive_description/share/diff_drive_description
[2.098s] copying urdf/diff_drive_macro.xacro -> /home/ivan/personal/robotics_ros2/robotics_programming/install/diff_drive_description/share/diff_drive_description
[2.098s] copying urdf/diff_drive.xacro -> /home/ivan/personal/robotics_ros2/robotics_programming/install/diff_drive_description/share/diff_drive_description
[2.098s] copying urdf/diff_drive_with_lidar.xacro -> /home/ivan/personal/robotics_ros2/robotics_programming/install/diff_drive_description/share/diff_drive_description
[2.099s] copying urdf/diff_drive_with_lidar_control.xacro -> /home/ivan/personal/robotics_ros2/robotics_programming/install/diff_drive_description/share/diff_drive_description
[2.099s] copying launch/display.launch.py -> /home/ivan/personal/robotics_ros2/robotics_programming/install/diff_drive_description/share/diff_drive_description
[2.099s] copying launch/diff_drive_gazebo.launch.py -> /home/ivan/personal/robotics_ros2/robotics_programming/install/diff_drive_description/share/diff_drive_description
[2.100s] running install_egg_info
[2.100s] Copying ../../build/diff_drive_description/diff_drive_description.egg-info to /home/ivan/personal/robotics_ros2/robotics_programming/install/diff_drive_description/lib/python3.10/site-packages/diff_drive_description-0.0.0-py3.10.egg-info
[2.101s] running install_scripts
[2.140s] writing list of installed files to '/home/ivan/personal/robotics_ros2/robotics_programming/build/diff_drive_description/install.log'
[2.193s] Invoked command in '/home/ivan/personal/robotics_ros2/robotics_programming/src/diff_drive_description' returned '0': PYTHONPATH=/home/ivan/personal/robotics_ros2/robotics_programming/build/diff_drive_description/prefix_override:/usr/lib/python3/dist-packages/colcon_core/task/python/colcon_distutils_commands:/home/ivan/personal/robotics_ros2/robotics_programming/install/diff_drive_description/lib/python3.10/site-packages:${PYTHONPATH} /usr/bin/python3 -W ignore:setup.py install is deprecated -W ignore:easy_install command is deprecated setup.py egg_info --egg-base ../../build/diff_drive_description build --build-base /home/ivan/personal/robotics_ros2/robotics_programming/build/diff_drive_description/build install --record /home/ivan/personal/robotics_ros2/robotics_programming/build/diff_drive_description/install.log --single-version-externally-managed install_data
