[0.544s] Invoking command in '/home/ivan/personal/robotics_ros2/robotics_programming/src/usb_camera_reader': PYTHONPATH=/home/ivan/personal/robotics_ros2/robotics_programming/build/usb_camera_reader/prefix_override:/usr/lib/python3/dist-packages/colcon_core/task/python/colcon_distutils_commands:/home/ivan/personal/robotics_ros2/robotics_programming/install/usb_camera_reader/lib/python3.10/site-packages:${PYTHONPATH} /usr/bin/python3 -W ignore:setup.py install is deprecated -W ignore:easy_install command is deprecated setup.py egg_info --egg-base ../../build/usb_camera_reader build --build-base /home/ivan/personal/robotics_ros2/robotics_programming/build/usb_camera_reader/build install --record /home/ivan/personal/robotics_ros2/robotics_programming/build/usb_camera_reader/install.log --single-version-externally-managed install_data
[0.731s] running egg_info
[0.731s] writing ../../build/usb_camera_reader/usb_camera_reader.egg-info/PKG-INFO
[0.732s] writing dependency_links to ../../build/usb_camera_reader/usb_camera_reader.egg-info/dependency_links.txt
[0.732s] writing entry points to ../../build/usb_camera_reader/usb_camera_reader.egg-info/entry_points.txt
[0.732s] writing requirements to ../../build/usb_camera_reader/usb_camera_reader.egg-info/requires.txt
[0.733s] writing top-level names to ../../build/usb_camera_reader/usb_camera_reader.egg-info/top_level.txt
[0.734s] reading manifest file '../../build/usb_camera_reader/usb_camera_reader.egg-info/SOURCES.txt'
[0.737s] writing manifest file '../../build/usb_camera_reader/usb_camera_reader.egg-info/SOURCES.txt'
[0.738s] running build
[0.738s] running build_py
[0.738s] copying usb_camera_reader/camera_publisher.py -> /home/ivan/personal/robotics_ros2/robotics_programming/build/usb_camera_reader/build/lib/usb_camera_reader
[0.738s] running install
[0.738s] running install_lib
[0.739s] copying /home/ivan/personal/robotics_ros2/robotics_programming/build/usb_camera_reader/build/lib/usb_camera_reader/camera_publisher.py -> /home/ivan/personal/robotics_ros2/robotics_programming/install/usb_camera_reader/lib/python3.10/site-packages/usb_camera_reader
[0.740s] byte-compiling /home/ivan/personal/robotics_ros2/robotics_programming/install/usb_camera_reader/lib/python3.10/site-packages/usb_camera_reader/camera_publisher.py to camera_publisher.cpython-310.pyc
[0.741s] running install_data
[0.741s] running install_egg_info
[0.742s] removing '/home/ivan/personal/robotics_ros2/robotics_programming/install/usb_camera_reader/lib/python3.10/site-packages/usb_camera_reader-0.0.0-py3.10.egg-info' (and everything under it)
[0.743s] Copying ../../build/usb_camera_reader/usb_camera_reader.egg-info to /home/ivan/personal/robotics_ros2/robotics_programming/install/usb_camera_reader/lib/python3.10/site-packages/usb_camera_reader-0.0.0-py3.10.egg-info
[0.743s] running install_scripts
[0.759s] Installing camera_publisher script to /home/ivan/personal/robotics_ros2/robotics_programming/install/usb_camera_reader/lib/usb_camera_reader
[0.759s] writing list of installed files to '/home/ivan/personal/robotics_ros2/robotics_programming/build/usb_camera_reader/install.log'
[0.784s] Invoked command in '/home/ivan/personal/robotics_ros2/robotics_programming/src/usb_camera_reader' returned '0': PYTHONPATH=/home/ivan/personal/robotics_ros2/robotics_programming/build/usb_camera_reader/prefix_override:/usr/lib/python3/dist-packages/colcon_core/task/python/colcon_distutils_commands:/home/ivan/personal/robotics_ros2/robotics_programming/install/usb_camera_reader/lib/python3.10/site-packages:${PYTHONPATH} /usr/bin/python3 -W ignore:setup.py install is deprecated -W ignore:easy_install command is deprecated setup.py egg_info --egg-base ../../build/usb_camera_reader build --build-base /home/ivan/personal/robotics_ros2/robotics_programming/build/usb_camera_reader/build install --record /home/ivan/personal/robotics_ros2/robotics_programming/build/usb_camera_reader/install.log --single-version-externally-managed install_data
