[1.467s] Invoking command in '/home/ivan/personal/robotics_ros2/robotics_programming/src/yolo_object_detector': PYTHONPATH=/home/ivan/personal/robotics_ros2/robotics_programming/build/yolo_object_detector/prefix_override:/usr/lib/python3/dist-packages/colcon_core/task/python/colcon_distutils_commands:/home/ivan/personal/robotics_ros2/robotics_programming/install/yolo_object_detector/lib/python3.10/site-packages:${PYTHONPATH} /usr/bin/python3 -W ignore:setup.py install is deprecated -W ignore:easy_install command is deprecated setup.py egg_info --egg-base ../../build/yolo_object_detector build --build-base /home/ivan/personal/robotics_ros2/robotics_programming/build/yolo_object_detector/build install --record /home/ivan/personal/robotics_ros2/robotics_programming/build/yolo_object_detector/install.log --single-version-externally-managed install_data
[1.766s] running egg_info
[1.768s] writing ../../build/yolo_object_detector/yolo_object_detector.egg-info/PKG-INFO
[1.768s] writing dependency_links to ../../build/yolo_object_detector/yolo_object_detector.egg-info/dependency_links.txt
[1.768s] writing entry points to ../../build/yolo_object_detector/yolo_object_detector.egg-info/entry_points.txt
[1.769s] writing requirements to ../../build/yolo_object_detector/yolo_object_detector.egg-info/requires.txt
[1.770s] writing top-level names to ../../build/yolo_object_detector/yolo_object_detector.egg-info/top_level.txt
[1.771s] reading manifest file '../../build/yolo_object_detector/yolo_object_detector.egg-info/SOURCES.txt'
[1.774s] writing manifest file '../../build/yolo_object_detector/yolo_object_detector.egg-info/SOURCES.txt'
[1.774s] running build
[1.774s] running build_py
[1.775s] running install
[1.776s] running install_lib
[1.778s] running install_data
[1.778s] running install_egg_info
[1.781s] removing '/home/ivan/personal/robotics_ros2/robotics_programming/install/yolo_object_detector/lib/python3.10/site-packages/yolo_object_detector-0.0.0-py3.10.egg-info' (and everything under it)
[1.782s] Copying ../../build/yolo_object_detector/yolo_object_detector.egg-info to /home/ivan/personal/robotics_ros2/robotics_programming/install/yolo_object_detector/lib/python3.10/site-packages/yolo_object_detector-0.0.0-py3.10.egg-info
[1.784s] running install_scripts
[1.814s] Installing yolo_object_detector script to /home/ivan/personal/robotics_ros2/robotics_programming/install/yolo_object_detector/lib/yolo_object_detector
[1.815s] writing list of installed files to '/home/ivan/personal/robotics_ros2/robotics_programming/build/yolo_object_detector/install.log'
[1.865s] Invoked command in '/home/ivan/personal/robotics_ros2/robotics_programming/src/yolo_object_detector' returned '0': PYTHONPATH=/home/ivan/personal/robotics_ros2/robotics_programming/build/yolo_object_detector/prefix_override:/usr/lib/python3/dist-packages/colcon_core/task/python/colcon_distutils_commands:/home/ivan/personal/robotics_ros2/robotics_programming/install/yolo_object_detector/lib/python3.10/site-packages:${PYTHONPATH} /usr/bin/python3 -W ignore:setup.py install is deprecated -W ignore:easy_install command is deprecated setup.py egg_info --egg-base ../../build/yolo_object_detector build --build-base /home/ivan/personal/robotics_ros2/robotics_programming/build/yolo_object_detector/build install --record /home/ivan/personal/robotics_ros2/robotics_programming/build/yolo_object_detector/install.log --single-version-externally-managed install_data
