[0.781s] Invoking command in '/home/ivan/personal/robotics_ros2/robotics_programming/src/usb_camera_reader': PYTHONPATH=/home/ivan/personal/robotics_ros2/robotics_programming/build/usb_camera_reader/prefix_override:/usr/lib/python3/dist-packages/colcon_core/task/python/colcon_distutils_commands:/home/ivan/personal/robotics_ros2/robotics_programming/install/usb_camera_reader/lib/python3.10/site-packages:${PYTHONPATH} /usr/bin/python3 -W ignore:setup.py install is deprecated -W ignore:easy_install command is deprecated setup.py egg_info --egg-base ../../build/usb_camera_reader build --build-base /home/ivan/personal/robotics_ros2/robotics_programming/build/usb_camera_reader/build install --record /home/ivan/personal/robotics_ros2/robotics_programming/build/usb_camera_reader/install.log --single-version-externally-managed install_data
[0.987s] running egg_info
[0.988s] writing ../../build/usb_camera_reader/usb_camera_reader.egg-info/PKG-INFO
[0.988s] writing dependency_links to ../../build/usb_camera_reader/usb_camera_reader.egg-info/dependency_links.txt
[0.988s] writing entry points to ../../build/usb_camera_reader/usb_camera_reader.egg-info/entry_points.txt
[0.988s] writing requirements to ../../build/usb_camera_reader/usb_camera_reader.egg-info/requires.txt
[0.989s] writing top-level names to ../../build/usb_camera_reader/usb_camera_reader.egg-info/top_level.txt
[0.991s] reading manifest file '../../build/usb_camera_reader/usb_camera_reader.egg-info/SOURCES.txt'
[0.991s] writing manifest file '../../build/usb_camera_reader/usb_camera_reader.egg-info/SOURCES.txt'
[0.991s] running build
[0.991s] running build_py
[0.992s] running install
[0.993s] running install_lib
[0.994s] running install_data
[0.994s] running install_egg_info
[0.995s] removing '/home/ivan/personal/robotics_ros2/robotics_programming/install/usb_camera_reader/lib/python3.10/site-packages/usb_camera_reader-0.0.0-py3.10.egg-info' (and everything under it)
[0.995s] Copying ../../build/usb_camera_reader/usb_camera_reader.egg-info to /home/ivan/personal/robotics_ros2/robotics_programming/install/usb_camera_reader/lib/python3.10/site-packages/usb_camera_reader-0.0.0-py3.10.egg-info
[0.996s] running install_scripts
[1.017s] Installing camera_publisher script to /home/ivan/personal/robotics_ros2/robotics_programming/install/usb_camera_reader/lib/usb_camera_reader
[1.018s] writing list of installed files to '/home/ivan/personal/robotics_ros2/robotics_programming/build/usb_camera_reader/install.log'
[1.049s] Invoked command in '/home/ivan/personal/robotics_ros2/robotics_programming/src/usb_camera_reader' returned '0': PYTHONPATH=/home/ivan/personal/robotics_ros2/robotics_programming/build/usb_camera_reader/prefix_override:/usr/lib/python3/dist-packages/colcon_core/task/python/colcon_distutils_commands:/home/ivan/personal/robotics_ros2/robotics_programming/install/usb_camera_reader/lib/python3.10/site-packages:${PYTHONPATH} /usr/bin/python3 -W ignore:setup.py install is deprecated -W ignore:easy_install command is deprecated setup.py egg_info --egg-base ../../build/usb_camera_reader build --build-base /home/ivan/personal/robotics_ros2/robotics_programming/build/usb_camera_reader/build install --record /home/ivan/personal/robotics_ros2/robotics_programming/build/usb_camera_reader/install.log --single-version-externally-managed install_data
