[0.985s] Invoking command in '/home/ivan/personal/robotics_ros2/robotics_programming/src/yolo_object_detector': PYTHONPATH=/home/ivan/personal/robotics_ros2/robotics_programming/build/yolo_object_detector/prefix_override:/usr/lib/python3/dist-packages/colcon_core/task/python/colcon_distutils_commands:/home/ivan/personal/robotics_ros2/robotics_programming/install/yolo_object_detector/lib/python3.10/site-packages:${PYTHONPATH} /usr/bin/python3 -W ignore:setup.py install is deprecated -W ignore:easy_install command is deprecated setup.py egg_info --egg-base ../../build/yolo_object_detector build --build-base /home/ivan/personal/robotics_ros2/robotics_programming/build/yolo_object_detector/build install --record /home/ivan/personal/robotics_ros2/robotics_programming/build/yolo_object_detector/install.log --single-version-externally-managed install_data
[1.210s] running egg_info
[1.210s] creating ../../build/yolo_object_detector/yolo_object_detector.egg-info
[1.211s] writing ../../build/yolo_object_detector/yolo_object_detector.egg-info/PKG-INFO
[1.212s] writing dependency_links to ../../build/yolo_object_detector/yolo_object_detector.egg-info/dependency_links.txt
[1.212s] writing entry points to ../../build/yolo_object_detector/yolo_object_detector.egg-info/entry_points.txt
[1.212s] writing requirements to ../../build/yolo_object_detector/yolo_object_detector.egg-info/requires.txt
[1.213s] writing top-level names to ../../build/yolo_object_detector/yolo_object_detector.egg-info/top_level.txt
[1.213s] writing manifest file '../../build/yolo_object_detector/yolo_object_detector.egg-info/SOURCES.txt'
[1.217s] reading manifest file '../../build/yolo_object_detector/yolo_object_detector.egg-info/SOURCES.txt'
[1.219s] writing manifest file '../../build/yolo_object_detector/yolo_object_detector.egg-info/SOURCES.txt'
[1.220s] running build
[1.220s] running build_py
[1.220s] creating /home/ivan/personal/robotics_ros2/robotics_programming/build/yolo_object_detector/build
[1.222s] creating /home/ivan/personal/robotics_ros2/robotics_programming/build/yolo_object_detector/build/lib
[1.222s] creating /home/ivan/personal/robotics_ros2/robotics_programming/build/yolo_object_detector/build/lib/yolo_object_detector
[1.223s] copying yolo_object_detector/__init__.py -> /home/ivan/personal/robotics_ros2/robotics_programming/build/yolo_object_detector/build/lib/yolo_object_detector
[1.223s] copying yolo_object_detector/yolo.py -> /home/ivan/personal/robotics_ros2/robotics_programming/build/yolo_object_detector/build/lib/yolo_object_detector
[1.223s] running install
[1.224s] running install_lib
[1.224s] creating /home/ivan/personal/robotics_ros2/robotics_programming/install/yolo_object_detector/lib/python3.10/site-packages/yolo_object_detector
[1.225s] copying /home/ivan/personal/robotics_ros2/robotics_programming/build/yolo_object_detector/build/lib/yolo_object_detector/__init__.py -> /home/ivan/personal/robotics_ros2/robotics_programming/install/yolo_object_detector/lib/python3.10/site-packages/yolo_object_detector
[1.225s] copying /home/ivan/personal/robotics_ros2/robotics_programming/build/yolo_object_detector/build/lib/yolo_object_detector/yolo.py -> /home/ivan/personal/robotics_ros2/robotics_programming/install/yolo_object_detector/lib/python3.10/site-packages/yolo_object_detector
[1.225s] byte-compiling /home/ivan/personal/robotics_ros2/robotics_programming/install/yolo_object_detector/lib/python3.10/site-packages/yolo_object_detector/__init__.py to __init__.cpython-310.pyc
[1.226s] byte-compiling /home/ivan/personal/robotics_ros2/robotics_programming/install/yolo_object_detector/lib/python3.10/site-packages/yolo_object_detector/yolo.py to yolo.cpython-310.pyc
[1.226s] running install_data
[1.226s] creating /home/ivan/personal/robotics_ros2/robotics_programming/install/yolo_object_detector/share/ament_index
[1.226s] creating /home/ivan/personal/robotics_ros2/robotics_programming/install/yolo_object_detector/share/ament_index/resource_index
[1.227s] creating /home/ivan/personal/robotics_ros2/robotics_programming/install/yolo_object_detector/share/ament_index/resource_index/packages
[1.227s] copying resource/yolo_object_detector -> /home/ivan/personal/robotics_ros2/robotics_programming/install/yolo_object_detector/share/ament_index/resource_index/packages
[1.227s] copying package.xml -> /home/ivan/personal/robotics_ros2/robotics_programming/install/yolo_object_detector/share/yolo_object_detector
[1.227s] running install_egg_info
[1.228s] Copying ../../build/yolo_object_detector/yolo_object_detector.egg-info to /home/ivan/personal/robotics_ros2/robotics_programming/install/yolo_object_detector/lib/python3.10/site-packages/yolo_object_detector-0.0.0-py3.10.egg-info
[1.231s] running install_scripts
[1.255s] Installing yolo_object_detector script to /home/ivan/personal/robotics_ros2/robotics_programming/install/yolo_object_detector/lib/yolo_object_detector
[1.255s] writing list of installed files to '/home/ivan/personal/robotics_ros2/robotics_programming/build/yolo_object_detector/install.log'
[1.288s] Invoked command in '/home/ivan/personal/robotics_ros2/robotics_programming/src/yolo_object_detector' returned '0': PYTHONPATH=/home/ivan/personal/robotics_ros2/robotics_programming/build/yolo_object_detector/prefix_override:/usr/lib/python3/dist-packages/colcon_core/task/python/colcon_distutils_commands:/home/ivan/personal/robotics_ros2/robotics_programming/install/yolo_object_detector/lib/python3.10/site-packages:${PYTHONPATH} /usr/bin/python3 -W ignore:setup.py install is deprecated -W ignore:easy_install command is deprecated setup.py egg_info --egg-base ../../build/yolo_object_detector build --build-base /home/ivan/personal/robotics_ros2/robotics_programming/build/yolo_object_detector/build install --record /home/ivan/personal/robotics_ros2/robotics_programming/build/yolo_object_detector/install.log --single-version-externally-managed install_data
