[0.202s] [34mcolcon[0m [1;30mDEBUG[0m [32mCommand line arguments: ['/usr/bin/colcon', 'build'][0m
[0.202s] [34mcolcon[0m [1;30mDEBUG[0m [32mParsed command line arguments: Namespace(log_base=None, log_level=None, verb_name='build', build_base='build', install_base='install', merge_install=False, symlink_install=False, test_result_base=None, continue_on_error=False, executor='parallel', parallel_workers=12, event_handlers=None, ignore_user_meta=False, metas=['./colcon.meta'], base_paths=['.'], packages_ignore=None, packages_ignore_regex=None, paths=None, packages_up_to=None, packages_up_to_regex=None, packages_above=None, packages_above_and_dependencies=None, packages_above_depth=None, packages_select_by_dep=None, packages_skip_by_dep=None, packages_skip_up_to=None, packages_select_build_failed=False, packages_skip_build_finished=False, packages_select_test_failures=False, packages_skip_test_passed=False, packages_select=None, packages_skip=None, packages_select_regex=None, packages_skip_regex=None, packages_start=None, packages_end=None, allow_overriding=[], cmake_args=None, cmake_target=None, cmake_target_skip_unavailable=False, cmake_clean_cache=False, cmake_clean_first=False, cmake_force_configure=False, ament_cmake_args=None, catkin_cmake_args=None, catkin_skip_building_tests=False, mixin_files=None, mixin=None, verb_parser=<colcon_mixin.mixin.mixin_argument.MixinArgumentDecorator object at 0x7f11e432d3f0>, verb_extension=<colcon_core.verb.build.BuildVerb object at 0x7f11e44229e0>, main=<bound method BuildVerb.main of <colcon_core.verb.build.BuildVerb object at 0x7f11e44229e0>>, mixin_verb=('build',))[0m
[0.384s] [34mcolcon.colcon_core.package_discovery[0m [1;30mLevel 1[0m discover_packages(colcon_meta) check parameters
[0.384s] [34mcolcon.colcon_core.package_discovery[0m [1;30mLevel 1[0m discover_packages(recursive) check parameters
[0.384s] [34mcolcon.colcon_core.package_discovery[0m [1;30mLevel 1[0m discover_packages(ignore) check parameters
[0.384s] [34mcolcon.colcon_core.package_discovery[0m [1;30mLevel 1[0m discover_packages(path) check parameters
[0.384s] [34mcolcon.colcon_core.package_discovery[0m [1;30mLevel 1[0m discover_packages(colcon_meta) discover
[0.384s] [34mcolcon.colcon_core.package_discovery[0m [1;30mLevel 1[0m discover_packages(recursive) discover
[0.384s] [34mcolcon.colcon_core.package_discovery[0m [1;30mINFO[0m Crawling recursively for packages in '/home/ivan/personal/robotics_ros2/robotics_programming'
[0.384s] [34mcolcon.colcon_core.package_identification[0m [1;30mLevel 1[0m _identify(.) by extensions ['ignore', 'ignore_ament_install']
[0.384s] [34mcolcon.colcon_core.package_identification[0m [1;30mLevel 1[0m _identify(.) by extension 'ignore'
[0.384s] [34mcolcon.colcon_core.package_identification[0m [1;30mLevel 1[0m _identify(.) by extension 'ignore_ament_install'
[0.384s] [34mcolcon.colcon_core.package_identification[0m [1;30mLevel 1[0m _identify(.) by extensions ['colcon_pkg']
[0.384s] [34mcolcon.colcon_core.package_identification[0m [1;30mLevel 1[0m _identify(.) by extension 'colcon_pkg'
[0.384s] [34mcolcon.colcon_core.package_identification[0m [1;30mLevel 1[0m _identify(.) by extensions ['colcon_meta']
[0.384s] [34mcolcon.colcon_core.package_identification[0m [1;30mLevel 1[0m _identify(.) by extension 'colcon_meta'
[0.384s] [34mcolcon.colcon_core.package_identification[0m [1;30mLevel 1[0m _identify(.) by extensions ['ros']
[0.384s] [34mcolcon.colcon_core.package_identification[0m [1;30mLevel 1[0m _identify(.) by extension 'ros'
[0.404s] [34mcolcon.colcon_core.package_identification[0m [1;30mLevel 1[0m _identify(.) by extensions ['cmake', 'python']
[0.404s] [34mcolcon.colcon_core.package_identification[0m [1;30mLevel 1[0m _identify(.) by extension 'cmake'
[0.404s] [34mcolcon.colcon_core.package_identification[0m [1;30mLevel 1[0m _identify(.) by extension 'python'
[0.404s] [34mcolcon.colcon_core.package_identification[0m [1;30mLevel 1[0m _identify(.) by extensions ['python_setup_py']
[0.404s] [34mcolcon.colcon_core.package_identification[0m [1;30mLevel 1[0m _identify(.) by extension 'python_setup_py'
[0.405s] [34mcolcon.colcon_core.package_identification[0m [1;30mLevel 1[0m _identify(build) by extensions ['ignore', 'ignore_ament_install']
[0.405s] [34mcolcon.colcon_core.package_identification[0m [1;30mLevel 1[0m _identify(build) by extension 'ignore'
[0.405s] [34mcolcon.colcon_core.package_identification[0m [1;30mLevel 1[0m _identify(build) ignored
[0.405s] [34mcolcon.colcon_core.package_identification[0m [1;30mLevel 1[0m _identify(install) by extensions ['ignore', 'ignore_ament_install']
[0.405s] [34mcolcon.colcon_core.package_identification[0m [1;30mLevel 1[0m _identify(install) by extension 'ignore'
[0.405s] [34mcolcon.colcon_core.package_identification[0m [1;30mLevel 1[0m _identify(install) ignored
[0.405s] [34mcolcon.colcon_core.package_identification[0m [1;30mLevel 1[0m _identify(log) by extensions ['ignore', 'ignore_ament_install']
[0.405s] [34mcolcon.colcon_core.package_identification[0m [1;30mLevel 1[0m _identify(log) by extension 'ignore'
[0.405s] [34mcolcon.colcon_core.package_identification[0m [1;30mLevel 1[0m _identify(log) ignored
[0.405s] [34mcolcon.colcon_core.package_identification[0m [1;30mLevel 1[0m _identify(src) by extensions ['ignore', 'ignore_ament_install']
[0.405s] [34mcolcon.colcon_core.package_identification[0m [1;30mLevel 1[0m _identify(src) by extension 'ignore'
[0.405s] [34mcolcon.colcon_core.package_identification[0m [1;30mLevel 1[0m _identify(src) by extension 'ignore_ament_install'
[0.405s] [34mcolcon.colcon_core.package_identification[0m [1;30mLevel 1[0m _identify(src) by extensions ['colcon_pkg']
[0.405s] [34mcolcon.colcon_core.package_identification[0m [1;30mLevel 1[0m _identify(src) by extension 'colcon_pkg'
[0.405s] [34mcolcon.colcon_core.package_identification[0m [1;30mLevel 1[0m _identify(src) by extensions ['colcon_meta']
[0.405s] [34mcolcon.colcon_core.package_identification[0m [1;30mLevel 1[0m _identify(src) by extension 'colcon_meta'
[0.405s] [34mcolcon.colcon_core.package_identification[0m [1;30mLevel 1[0m _identify(src) by extensions ['ros']
[0.405s] [34mcolcon.colcon_core.package_identification[0m [1;30mLevel 1[0m _identify(src) by extension 'ros'
[0.405s] [34mcolcon.colcon_core.package_identification[0m [1;30mLevel 1[0m _identify(src) by extensions ['cmake', 'python']
[0.405s] [34mcolcon.colcon_core.package_identification[0m [1;30mLevel 1[0m _identify(src) by extension 'cmake'
[0.406s] [34mcolcon.colcon_core.package_identification[0m [1;30mLevel 1[0m _identify(src) by extension 'python'
[0.406s] [34mcolcon.colcon_core.package_identification[0m [1;30mLevel 1[0m _identify(src) by extensions ['python_setup_py']
[0.406s] [34mcolcon.colcon_core.package_identification[0m [1;30mLevel 1[0m _identify(src) by extension 'python_setup_py'
[0.406s] [34mcolcon.colcon_core.package_identification[0m [1;30mLevel 1[0m _identify(src/diff_drive_description) by extensions ['ignore', 'ignore_ament_install']
[0.406s] [34mcolcon.colcon_core.package_identification[0m [1;30mLevel 1[0m _identify(src/diff_drive_description) by extension 'ignore'
[0.406s] [34mcolcon.colcon_core.package_identification[0m [1;30mLevel 1[0m _identify(src/diff_drive_description) by extension 'ignore_ament_install'
[0.406s] [34mcolcon.colcon_core.package_identification[0m [1;30mLevel 1[0m _identify(src/diff_drive_description) by extensions ['colcon_pkg']
[0.406s] [34mcolcon.colcon_core.package_identification[0m [1;30mLevel 1[0m _identify(src/diff_drive_description) by extension 'colcon_pkg'
[0.406s] [34mcolcon.colcon_core.package_identification[0m [1;30mLevel 1[0m _identify(src/diff_drive_description) by extensions ['colcon_meta']
[0.406s] [34mcolcon.colcon_core.package_identification[0m [1;30mLevel 1[0m _identify(src/diff_drive_description) by extension 'colcon_meta'
[0.406s] [34mcolcon.colcon_core.package_identification[0m [1;30mLevel 1[0m _identify(src/diff_drive_description) by extensions ['ros']
[0.406s] [34mcolcon.colcon_core.package_identification[0m [1;30mLevel 1[0m _identify(src/diff_drive_description) by extension 'ros'
[0.409s] [34mcolcon.colcon_core.package_identification[0m [1;30mDEBUG[0m [32mPackage 'src/diff_drive_description' with type 'ros.ament_python' and name 'diff_drive_description'[0m
[0.410s] [34mcolcon.colcon_core.package_identification[0m [1;30mLevel 1[0m _identify(src/nav2_mobile_robot) by extensions ['ignore', 'ignore_ament_install']
[0.410s] [34mcolcon.colcon_core.package_identification[0m [1;30mLevel 1[0m _identify(src/nav2_mobile_robot) by extension 'ignore'
[0.410s] [34mcolcon.colcon_core.package_identification[0m [1;30mLevel 1[0m _identify(src/nav2_mobile_robot) by extension 'ignore_ament_install'
[0.410s] [34mcolcon.colcon_core.package_identification[0m [1;30mLevel 1[0m _identify(src/nav2_mobile_robot) by extensions ['colcon_pkg']
[0.410s] [34mcolcon.colcon_core.package_identification[0m [1;30mLevel 1[0m _identify(src/nav2_mobile_robot) by extension 'colcon_pkg'
[0.410s] [34mcolcon.colcon_core.package_identification[0m [1;30mLevel 1[0m _identify(src/nav2_mobile_robot) by extensions ['colcon_meta']
[0.410s] [34mcolcon.colcon_core.package_identification[0m [1;30mLevel 1[0m _identify(src/nav2_mobile_robot) by extension 'colcon_meta'
[0.410s] [34mcolcon.colcon_core.package_identification[0m [1;30mLevel 1[0m _identify(src/nav2_mobile_robot) by extensions ['ros']
[0.410s] [34mcolcon.colcon_core.package_identification[0m [1;30mLevel 1[0m _identify(src/nav2_mobile_robot) by extension 'ros'
[0.411s] [34mcolcon.colcon_core.package_identification[0m [1;30mDEBUG[0m [32mPackage 'src/nav2_mobile_robot' with type 'ros.ament_python' and name 'nav2_mobile_robot'[0m
[0.411s] [34mcolcon.colcon_core.package_identification[0m [1;30mLevel 1[0m _identify(src/pendulum_robot_description) by extensions ['ignore', 'ignore_ament_install']
[0.411s] [34mcolcon.colcon_core.package_identification[0m [1;30mLevel 1[0m _identify(src/pendulum_robot_description) by extension 'ignore'
[0.411s] [34mcolcon.colcon_core.package_identification[0m [1;30mLevel 1[0m _identify(src/pendulum_robot_description) by extension 'ignore_ament_install'
[0.411s] [34mcolcon.colcon_core.package_identification[0m [1;30mLevel 1[0m _identify(src/pendulum_robot_description) by extensions ['colcon_pkg']
[0.411s] [34mcolcon.colcon_core.package_identification[0m [1;30mLevel 1[0m _identify(src/pendulum_robot_description) by extension 'colcon_pkg'
[0.411s] [34mcolcon.colcon_core.package_identification[0m [1;30mLevel 1[0m _identify(src/pendulum_robot_description) by extensions ['colcon_meta']
[0.411s] [34mcolcon.colcon_core.package_identification[0m [1;30mLevel 1[0m _identify(src/pendulum_robot_description) by extension 'colcon_meta'
[0.411s] [34mcolcon.colcon_core.package_identification[0m [1;30mLevel 1[0m _identify(src/pendulum_robot_description) by extensions ['ros']
[0.411s] [34mcolcon.colcon_core.package_identification[0m [1;30mLevel 1[0m _identify(src/pendulum_robot_description) by extension 'ros'
[0.412s] [34mcolcon.colcon_core.package_identification[0m [1;30mDEBUG[0m [32mPackage 'src/pendulum_robot_description' with type 'ros.ament_cmake' and name 'pendulum_robot_description'[0m
[0.412s] [34mcolcon.colcon_core.package_identification[0m [1;30mLevel 1[0m _identify(src/seek_and_go_world) by extensions ['ignore', 'ignore_ament_install']
[0.412s] [34mcolcon.colcon_core.package_identification[0m [1;30mLevel 1[0m _identify(src/seek_and_go_world) by extension 'ignore'
[0.412s] [34mcolcon.colcon_core.package_identification[0m [1;30mLevel 1[0m _identify(src/seek_and_go_world) by extension 'ignore_ament_install'
[0.412s] [34mcolcon.colcon_core.package_identification[0m [1;30mLevel 1[0m _identify(src/seek_and_go_world) by extensions ['colcon_pkg']
[0.412s] [34mcolcon.colcon_core.package_identification[0m [1;30mLevel 1[0m _identify(src/seek_and_go_world) by extension 'colcon_pkg'
[0.412s] [34mcolcon.colcon_core.package_identification[0m [1;30mLevel 1[0m _identify(src/seek_and_go_world) by extensions ['colcon_meta']
[0.412s] [34mcolcon.colcon_core.package_identification[0m [1;30mLevel 1[0m _identify(src/seek_and_go_world) by extension 'colcon_meta'
[0.412s] [34mcolcon.colcon_core.package_identification[0m [1;30mLevel 1[0m _identify(src/seek_and_go_world) by extensions ['ros']
[0.412s] [34mcolcon.colcon_core.package_identification[0m [1;30mLevel 1[0m _identify(src/seek_and_go_world) by extension 'ros'
[0.413s] [34mcolcon.colcon_core.package_identification[0m [1;30mDEBUG[0m [32mPackage 'src/seek_and_go_world' with type 'ros.ament_cmake' and name 'seek_and_go_world'[0m
[0.413s] [34mcolcon.colcon_core.package_identification[0m [1;30mLevel 1[0m _identify(src/usb_cam_launch) by extensions ['ignore', 'ignore_ament_install']
[0.413s] [34mcolcon.colcon_core.package_identification[0m [1;30mLevel 1[0m _identify(src/usb_cam_launch) by extension 'ignore'
[0.413s] [34mcolcon.colcon_core.package_identification[0m [1;30mLevel 1[0m _identify(src/usb_cam_launch) by extension 'ignore_ament_install'
[0.413s] [34mcolcon.colcon_core.package_identification[0m [1;30mLevel 1[0m _identify(src/usb_cam_launch) by extensions ['colcon_pkg']
[0.413s] [34mcolcon.colcon_core.package_identification[0m [1;30mLevel 1[0m _identify(src/usb_cam_launch) by extension 'colcon_pkg'
[0.413s] [34mcolcon.colcon_core.package_identification[0m [1;30mLevel 1[0m _identify(src/usb_cam_launch) by extensions ['colcon_meta']
[0.413s] [34mcolcon.colcon_core.package_identification[0m [1;30mLevel 1[0m _identify(src/usb_cam_launch) by extension 'colcon_meta'
[0.413s] [34mcolcon.colcon_core.package_identification[0m [1;30mLevel 1[0m _identify(src/usb_cam_launch) by extensions ['ros']
[0.413s] [34mcolcon.colcon_core.package_identification[0m [1;30mLevel 1[0m _identify(src/usb_cam_launch) by extension 'ros'
[0.414s] [34mcolcon.colcon_core.package_identification[0m [1;30mDEBUG[0m [32mPackage 'src/usb_cam_launch' with type 'ros.ament_cmake' and name 'usb_cam_launch'[0m
[0.414s] [34mcolcon.colcon_core.package_identification[0m [1;30mLevel 1[0m _identify(src/usb_camera_reader) by extensions ['ignore', 'ignore_ament_install']
[0.414s] [34mcolcon.colcon_core.package_identification[0m [1;30mLevel 1[0m _identify(src/usb_camera_reader) by extension 'ignore'
[0.414s] [34mcolcon.colcon_core.package_identification[0m [1;30mLevel 1[0m _identify(src/usb_camera_reader) by extension 'ignore_ament_install'
[0.414s] [34mcolcon.colcon_core.package_identification[0m [1;30mLevel 1[0m _identify(src/usb_camera_reader) by extensions ['colcon_pkg']
[0.414s] [34mcolcon.colcon_core.package_identification[0m [1;30mLevel 1[0m _identify(src/usb_camera_reader) by extension 'colcon_pkg'
[0.414s] [34mcolcon.colcon_core.package_identification[0m [1;30mLevel 1[0m _identify(src/usb_camera_reader) by extensions ['colcon_meta']
[0.414s] [34mcolcon.colcon_core.package_identification[0m [1;30mLevel 1[0m _identify(src/usb_camera_reader) by extension 'colcon_meta'
[0.414s] [34mcolcon.colcon_core.package_identification[0m [1;30mLevel 1[0m _identify(src/usb_camera_reader) by extensions ['ros']
[0.414s] [34mcolcon.colcon_core.package_identification[0m [1;30mLevel 1[0m _identify(src/usb_camera_reader) by extension 'ros'
[0.415s] [34mcolcon.colcon_core.package_identification[0m [1;30mDEBUG[0m [32mPackage 'src/usb_camera_reader' with type 'ros.ament_python' and name 'usb_camera_reader'[0m
[0.415s] [34mcolcon.colcon_core.package_identification[0m [1;30mLevel 1[0m _identify(src/yolo_object_detector) by extensions ['ignore', 'ignore_ament_install']
[0.415s] [34mcolcon.colcon_core.package_identification[0m [1;30mLevel 1[0m _identify(src/yolo_object_detector) by extension 'ignore'
[0.415s] [34mcolcon.colcon_core.package_identification[0m [1;30mLevel 1[0m _identify(src/yolo_object_detector) by extension 'ignore_ament_install'
[0.415s] [34mcolcon.colcon_core.package_identification[0m [1;30mLevel 1[0m _identify(src/yolo_object_detector) by extensions ['colcon_pkg']
[0.416s] [34mcolcon.colcon_core.package_identification[0m [1;30mLevel 1[0m _identify(src/yolo_object_detector) by extension 'colcon_pkg'
[0.416s] [34mcolcon.colcon_core.package_identification[0m [1;30mLevel 1[0m _identify(src/yolo_object_detector) by extensions ['colcon_meta']
[0.416s] [34mcolcon.colcon_core.package_identification[0m [1;30mLevel 1[0m _identify(src/yolo_object_detector) by extension 'colcon_meta'
[0.416s] [34mcolcon.colcon_core.package_identification[0m [1;30mLevel 1[0m _identify(src/yolo_object_detector) by extensions ['ros']
[0.416s] [34mcolcon.colcon_core.package_identification[0m [1;30mLevel 1[0m _identify(src/yolo_object_detector) by extension 'ros'
[0.416s] [34mcolcon.colcon_core.package_identification[0m [1;30mDEBUG[0m [32mPackage 'src/yolo_object_detector' with type 'ros.ament_python' and name 'yolo_object_detector'[0m
[0.416s] [34mcolcon.colcon_core.package_discovery[0m [1;30mLevel 1[0m discover_packages(recursive) using defaults
[0.417s] [34mcolcon.colcon_core.package_discovery[0m [1;30mLevel 1[0m discover_packages(ignore) discover
[0.417s] [34mcolcon.colcon_core.package_discovery[0m [1;30mLevel 1[0m discover_packages(ignore) using defaults
[0.417s] [34mcolcon.colcon_core.package_discovery[0m [1;30mLevel 1[0m discover_packages(path) discover
[0.417s] [34mcolcon.colcon_core.package_discovery[0m [1;30mLevel 1[0m discover_packages(path) using defaults
[0.432s] [34mcolcon.colcon_core.package_discovery[0m [1;30mLevel 1[0m discover_packages(prefix_path) check parameters
[0.432s] [34mcolcon.colcon_core.package_discovery[0m [1;30mLevel 1[0m discover_packages(prefix_path) discover
[0.436s] [34mcolcon.colcon_installed_package_information.package_discovery[0m [1;30mDEBUG[0m [32mFound 452 installed packages in /opt/ros/humble[0m
[0.437s] [34mcolcon.colcon_core.package_discovery[0m [1;30mLevel 1[0m discover_packages(prefix_path) using defaults
[0.472s] [34mcolcon.colcon_core.verb[0m [1;30mLevel 5[0m set package 'diff_drive_description' build argument 'cmake_args' from command line to 'None'
[0.472s] [34mcolcon.colcon_core.verb[0m [1;30mLevel 5[0m set package 'diff_drive_description' build argument 'cmake_target' from command line to 'None'
[0.472s] [34mcolcon.colcon_core.verb[0m [1;30mLevel 5[0m set package 'diff_drive_description' build argument 'cmake_target_skip_unavailable' from command line to 'False'
[0.472s] [34mcolcon.colcon_core.verb[0m [1;30mLevel 5[0m set package 'diff_drive_description' build argument 'cmake_clean_cache' from command line to 'False'
[0.472s] [34mcolcon.colcon_core.verb[0m [1;30mLevel 5[0m set package 'diff_drive_description' build argument 'cmake_clean_first' from command line to 'False'
[0.472s] [34mcolcon.colcon_core.verb[0m [1;30mLevel 5[0m set package 'diff_drive_description' build argument 'cmake_force_configure' from command line to 'False'
[0.472s] [34mcolcon.colcon_core.verb[0m [1;30mLevel 5[0m set package 'diff_drive_description' build argument 'ament_cmake_args' from command line to 'None'
[0.472s] [34mcolcon.colcon_core.verb[0m [1;30mLevel 5[0m set package 'diff_drive_description' build argument 'catkin_cmake_args' from command line to 'None'
[0.472s] [34mcolcon.colcon_core.verb[0m [1;30mLevel 5[0m set package 'diff_drive_description' build argument 'catkin_skip_building_tests' from command line to 'False'
[0.472s] [34mcolcon.colcon_core.verb[0m [1;30mDEBUG[0m [32mBuilding package 'diff_drive_description' with the following arguments: {'ament_cmake_args': None, 'build_base': '/home/ivan/personal/robotics_ros2/robotics_programming/build/diff_drive_description', 'catkin_cmake_args': None, 'catkin_skip_building_tests': False, 'cmake_args': None, 'cmake_clean_cache': False, 'cmake_clean_first': False, 'cmake_force_configure': False, 'cmake_target': None, 'cmake_target_skip_unavailable': False, 'install_base': '/home/ivan/personal/robotics_ros2/robotics_programming/install/diff_drive_description', 'merge_install': False, 'path': '/home/ivan/personal/robotics_ros2/robotics_programming/src/diff_drive_description', 'symlink_install': False, 'test_result_base': None}[0m
[0.473s] [34mcolcon.colcon_core.verb[0m [1;30mLevel 5[0m set package 'nav2_mobile_robot' build argument 'cmake_args' from command line to 'None'
[0.473s] [34mcolcon.colcon_core.verb[0m [1;30mLevel 5[0m set package 'nav2_mobile_robot' build argument 'cmake_target' from command line to 'None'
[0.473s] [34mcolcon.colcon_core.verb[0m [1;30mLevel 5[0m set package 'nav2_mobile_robot' build argument 'cmake_target_skip_unavailable' from command line to 'False'
[0.473s] [34mcolcon.colcon_core.verb[0m [1;30mLevel 5[0m set package 'nav2_mobile_robot' build argument 'cmake_clean_cache' from command line to 'False'
[0.473s] [34mcolcon.colcon_core.verb[0m [1;30mLevel 5[0m set package 'nav2_mobile_robot' build argument 'cmake_clean_first' from command line to 'False'
[0.473s] [34mcolcon.colcon_core.verb[0m [1;30mLevel 5[0m set package 'nav2_mobile_robot' build argument 'cmake_force_configure' from command line to 'False'
[0.473s] [34mcolcon.colcon_core.verb[0m [1;30mLevel 5[0m set package 'nav2_mobile_robot' build argument 'ament_cmake_args' from command line to 'None'
[0.473s] [34mcolcon.colcon_core.verb[0m [1;30mLevel 5[0m set package 'nav2_mobile_robot' build argument 'catkin_cmake_args' from command line to 'None'
[0.473s] [34mcolcon.colcon_core.verb[0m [1;30mLevel 5[0m set package 'nav2_mobile_robot' build argument 'catkin_skip_building_tests' from command line to 'False'
[0.473s] [34mcolcon.colcon_core.verb[0m [1;30mDEBUG[0m [32mBuilding package 'nav2_mobile_robot' with the following arguments: {'ament_cmake_args': None, 'build_base': '/home/ivan/personal/robotics_ros2/robotics_programming/build/nav2_mobile_robot', 'catkin_cmake_args': None, 'catkin_skip_building_tests': False, 'cmake_args': None, 'cmake_clean_cache': False, 'cmake_clean_first': False, 'cmake_force_configure': False, 'cmake_target': None, 'cmake_target_skip_unavailable': False, 'install_base': '/home/ivan/personal/robotics_ros2/robotics_programming/install/nav2_mobile_robot', 'merge_install': False, 'path': '/home/ivan/personal/robotics_ros2/robotics_programming/src/nav2_mobile_robot', 'symlink_install': False, 'test_result_base': None}[0m
[0.473s] [34mcolcon.colcon_core.verb[0m [1;30mLevel 5[0m set package 'pendulum_robot_description' build argument 'cmake_args' from command line to 'None'
[0.473s] [34mcolcon.colcon_core.verb[0m [1;30mLevel 5[0m set package 'pendulum_robot_description' build argument 'cmake_target' from command line to 'None'
[0.473s] [34mcolcon.colcon_core.verb[0m [1;30mLevel 5[0m set package 'pendulum_robot_description' build argument 'cmake_target_skip_unavailable' from command line to 'False'
[0.473s] [34mcolcon.colcon_core.verb[0m [1;30mLevel 5[0m set package 'pendulum_robot_description' build argument 'cmake_clean_cache' from command line to 'False'
[0.473s] [34mcolcon.colcon_core.verb[0m [1;30mLevel 5[0m set package 'pendulum_robot_description' build argument 'cmake_clean_first' from command line to 'False'
[0.473s] [34mcolcon.colcon_core.verb[0m [1;30mLevel 5[0m set package 'pendulum_robot_description' build argument 'cmake_force_configure' from command line to 'False'
[0.473s] [34mcolcon.colcon_core.verb[0m [1;30mLevel 5[0m set package 'pendulum_robot_description' build argument 'ament_cmake_args' from command line to 'None'
[0.473s] [34mcolcon.colcon_core.verb[0m [1;30mLevel 5[0m set package 'pendulum_robot_description' build argument 'catkin_cmake_args' from command line to 'None'
[0.473s] [34mcolcon.colcon_core.verb[0m [1;30mLevel 5[0m set package 'pendulum_robot_description' build argument 'catkin_skip_building_tests' from command line to 'False'
[0.473s] [34mcolcon.colcon_core.verb[0m [1;30mDEBUG[0m [32mBuilding package 'pendulum_robot_description' with the following arguments: {'ament_cmake_args': None, 'build_base': '/home/ivan/personal/robotics_ros2/robotics_programming/build/pendulum_robot_description', 'catkin_cmake_args': None, 'catkin_skip_building_tests': False, 'cmake_args': None, 'cmake_clean_cache': False, 'cmake_clean_first': False, 'cmake_force_configure': False, 'cmake_target': None, 'cmake_target_skip_unavailable': False, 'install_base': '/home/ivan/personal/robotics_ros2/robotics_programming/install/pendulum_robot_description', 'merge_install': False, 'path': '/home/ivan/personal/robotics_ros2/robotics_programming/src/pendulum_robot_description', 'symlink_install': False, 'test_result_base': None}[0m
[0.474s] [34mcolcon.colcon_core.verb[0m [1;30mLevel 5[0m set package 'seek_and_go_world' build argument 'cmake_args' from command line to 'None'
[0.474s] [34mcolcon.colcon_core.verb[0m [1;30mLevel 5[0m set package 'seek_and_go_world' build argument 'cmake_target' from command line to 'None'
[0.474s] [34mcolcon.colcon_core.verb[0m [1;30mLevel 5[0m set package 'seek_and_go_world' build argument 'cmake_target_skip_unavailable' from command line to 'False'
[0.474s] [34mcolcon.colcon_core.verb[0m [1;30mLevel 5[0m set package 'seek_and_go_world' build argument 'cmake_clean_cache' from command line to 'False'
[0.474s] [34mcolcon.colcon_core.verb[0m [1;30mLevel 5[0m set package 'seek_and_go_world' build argument 'cmake_clean_first' from command line to 'False'
[0.474s] [34mcolcon.colcon_core.verb[0m [1;30mLevel 5[0m set package 'seek_and_go_world' build argument 'cmake_force_configure' from command line to 'False'
[0.474s] [34mcolcon.colcon_core.verb[0m [1;30mLevel 5[0m set package 'seek_and_go_world' build argument 'ament_cmake_args' from command line to 'None'
[0.474s] [34mcolcon.colcon_core.verb[0m [1;30mLevel 5[0m set package 'seek_and_go_world' build argument 'catkin_cmake_args' from command line to 'None'
[0.474s] [34mcolcon.colcon_core.verb[0m [1;30mLevel 5[0m set package 'seek_and_go_world' build argument 'catkin_skip_building_tests' from command line to 'False'
[0.474s] [34mcolcon.colcon_core.verb[0m [1;30mDEBUG[0m [32mBuilding package 'seek_and_go_world' with the following arguments: {'ament_cmake_args': None, 'build_base': '/home/ivan/personal/robotics_ros2/robotics_programming/build/seek_and_go_world', 'catkin_cmake_args': None, 'catkin_skip_building_tests': False, 'cmake_args': None, 'cmake_clean_cache': False, 'cmake_clean_first': False, 'cmake_force_configure': False, 'cmake_target': None, 'cmake_target_skip_unavailable': False, 'install_base': '/home/ivan/personal/robotics_ros2/robotics_programming/install/seek_and_go_world', 'merge_install': False, 'path': '/home/ivan/personal/robotics_ros2/robotics_programming/src/seek_and_go_world', 'symlink_install': False, 'test_result_base': None}[0m
[0.474s] [34mcolcon.colcon_core.verb[0m [1;30mLevel 5[0m set package 'usb_cam_launch' build argument 'cmake_args' from command line to 'None'
[0.474s] [34mcolcon.colcon_core.verb[0m [1;30mLevel 5[0m set package 'usb_cam_launch' build argument 'cmake_target' from command line to 'None'
[0.474s] [34mcolcon.colcon_core.verb[0m [1;30mLevel 5[0m set package 'usb_cam_launch' build argument 'cmake_target_skip_unavailable' from command line to 'False'
[0.474s] [34mcolcon.colcon_core.verb[0m [1;30mLevel 5[0m set package 'usb_cam_launch' build argument 'cmake_clean_cache' from command line to 'False'
[0.474s] [34mcolcon.colcon_core.verb[0m [1;30mLevel 5[0m set package 'usb_cam_launch' build argument 'cmake_clean_first' from command line to 'False'
[0.474s] [34mcolcon.colcon_core.verb[0m [1;30mLevel 5[0m set package 'usb_cam_launch' build argument 'cmake_force_configure' from command line to 'False'
[0.474s] [34mcolcon.colcon_core.verb[0m [1;30mLevel 5[0m set package 'usb_cam_launch' build argument 'ament_cmake_args' from command line to 'None'
[0.474s] [34mcolcon.colcon_core.verb[0m [1;30mLevel 5[0m set package 'usb_cam_launch' build argument 'catkin_cmake_args' from command line to 'None'
[0.474s] [34mcolcon.colcon_core.verb[0m [1;30mLevel 5[0m set package 'usb_cam_launch' build argument 'catkin_skip_building_tests' from command line to 'False'
[0.474s] [34mcolcon.colcon_core.verb[0m [1;30mDEBUG[0m [32mBuilding package 'usb_cam_launch' with the following arguments: {'ament_cmake_args': None, 'build_base': '/home/ivan/personal/robotics_ros2/robotics_programming/build/usb_cam_launch', 'catkin_cmake_args': None, 'catkin_skip_building_tests': False, 'cmake_args': None, 'cmake_clean_cache': False, 'cmake_clean_first': False, 'cmake_force_configure': False, 'cmake_target': None, 'cmake_target_skip_unavailable': False, 'install_base': '/home/ivan/personal/robotics_ros2/robotics_programming/install/usb_cam_launch', 'merge_install': False, 'path': '/home/ivan/personal/robotics_ros2/robotics_programming/src/usb_cam_launch', 'symlink_install': False, 'test_result_base': None}[0m
[0.474s] [34mcolcon.colcon_core.verb[0m [1;30mLevel 5[0m set package 'usb_camera_reader' build argument 'cmake_args' from command line to 'None'
[0.474s] [34mcolcon.colcon_core.verb[0m [1;30mLevel 5[0m set package 'usb_camera_reader' build argument 'cmake_target' from command line to 'None'
[0.474s] [34mcolcon.colcon_core.verb[0m [1;30mLevel 5[0m set package 'usb_camera_reader' build argument 'cmake_target_skip_unavailable' from command line to 'False'
[0.475s] [34mcolcon.colcon_core.verb[0m [1;30mLevel 5[0m set package 'usb_camera_reader' build argument 'cmake_clean_cache' from command line to 'False'
[0.475s] [34mcolcon.colcon_core.verb[0m [1;30mLevel 5[0m set package 'usb_camera_reader' build argument 'cmake_clean_first' from command line to 'False'
[0.475s] [34mcolcon.colcon_core.verb[0m [1;30mLevel 5[0m set package 'usb_camera_reader' build argument 'cmake_force_configure' from command line to 'False'
[0.475s] [34mcolcon.colcon_core.verb[0m [1;30mLevel 5[0m set package 'usb_camera_reader' build argument 'ament_cmake_args' from command line to 'None'
[0.475s] [34mcolcon.colcon_core.verb[0m [1;30mLevel 5[0m set package 'usb_camera_reader' build argument 'catkin_cmake_args' from command line to 'None'
[0.475s] [34mcolcon.colcon_core.verb[0m [1;30mLevel 5[0m set package 'usb_camera_reader' build argument 'catkin_skip_building_tests' from command line to 'False'
[0.475s] [34mcolcon.colcon_core.verb[0m [1;30mDEBUG[0m [32mBuilding package 'usb_camera_reader' with the following arguments: {'ament_cmake_args': None, 'build_base': '/home/ivan/personal/robotics_ros2/robotics_programming/build/usb_camera_reader', 'catkin_cmake_args': None, 'catkin_skip_building_tests': False, 'cmake_args': None, 'cmake_clean_cache': False, 'cmake_clean_first': False, 'cmake_force_configure': False, 'cmake_target': None, 'cmake_target_skip_unavailable': False, 'install_base': '/home/ivan/personal/robotics_ros2/robotics_programming/install/usb_camera_reader', 'merge_install': False, 'path': '/home/ivan/personal/robotics_ros2/robotics_programming/src/usb_camera_reader', 'symlink_install': False, 'test_result_base': None}[0m
[0.475s] [34mcolcon.colcon_core.verb[0m [1;30mLevel 5[0m set package 'yolo_object_detector' build argument 'cmake_args' from command line to 'None'
[0.475s] [34mcolcon.colcon_core.verb[0m [1;30mLevel 5[0m set package 'yolo_object_detector' build argument 'cmake_target' from command line to 'None'
[0.475s] [34mcolcon.colcon_core.verb[0m [1;30mLevel 5[0m set package 'yolo_object_detector' build argument 'cmake_target_skip_unavailable' from command line to 'False'
[0.475s] [34mcolcon.colcon_core.verb[0m [1;30mLevel 5[0m set package 'yolo_object_detector' build argument 'cmake_clean_cache' from command line to 'False'
[0.475s] [34mcolcon.colcon_core.verb[0m [1;30mLevel 5[0m set package 'yolo_object_detector' build argument 'cmake_clean_first' from command line to 'False'
[0.475s] [34mcolcon.colcon_core.verb[0m [1;30mLevel 5[0m set package 'yolo_object_detector' build argument 'cmake_force_configure' from command line to 'False'
[0.475s] [34mcolcon.colcon_core.verb[0m [1;30mLevel 5[0m set package 'yolo_object_detector' build argument 'ament_cmake_args' from command line to 'None'
[0.475s] [34mcolcon.colcon_core.verb[0m [1;30mLevel 5[0m set package 'yolo_object_detector' build argument 'catkin_cmake_args' from command line to 'None'
[0.475s] [34mcolcon.colcon_core.verb[0m [1;30mLevel 5[0m set package 'yolo_object_detector' build argument 'catkin_skip_building_tests' from command line to 'False'
[0.475s] [34mcolcon.colcon_core.verb[0m [1;30mDEBUG[0m [32mBuilding package 'yolo_object_detector' with the following arguments: {'ament_cmake_args': None, 'build_base': '/home/ivan/personal/robotics_ros2/robotics_programming/build/yolo_object_detector', 'catkin_cmake_args': None, 'catkin_skip_building_tests': False, 'cmake_args': None, 'cmake_clean_cache': False, 'cmake_clean_first': False, 'cmake_force_configure': False, 'cmake_target': None, 'cmake_target_skip_unavailable': False, 'install_base': '/home/ivan/personal/robotics_ros2/robotics_programming/install/yolo_object_detector', 'merge_install': False, 'path': '/home/ivan/personal/robotics_ros2/robotics_programming/src/yolo_object_detector', 'symlink_install': False, 'test_result_base': None}[0m
[0.475s] [34mcolcon.colcon_core.executor[0m [1;30mINFO[0m Executing jobs using 'parallel' executor
[0.478s] [34mcolcon.colcon_parallel_executor.executor.parallel[0m [1;30mDEBUG[0m [32mrun_until_complete[0m
[0.479s] [34mcolcon.colcon_ros.task.ament_python.build[0m [1;30mINFO[0m Building ROS package in '/home/ivan/personal/robotics_ros2/robotics_programming/src/diff_drive_description' with build type 'ament_python'
[0.480s] [34mcolcon.colcon_core.shell[0m [1;30mLevel 1[0m create_environment_hook('diff_drive_description', 'ament_prefix_path')
[0.483s] [34mcolcon.colcon_core.plugin_system[0m [1;30mINFO[0m Skipping extension 'colcon_core.shell.bat': Not used on non-Windows systems
[0.483s] [34mcolcon.colcon_core.shell[0m [1;30mINFO[0m Creating environment hook '/home/ivan/personal/robotics_ros2/robotics_programming/install/diff_drive_description/share/diff_drive_description/hook/ament_prefix_path.ps1'
[0.484s] [34mcolcon.colcon_core.shell[0m [1;30mINFO[0m Creating environment descriptor '/home/ivan/personal/robotics_ros2/robotics_programming/install/diff_drive_description/share/diff_drive_description/hook/ament_prefix_path.dsv'
[0.484s] [34mcolcon.colcon_core.shell[0m [1;30mINFO[0m Creating environment hook '/home/ivan/personal/robotics_ros2/robotics_programming/install/diff_drive_description/share/diff_drive_description/hook/ament_prefix_path.sh'
[0.485s] [34mcolcon.colcon_core.shell[0m [1;30mINFO[0m Skip shell extension 'powershell' for command environment: Not usable outside of PowerShell
[0.485s] [34mcolcon.colcon_core.shell[0m [1;30mDEBUG[0m [32mSkip shell extension 'dsv' for command environment[0m
[0.488s] [34mcolcon.colcon_ros.task.ament_python.build[0m [1;30mINFO[0m Building ROS package in '/home/ivan/personal/robotics_ros2/robotics_programming/src/nav2_mobile_robot' with build type 'ament_python'
[0.488s] [34mcolcon.colcon_core.shell[0m [1;30mLevel 1[0m create_environment_hook('nav2_mobile_robot', 'ament_prefix_path')
[0.489s] [34mcolcon.colcon_core.shell[0m [1;30mINFO[0m Creating environment hook '/home/ivan/personal/robotics_ros2/robotics_programming/install/nav2_mobile_robot/share/nav2_mobile_robot/hook/ament_prefix_path.ps1'
[0.489s] [34mcolcon.colcon_core.shell[0m [1;30mINFO[0m Creating environment descriptor '/home/ivan/personal/robotics_ros2/robotics_programming/install/nav2_mobile_robot/share/nav2_mobile_robot/hook/ament_prefix_path.dsv'
[0.490s] [34mcolcon.colcon_core.shell[0m [1;30mINFO[0m Creating environment hook '/home/ivan/personal/robotics_ros2/robotics_programming/install/nav2_mobile_robot/share/nav2_mobile_robot/hook/ament_prefix_path.sh'
[0.490s] [34mcolcon.colcon_core.shell[0m [1;30mINFO[0m Skip shell extension 'powershell' for command environment: Not usable outside of PowerShell
[0.490s] [34mcolcon.colcon_core.shell[0m [1;30mDEBUG[0m [32mSkip shell extension 'dsv' for command environment[0m
[0.492s] [34mcolcon.colcon_ros.task.ament_cmake.build[0m [1;30mINFO[0m Building ROS package in '/home/ivan/personal/robotics_ros2/robotics_programming/src/pendulum_robot_description' with build type 'ament_cmake'
[0.493s] [34mcolcon.colcon_cmake.task.cmake.build[0m [1;30mINFO[0m Building CMake package in '/home/ivan/personal/robotics_ros2/robotics_programming/src/pendulum_robot_description'
[0.494s] [34mcolcon.colcon_core.shell[0m [1;30mINFO[0m Skip shell extension 'powershell' for command environment: Not usable outside of PowerShell
[0.494s] [34mcolcon.colcon_core.shell[0m [1;30mDEBUG[0m [32mSkip shell extension 'dsv' for command environment[0m
[0.498s] [34mcolcon.colcon_ros.task.ament_cmake.build[0m [1;30mINFO[0m Building ROS package in '/home/ivan/personal/robotics_ros2/robotics_programming/src/seek_and_go_world' with build type 'ament_cmake'
[0.498s] [34mcolcon.colcon_cmake.task.cmake.build[0m [1;30mINFO[0m Building CMake package in '/home/ivan/personal/robotics_ros2/robotics_programming/src/seek_and_go_world'
[0.500s] [34mcolcon.colcon_core.shell[0m [1;30mINFO[0m Skip shell extension 'powershell' for command environment: Not usable outside of PowerShell
[0.501s] [34mcolcon.colcon_core.shell[0m [1;30mDEBUG[0m [32mSkip shell extension 'dsv' for command environment[0m
[0.504s] [34mcolcon.colcon_ros.task.ament_cmake.build[0m [1;30mINFO[0m Building ROS package in '/home/ivan/personal/robotics_ros2/robotics_programming/src/usb_cam_launch' with build type 'ament_cmake'
[0.504s] [34mcolcon.colcon_cmake.task.cmake.build[0m [1;30mINFO[0m Building CMake package in '/home/ivan/personal/robotics_ros2/robotics_programming/src/usb_cam_launch'
[0.505s] [34mcolcon.colcon_core.shell[0m [1;30mINFO[0m Skip shell extension 'powershell' for command environment: Not usable outside of PowerShell
[0.505s] [34mcolcon.colcon_core.shell[0m [1;30mDEBUG[0m [32mSkip shell extension 'dsv' for command environment[0m
[0.507s] [34mcolcon.colcon_ros.task.ament_python.build[0m [1;30mINFO[0m Building ROS package in '/home/ivan/personal/robotics_ros2/robotics_programming/src/usb_camera_reader' with build type 'ament_python'
[0.508s] [34mcolcon.colcon_core.shell[0m [1;30mLevel 1[0m create_environment_hook('usb_camera_reader', 'ament_prefix_path')
[0.509s] [34mcolcon.colcon_core.shell[0m [1;30mINFO[0m Creating environment hook '/home/ivan/personal/robotics_ros2/robotics_programming/install/usb_camera_reader/share/usb_camera_reader/hook/ament_prefix_path.ps1'
[0.510s] [34mcolcon.colcon_core.shell[0m [1;30mINFO[0m Creating environment descriptor '/home/ivan/personal/robotics_ros2/robotics_programming/install/usb_camera_reader/share/usb_camera_reader/hook/ament_prefix_path.dsv'
[0.510s] [34mcolcon.colcon_core.shell[0m [1;30mINFO[0m Creating environment hook '/home/ivan/personal/robotics_ros2/robotics_programming/install/usb_camera_reader/share/usb_camera_reader/hook/ament_prefix_path.sh'
[0.511s] [34mcolcon.colcon_core.shell[0m [1;30mINFO[0m Skip shell extension 'powershell' for command environment: Not usable outside of PowerShell
[0.511s] [34mcolcon.colcon_core.shell[0m [1;30mDEBUG[0m [32mSkip shell extension 'dsv' for command environment[0m
[0.516s] [34mcolcon.colcon_ros.task.ament_python.build[0m [1;30mINFO[0m Building ROS package in '/home/ivan/personal/robotics_ros2/robotics_programming/src/yolo_object_detector' with build type 'ament_python'
[0.517s] [34mcolcon.colcon_core.shell[0m [1;30mLevel 1[0m create_environment_hook('yolo_object_detector', 'ament_prefix_path')
[0.518s] [34mcolcon.colcon_core.shell[0m [1;30mINFO[0m Creating environment hook '/home/ivan/personal/robotics_ros2/robotics_programming/install/yolo_object_detector/share/yolo_object_detector/hook/ament_prefix_path.ps1'
[0.519s] [34mcolcon.colcon_core.shell[0m [1;30mINFO[0m Creating environment descriptor '/home/ivan/personal/robotics_ros2/robotics_programming/install/yolo_object_detector/share/yolo_object_detector/hook/ament_prefix_path.dsv'
[0.520s] [34mcolcon.colcon_core.shell[0m [1;30mINFO[0m Creating environment hook '/home/ivan/personal/robotics_ros2/robotics_programming/install/yolo_object_detector/share/yolo_object_detector/hook/ament_prefix_path.sh'
[0.521s] [34mcolcon.colcon_core.shell[0m [1;30mINFO[0m Skip shell extension 'powershell' for command environment: Not usable outside of PowerShell
[0.521s] [34mcolcon.colcon_core.shell[0m [1;30mDEBUG[0m [32mSkip shell extension 'dsv' for command environment[0m
[0.725s] [34mcolcon.colcon_core.task.python.build[0m [1;30mINFO[0m Building Python package in '/home/ivan/personal/robotics_ros2/robotics_programming/src/diff_drive_description'
[0.725s] [34mcolcon.colcon_core.shell[0m [1;30mINFO[0m Skip shell extension 'powershell' for command environment: Not usable outside of PowerShell
[0.725s] [34mcolcon.colcon_core.shell[0m [1;30mDEBUG[0m [32mSkip shell extension 'dsv' for command environment[0m
[0.910s] [34mcolcon.colcon_core.task.python.build[0m [1;30mINFO[0m Building Python package in '/home/ivan/personal/robotics_ros2/robotics_programming/src/nav2_mobile_robot'
[0.910s] [34mcolcon.colcon_core.shell[0m [1;30mINFO[0m Skip shell extension 'powershell' for command environment: Not usable outside of PowerShell
[0.910s] [34mcolcon.colcon_core.shell[0m [1;30mDEBUG[0m [32mSkip shell extension 'dsv' for command environment[0m
[0.914s] [34mcolcon.colcon_core.event_handler.log_command[0m [1;30mDEBUG[0m [32mInvoking command in '/home/ivan/personal/robotics_ros2/robotics_programming/build/pendulum_robot_description': CMAKE_PREFIX_PATH=/opt/ros/humble /usr/bin/cmake /home/ivan/personal/robotics_ros2/robotics_programming/src/pendulum_robot_description -DCMAKE_INSTALL_PREFIX=/home/ivan/personal/robotics_ros2/robotics_programming/install/pendulum_robot_description[0m
[0.919s] [34mcolcon.colcon_core.event_handler.log_command[0m [1;30mDEBUG[0m [32mInvoking command in '/home/ivan/personal/robotics_ros2/robotics_programming/build/seek_and_go_world': CMAKE_PREFIX_PATH=/opt/ros/humble /usr/bin/cmake --build /home/ivan/personal/robotics_ros2/robotics_programming/build/seek_and_go_world -- -j12 -l12[0m
[0.921s] [34mcolcon.colcon_core.event_handler.log_command[0m [1;30mDEBUG[0m [32mInvoking command in '/home/ivan/personal/robotics_ros2/robotics_programming/build/usb_cam_launch': CMAKE_PREFIX_PATH=/opt/ros/humble /usr/bin/cmake --build /home/ivan/personal/robotics_ros2/robotics_programming/build/usb_cam_launch -- -j12 -l12[0m
[1.157s] [34mcolcon.colcon_core.task.python.build[0m [1;30mINFO[0m Building Python package in '/home/ivan/personal/robotics_ros2/robotics_programming/src/usb_camera_reader'
[1.157s] [34mcolcon.colcon_core.shell[0m [1;30mINFO[0m Skip shell extension 'powershell' for command environment: Not usable outside of PowerShell
[1.157s] [34mcolcon.colcon_core.shell[0m [1;30mDEBUG[0m [32mSkip shell extension 'dsv' for command environment[0m
[1.375s] [34mcolcon.colcon_core.task.python.build[0m [1;30mINFO[0m Building Python package in '/home/ivan/personal/robotics_ros2/robotics_programming/src/yolo_object_detector'
[1.375s] [34mcolcon.colcon_core.shell[0m [1;30mINFO[0m Skip shell extension 'powershell' for command environment: Not usable outside of PowerShell
[1.375s] [34mcolcon.colcon_core.shell[0m [1;30mDEBUG[0m [32mSkip shell extension 'dsv' for command environment[0m
[1.379s] [34mcolcon.colcon_core.event_handler.log_command[0m [1;30mDEBUG[0m [32mInvoked command in '/home/ivan/personal/robotics_ros2/robotics_programming/build/seek_and_go_world' returned '0': CMAKE_PREFIX_PATH=/opt/ros/humble /usr/bin/cmake --build /home/ivan/personal/robotics_ros2/robotics_programming/build/seek_and_go_world -- -j12 -l12[0m
[1.392s] [34mcolcon.colcon_core.event_handler.log_command[0m [1;30mDEBUG[0m [32mInvoking command in '/home/ivan/personal/robotics_ros2/robotics_programming/build/seek_and_go_world': CMAKE_PREFIX_PATH=/opt/ros/humble /usr/bin/cmake --install /home/ivan/personal/robotics_ros2/robotics_programming/build/seek_and_go_world[0m
[1.392s] [34mcolcon.colcon_core.event_handler.log_command[0m [1;30mDEBUG[0m [32mInvoked command in '/home/ivan/personal/robotics_ros2/robotics_programming/build/usb_cam_launch' returned '0': CMAKE_PREFIX_PATH=/opt/ros/humble /usr/bin/cmake --build /home/ivan/personal/robotics_ros2/robotics_programming/build/usb_cam_launch -- -j12 -l12[0m
[1.400s] [34mcolcon.colcon_core.event_handler.log_command[0m [1;30mDEBUG[0m [32mInvoking command in '/home/ivan/personal/robotics_ros2/robotics_programming/build/usb_cam_launch': CMAKE_PREFIX_PATH=/opt/ros/humble /usr/bin/cmake --install /home/ivan/personal/robotics_ros2/robotics_programming/build/usb_cam_launch[0m
[1.420s] [34mcolcon.colcon_core.environment[0m [1;30mLevel 1[0m create_environment_scripts_only(usb_cam_launch)
[1.421s] [34mcolcon.colcon_core.event_handler.log_command[0m [1;30mDEBUG[0m [32mInvoked command in '/home/ivan/personal/robotics_ros2/robotics_programming/build/usb_cam_launch' returned '0': CMAKE_PREFIX_PATH=/opt/ros/humble /usr/bin/cmake --install /home/ivan/personal/robotics_ros2/robotics_programming/build/usb_cam_launch[0m
[1.431s] [34mcolcon.colcon_core.environment[0m [1;30mLevel 1[0m checking '/home/ivan/personal/robotics_ros2/robotics_programming/install/usb_cam_launch' for CMake module files
[1.432s] [34mcolcon.colcon_core.environment[0m [1;30mLevel 1[0m checking '/home/ivan/personal/robotics_ros2/robotics_programming/install/usb_cam_launch' for CMake config files
[1.432s] [34mcolcon.colcon_core.shell[0m [1;30mLevel 1[0m create_environment_hook('usb_cam_launch', 'cmake_prefix_path')
[1.433s] [34mcolcon.colcon_core.shell[0m [1;30mINFO[0m Creating environment hook '/home/ivan/personal/robotics_ros2/robotics_programming/install/usb_cam_launch/share/usb_cam_launch/hook/cmake_prefix_path.ps1'
[1.434s] [34mcolcon.colcon_core.shell[0m [1;30mINFO[0m Creating environment descriptor '/home/ivan/personal/robotics_ros2/robotics_programming/install/usb_cam_launch/share/usb_cam_launch/hook/cmake_prefix_path.dsv'
[1.434s] [34mcolcon.colcon_core.shell[0m [1;30mINFO[0m Creating environment hook '/home/ivan/personal/robotics_ros2/robotics_programming/install/usb_cam_launch/share/usb_cam_launch/hook/cmake_prefix_path.sh'
[1.435s] [34mcolcon.colcon_core.environment[0m [1;30mLevel 1[0m checking '/home/ivan/personal/robotics_ros2/robotics_programming/install/usb_cam_launch/bin'
[1.435s] [34mcolcon.colcon_core.environment[0m [1;30mLevel 1[0m checking '/home/ivan/personal/robotics_ros2/robotics_programming/install/usb_cam_launch/lib/pkgconfig/usb_cam_launch.pc'
[1.435s] [34mcolcon.colcon_core.environment[0m [1;30mLevel 1[0m checking '/home/ivan/personal/robotics_ros2/robotics_programming/install/usb_cam_launch/lib/python3.10/site-packages'
[1.436s] [34mcolcon.colcon_core.environment[0m [1;30mLevel 1[0m checking '/home/ivan/personal/robotics_ros2/robotics_programming/install/usb_cam_launch/bin'
[1.436s] [34mcolcon.colcon_core.shell[0m [1;30mINFO[0m Creating package script '/home/ivan/personal/robotics_ros2/robotics_programming/install/usb_cam_launch/share/usb_cam_launch/package.ps1'
[1.438s] [34mcolcon.colcon_core.shell[0m [1;30mINFO[0m Creating package descriptor '/home/ivan/personal/robotics_ros2/robotics_programming/install/usb_cam_launch/share/usb_cam_launch/package.dsv'
[1.439s] [34mcolcon.colcon_core.shell[0m [1;30mINFO[0m Creating package script '/home/ivan/personal/robotics_ros2/robotics_programming/install/usb_cam_launch/share/usb_cam_launch/package.sh'
[1.441s] [34mcolcon.colcon_core.shell[0m [1;30mINFO[0m Creating package script '/home/ivan/personal/robotics_ros2/robotics_programming/install/usb_cam_launch/share/usb_cam_launch/package.bash'
[1.443s] [34mcolcon.colcon_core.shell[0m [1;30mINFO[0m Creating package script '/home/ivan/personal/robotics_ros2/robotics_programming/install/usb_cam_launch/share/usb_cam_launch/package.zsh'
[1.444s] [34mcolcon.colcon_core.environment[0m [1;30mLevel 1[0m create_file_with_runtime_dependencies(/home/ivan/personal/robotics_ros2/robotics_programming/install/usb_cam_launch/share/colcon-core/packages/usb_cam_launch)
[1.446s] [34mcolcon.colcon_core.environment[0m [1;30mLevel 1[0m create_environment_scripts_only(usb_cam_launch)
[1.446s] [34mcolcon.colcon_core.environment[0m [1;30mLevel 1[0m checking '/home/ivan/personal/robotics_ros2/robotics_programming/install/usb_cam_launch' for CMake module files
[1.447s] [34mcolcon.colcon_core.environment[0m [1;30mLevel 1[0m checking '/home/ivan/personal/robotics_ros2/robotics_programming/install/usb_cam_launch' for CMake config files
[1.447s] [34mcolcon.colcon_core.shell[0m [1;30mLevel 1[0m create_environment_hook('usb_cam_launch', 'cmake_prefix_path')
[1.448s] [34mcolcon.colcon_core.shell[0m [1;30mINFO[0m Creating environment hook '/home/ivan/personal/robotics_ros2/robotics_programming/install/usb_cam_launch/share/usb_cam_launch/hook/cmake_prefix_path.ps1'
[1.449s] [34mcolcon.colcon_core.shell[0m [1;30mINFO[0m Creating environment descriptor '/home/ivan/personal/robotics_ros2/robotics_programming/install/usb_cam_launch/share/usb_cam_launch/hook/cmake_prefix_path.dsv'
[1.450s] [34mcolcon.colcon_core.shell[0m [1;30mINFO[0m Creating environment hook '/home/ivan/personal/robotics_ros2/robotics_programming/install/usb_cam_launch/share/usb_cam_launch/hook/cmake_prefix_path.sh'
[1.451s] [34mcolcon.colcon_core.environment[0m [1;30mLevel 1[0m checking '/home/ivan/personal/robotics_ros2/robotics_programming/install/usb_cam_launch/bin'
[1.452s] [34mcolcon.colcon_core.environment[0m [1;30mLevel 1[0m checking '/home/ivan/personal/robotics_ros2/robotics_programming/install/usb_cam_launch/lib/pkgconfig/usb_cam_launch.pc'
[1.452s] [34mcolcon.colcon_core.environment[0m [1;30mLevel 1[0m checking '/home/ivan/personal/robotics_ros2/robotics_programming/install/usb_cam_launch/lib/python3.10/site-packages'
[1.453s] [34mcolcon.colcon_core.environment[0m [1;30mLevel 1[0m checking '/home/ivan/personal/robotics_ros2/robotics_programming/install/usb_cam_launch/bin'
[1.453s] [34mcolcon.colcon_core.shell[0m [1;30mINFO[0m Creating package script '/home/ivan/personal/robotics_ros2/robotics_programming/install/usb_cam_launch/share/usb_cam_launch/package.ps1'
[1.454s] [34mcolcon.colcon_core.shell[0m [1;30mINFO[0m Creating package descriptor '/home/ivan/personal/robotics_ros2/robotics_programming/install/usb_cam_launch/share/usb_cam_launch/package.dsv'
[1.455s] [34mcolcon.colcon_core.shell[0m [1;30mINFO[0m Creating package script '/home/ivan/personal/robotics_ros2/robotics_programming/install/usb_cam_launch/share/usb_cam_launch/package.sh'
[1.456s] [34mcolcon.colcon_core.shell[0m [1;30mINFO[0m Creating package script '/home/ivan/personal/robotics_ros2/robotics_programming/install/usb_cam_launch/share/usb_cam_launch/package.bash'
[1.456s] [34mcolcon.colcon_core.shell[0m [1;30mINFO[0m Creating package script '/home/ivan/personal/robotics_ros2/robotics_programming/install/usb_cam_launch/share/usb_cam_launch/package.zsh'
[1.457s] [34mcolcon.colcon_core.environment[0m [1;30mLevel 1[0m create_file_with_runtime_dependencies(/home/ivan/personal/robotics_ros2/robotics_programming/install/usb_cam_launch/share/colcon-core/packages/usb_cam_launch)
[1.458s] [34mcolcon.colcon_core.environment[0m [1;30mLevel 1[0m create_environment_scripts_only(seek_and_go_world)
[1.460s] [34mcolcon.colcon_core.environment[0m [1;30mLevel 1[0m checking '/home/ivan/personal/robotics_ros2/robotics_programming/install/seek_and_go_world' for CMake module files
[1.461s] [34mcolcon.colcon_core.event_handler.log_command[0m [1;30mDEBUG[0m [32mInvoked command in '/home/ivan/personal/robotics_ros2/robotics_programming/build/seek_and_go_world' returned '0': CMAKE_PREFIX_PATH=/opt/ros/humble /usr/bin/cmake --install /home/ivan/personal/robotics_ros2/robotics_programming/build/seek_and_go_world[0m
[1.462s] [34mcolcon.colcon_core.environment[0m [1;30mLevel 1[0m checking '/home/ivan/personal/robotics_ros2/robotics_programming/install/seek_and_go_world' for CMake config files
[1.462s] [34mcolcon.colcon_core.shell[0m [1;30mLevel 1[0m create_environment_hook('seek_and_go_world', 'cmake_prefix_path')
[1.463s] [34mcolcon.colcon_core.shell[0m [1;30mINFO[0m Creating environment hook '/home/ivan/personal/robotics_ros2/robotics_programming/install/seek_and_go_world/share/seek_and_go_world/hook/cmake_prefix_path.ps1'
[1.464s] [34mcolcon.colcon_core.shell[0m [1;30mINFO[0m Creating environment descriptor '/home/ivan/personal/robotics_ros2/robotics_programming/install/seek_and_go_world/share/seek_and_go_world/hook/cmake_prefix_path.dsv'
[1.465s] [34mcolcon.colcon_core.shell[0m [1;30mINFO[0m Creating environment hook '/home/ivan/personal/robotics_ros2/robotics_programming/install/seek_and_go_world/share/seek_and_go_world/hook/cmake_prefix_path.sh'
[1.466s] [34mcolcon.colcon_core.environment[0m [1;30mLevel 1[0m checking '/home/ivan/personal/robotics_ros2/robotics_programming/install/seek_and_go_world/bin'
[1.467s] [34mcolcon.colcon_core.environment[0m [1;30mLevel 1[0m checking '/home/ivan/personal/robotics_ros2/robotics_programming/install/seek_and_go_world/lib/pkgconfig/seek_and_go_world.pc'
[1.467s] [34mcolcon.colcon_core.environment[0m [1;30mLevel 1[0m checking '/home/ivan/personal/robotics_ros2/robotics_programming/install/seek_and_go_world/lib/python3.10/site-packages'
[1.468s] [34mcolcon.colcon_core.environment[0m [1;30mLevel 1[0m checking '/home/ivan/personal/robotics_ros2/robotics_programming/install/seek_and_go_world/bin'
[1.469s] [34mcolcon.colcon_core.shell[0m [1;30mINFO[0m Creating package script '/home/ivan/personal/robotics_ros2/robotics_programming/install/seek_and_go_world/share/seek_and_go_world/package.ps1'
[1.469s] [34mcolcon.colcon_core.shell[0m [1;30mINFO[0m Creating package descriptor '/home/ivan/personal/robotics_ros2/robotics_programming/install/seek_and_go_world/share/seek_and_go_world/package.dsv'
[1.470s] [34mcolcon.colcon_core.shell[0m [1;30mINFO[0m Creating package script '/home/ivan/personal/robotics_ros2/robotics_programming/install/seek_and_go_world/share/seek_and_go_world/package.sh'
[1.471s] [34mcolcon.colcon_core.shell[0m [1;30mINFO[0m Creating package script '/home/ivan/personal/robotics_ros2/robotics_programming/install/seek_and_go_world/share/seek_and_go_world/package.bash'
[1.471s] [34mcolcon.colcon_core.shell[0m [1;30mINFO[0m Creating package script '/home/ivan/personal/robotics_ros2/robotics_programming/install/seek_and_go_world/share/seek_and_go_world/package.zsh'
[1.471s] [34mcolcon.colcon_core.environment[0m [1;30mLevel 1[0m create_file_with_runtime_dependencies(/home/ivan/personal/robotics_ros2/robotics_programming/install/seek_and_go_world/share/colcon-core/packages/seek_and_go_world)
[1.472s] [34mcolcon.colcon_core.environment[0m [1;30mLevel 1[0m create_environment_scripts_only(seek_and_go_world)
[1.472s] [34mcolcon.colcon_core.environment[0m [1;30mLevel 1[0m checking '/home/ivan/personal/robotics_ros2/robotics_programming/install/seek_and_go_world' for CMake module files
[1.473s] [34mcolcon.colcon_core.environment[0m [1;30mLevel 1[0m checking '/home/ivan/personal/robotics_ros2/robotics_programming/install/seek_and_go_world' for CMake config files
[1.473s] [34mcolcon.colcon_core.shell[0m [1;30mLevel 1[0m create_environment_hook('seek_and_go_world', 'cmake_prefix_path')
[1.474s] [34mcolcon.colcon_core.shell[0m [1;30mINFO[0m Creating environment hook '/home/ivan/personal/robotics_ros2/robotics_programming/install/seek_and_go_world/share/seek_and_go_world/hook/cmake_prefix_path.ps1'
[1.475s] [34mcolcon.colcon_core.shell[0m [1;30mINFO[0m Creating environment descriptor '/home/ivan/personal/robotics_ros2/robotics_programming/install/seek_and_go_world/share/seek_and_go_world/hook/cmake_prefix_path.dsv'
[1.476s] [34mcolcon.colcon_core.shell[0m [1;30mINFO[0m Creating environment hook '/home/ivan/personal/robotics_ros2/robotics_programming/install/seek_and_go_world/share/seek_and_go_world/hook/cmake_prefix_path.sh'
[1.477s] [34mcolcon.colcon_core.environment[0m [1;30mLevel 1[0m checking '/home/ivan/personal/robotics_ros2/robotics_programming/install/seek_and_go_world/bin'
[1.477s] [34mcolcon.colcon_core.environment[0m [1;30mLevel 1[0m checking '/home/ivan/personal/robotics_ros2/robotics_programming/install/seek_and_go_world/lib/pkgconfig/seek_and_go_world.pc'
[1.478s] [34mcolcon.colcon_core.environment[0m [1;30mLevel 1[0m checking '/home/ivan/personal/robotics_ros2/robotics_programming/install/seek_and_go_world/lib/python3.10/site-packages'
[1.478s] [34mcolcon.colcon_core.environment[0m [1;30mLevel 1[0m checking '/home/ivan/personal/robotics_ros2/robotics_programming/install/seek_and_go_world/bin'
[1.479s] [34mcolcon.colcon_core.shell[0m [1;30mINFO[0m Creating package script '/home/ivan/personal/robotics_ros2/robotics_programming/install/seek_and_go_world/share/seek_and_go_world/package.ps1'
[1.480s] [34mcolcon.colcon_core.shell[0m [1;30mINFO[0m Creating package descriptor '/home/ivan/personal/robotics_ros2/robotics_programming/install/seek_and_go_world/share/seek_and_go_world/package.dsv'
[1.482s] [34mcolcon.colcon_core.shell[0m [1;30mINFO[0m Creating package script '/home/ivan/personal/robotics_ros2/robotics_programming/install/seek_and_go_world/share/seek_and_go_world/package.sh'
[1.483s] [34mcolcon.colcon_core.shell[0m [1;30mINFO[0m Creating package script '/home/ivan/personal/robotics_ros2/robotics_programming/install/seek_and_go_world/share/seek_and_go_world/package.bash'
[1.484s] [34mcolcon.colcon_core.shell[0m [1;30mINFO[0m Creating package script '/home/ivan/personal/robotics_ros2/robotics_programming/install/seek_and_go_world/share/seek_and_go_world/package.zsh'
[1.484s] [34mcolcon.colcon_core.environment[0m [1;30mLevel 1[0m create_file_with_runtime_dependencies(/home/ivan/personal/robotics_ros2/robotics_programming/install/seek_and_go_world/share/colcon-core/packages/seek_and_go_world)
[4.440s] [34mcolcon.colcon_core.event_handler.log_command[0m [1;30mDEBUG[0m [32mInvoking command in '/home/ivan/personal/robotics_ros2/robotics_programming/src/diff_drive_description': PYTHONPATH=/home/ivan/personal/robotics_ros2/robotics_programming/build/diff_drive_description/prefix_override:/usr/lib/python3/dist-packages/colcon_core/task/python/colcon_distutils_commands:/home/ivan/personal/robotics_ros2/robotics_programming/install/diff_drive_description/lib/python3.10/site-packages:${PYTHONPATH} /usr/bin/python3 -W ignore:setup.py install is deprecated -W ignore:easy_install command is deprecated setup.py egg_info --egg-base ../../build/diff_drive_description build --build-base /home/ivan/personal/robotics_ros2/robotics_programming/build/diff_drive_description/build install --record /home/ivan/personal/robotics_ros2/robotics_programming/build/diff_drive_description/install.log --single-version-externally-managed install_data[0m
[4.447s] [34mcolcon.colcon_core.event_handler.log_command[0m [1;30mDEBUG[0m [32mInvoking command in '/home/ivan/personal/robotics_ros2/robotics_programming/src/yolo_object_detector': PYTHONPATH=/home/ivan/personal/robotics_ros2/robotics_programming/build/yolo_object_detector/prefix_override:/usr/lib/python3/dist-packages/colcon_core/task/python/colcon_distutils_commands:/home/ivan/personal/robotics_ros2/robotics_programming/install/yolo_object_detector/lib/python3.10/site-packages:${PYTHONPATH} /usr/bin/python3 -W ignore:setup.py install is deprecated -W ignore:easy_install command is deprecated setup.py egg_info --egg-base ../../build/yolo_object_detector build --build-base /home/ivan/personal/robotics_ros2/robotics_programming/build/yolo_object_detector/build install --record /home/ivan/personal/robotics_ros2/robotics_programming/build/yolo_object_detector/install.log --single-version-externally-managed install_data[0m
[4.449s] [34mcolcon.colcon_core.event_handler.log_command[0m [1;30mDEBUG[0m [32mInvoking command in '/home/ivan/personal/robotics_ros2/robotics_programming/src/usb_camera_reader': PYTHONPATH=/home/ivan/personal/robotics_ros2/robotics_programming/build/usb_camera_reader/prefix_override:/usr/lib/python3/dist-packages/colcon_core/task/python/colcon_distutils_commands:/home/ivan/personal/robotics_ros2/robotics_programming/install/usb_camera_reader/lib/python3.10/site-packages:${PYTHONPATH} /usr/bin/python3 -W ignore:setup.py install is deprecated -W ignore:easy_install command is deprecated setup.py egg_info --egg-base ../../build/usb_camera_reader build --build-base /home/ivan/personal/robotics_ros2/robotics_programming/build/usb_camera_reader/build install --record /home/ivan/personal/robotics_ros2/robotics_programming/build/usb_camera_reader/install.log --single-version-externally-managed install_data[0m
[4.449s] [34mcolcon.colcon_core.event_handler.log_command[0m [1;30mDEBUG[0m [32mInvoking command in '/home/ivan/personal/robotics_ros2/robotics_programming/src/nav2_mobile_robot': PYTHONPATH=/home/ivan/personal/robotics_ros2/robotics_programming/build/nav2_mobile_robot/prefix_override:/usr/lib/python3/dist-packages/colcon_core/task/python/colcon_distutils_commands:/home/ivan/personal/robotics_ros2/robotics_programming/install/nav2_mobile_robot/lib/python3.10/site-packages:${PYTHONPATH} /usr/bin/python3 -W ignore:setup.py install is deprecated -W ignore:easy_install command is deprecated setup.py egg_info --egg-base ../../build/nav2_mobile_robot build --build-base /home/ivan/personal/robotics_ros2/robotics_programming/build/nav2_mobile_robot/build install --record /home/ivan/personal/robotics_ros2/robotics_programming/build/nav2_mobile_robot/install.log --single-version-externally-managed install_data[0m
[4.786s] [34mcolcon.colcon_core.environment[0m [1;30mLevel 1[0m checking '/home/ivan/personal/robotics_ros2/robotics_programming/install/usb_camera_reader' for CMake module files
[4.788s] [34mcolcon.colcon_core.event_handler.log_command[0m [1;30mDEBUG[0m [32mInvoked command in '/home/ivan/personal/robotics_ros2/robotics_programming/src/usb_camera_reader' returned '0': PYTHONPATH=/home/ivan/personal/robotics_ros2/robotics_programming/build/usb_camera_reader/prefix_override:/usr/lib/python3/dist-packages/colcon_core/task/python/colcon_distutils_commands:/home/ivan/personal/robotics_ros2/robotics_programming/install/usb_camera_reader/lib/python3.10/site-packages:${PYTHONPATH} /usr/bin/python3 -W ignore:setup.py install is deprecated -W ignore:easy_install command is deprecated setup.py egg_info --egg-base ../../build/usb_camera_reader build --build-base /home/ivan/personal/robotics_ros2/robotics_programming/build/usb_camera_reader/build install --record /home/ivan/personal/robotics_ros2/robotics_programming/build/usb_camera_reader/install.log --single-version-externally-managed install_data[0m
[4.790s] [34mcolcon.colcon_core.environment[0m [1;30mLevel 1[0m checking '/home/ivan/personal/robotics_ros2/robotics_programming/install/usb_camera_reader' for CMake config files
[4.791s] [34mcolcon.colcon_core.environment[0m [1;30mLevel 1[0m checking '/home/ivan/personal/robotics_ros2/robotics_programming/install/usb_camera_reader/lib'
[4.791s] [34mcolcon.colcon_core.environment[0m [1;30mLevel 1[0m checking '/home/ivan/personal/robotics_ros2/robotics_programming/install/usb_camera_reader/bin'
[4.792s] [34mcolcon.colcon_core.environment[0m [1;30mLevel 1[0m checking '/home/ivan/personal/robotics_ros2/robotics_programming/install/usb_camera_reader/lib/pkgconfig/usb_camera_reader.pc'
[4.792s] [34mcolcon.colcon_core.environment[0m [1;30mLevel 1[0m checking '/home/ivan/personal/robotics_ros2/robotics_programming/install/usb_camera_reader/lib/python3.10/site-packages'
[4.792s] [34mcolcon.colcon_core.shell[0m [1;30mLevel 1[0m create_environment_hook('usb_camera_reader', 'pythonpath')
[4.792s] [34mcolcon.colcon_core.shell[0m [1;30mINFO[0m Creating environment hook '/home/ivan/personal/robotics_ros2/robotics_programming/install/usb_camera_reader/share/usb_camera_reader/hook/pythonpath.ps1'
[4.794s] [34mcolcon.colcon_core.shell[0m [1;30mINFO[0m Creating environment descriptor '/home/ivan/personal/robotics_ros2/robotics_programming/install/usb_camera_reader/share/usb_camera_reader/hook/pythonpath.dsv'
[4.795s] [34mcolcon.colcon_core.shell[0m [1;30mINFO[0m Creating environment hook '/home/ivan/personal/robotics_ros2/robotics_programming/install/usb_camera_reader/share/usb_camera_reader/hook/pythonpath.sh'
[4.796s] [34mcolcon.colcon_core.environment[0m [1;30mLevel 1[0m checking '/home/ivan/personal/robotics_ros2/robotics_programming/install/usb_camera_reader/bin'
[4.797s] [34mcolcon.colcon_core.environment[0m [1;30mLevel 1[0m create_environment_scripts_only(usb_camera_reader)
[4.797s] [34mcolcon.colcon_core.shell[0m [1;30mINFO[0m Creating package script '/home/ivan/personal/robotics_ros2/robotics_programming/install/usb_camera_reader/share/usb_camera_reader/package.ps1'
[4.798s] [34mcolcon.colcon_core.shell[0m [1;30mINFO[0m Creating package descriptor '/home/ivan/personal/robotics_ros2/robotics_programming/install/usb_camera_reader/share/usb_camera_reader/package.dsv'
[4.799s] [34mcolcon.colcon_core.shell[0m [1;30mINFO[0m Creating package script '/home/ivan/personal/robotics_ros2/robotics_programming/install/usb_camera_reader/share/usb_camera_reader/package.sh'
[4.801s] [34mcolcon.colcon_core.shell[0m [1;30mINFO[0m Creating package script '/home/ivan/personal/robotics_ros2/robotics_programming/install/usb_camera_reader/share/usb_camera_reader/package.bash'
[4.802s] [34mcolcon.colcon_core.shell[0m [1;30mINFO[0m Creating package script '/home/ivan/personal/robotics_ros2/robotics_programming/install/usb_camera_reader/share/usb_camera_reader/package.zsh'
[4.804s] [34mcolcon.colcon_core.environment[0m [1;30mLevel 1[0m create_file_with_runtime_dependencies(/home/ivan/personal/robotics_ros2/robotics_programming/install/usb_camera_reader/share/colcon-core/packages/usb_camera_reader)
[4.831s] [34mcolcon.colcon_core.environment[0m [1;30mLevel 1[0m checking '/home/ivan/personal/robotics_ros2/robotics_programming/install/diff_drive_description' for CMake module files
[4.834s] [34mcolcon.colcon_core.event_handler.log_command[0m [1;30mDEBUG[0m [32mInvoked command in '/home/ivan/personal/robotics_ros2/robotics_programming/src/diff_drive_description' returned '0': PYTHONPATH=/home/ivan/personal/robotics_ros2/robotics_programming/build/diff_drive_description/prefix_override:/usr/lib/python3/dist-packages/colcon_core/task/python/colcon_distutils_commands:/home/ivan/personal/robotics_ros2/robotics_programming/install/diff_drive_description/lib/python3.10/site-packages:${PYTHONPATH} /usr/bin/python3 -W ignore:setup.py install is deprecated -W ignore:easy_install command is deprecated setup.py egg_info --egg-base ../../build/diff_drive_description build --build-base /home/ivan/personal/robotics_ros2/robotics_programming/build/diff_drive_description/build install --record /home/ivan/personal/robotics_ros2/robotics_programming/build/diff_drive_description/install.log --single-version-externally-managed install_data[0m
[4.835s] [34mcolcon.colcon_core.environment[0m [1;30mLevel 1[0m checking '/home/ivan/personal/robotics_ros2/robotics_programming/install/diff_drive_description' for CMake config files
[4.836s] [34mcolcon.colcon_core.environment[0m [1;30mLevel 1[0m checking '/home/ivan/personal/robotics_ros2/robotics_programming/install/diff_drive_description/lib'
[4.836s] [34mcolcon.colcon_core.environment[0m [1;30mLevel 1[0m checking '/home/ivan/personal/robotics_ros2/robotics_programming/install/diff_drive_description/bin'
[4.836s] [34mcolcon.colcon_core.environment[0m [1;30mLevel 1[0m checking '/home/ivan/personal/robotics_ros2/robotics_programming/install/diff_drive_description/lib/pkgconfig/diff_drive_description.pc'
[4.836s] [34mcolcon.colcon_core.environment[0m [1;30mLevel 1[0m checking '/home/ivan/personal/robotics_ros2/robotics_programming/install/diff_drive_description/lib/python3.10/site-packages'
[4.836s] [34mcolcon.colcon_core.shell[0m [1;30mLevel 1[0m create_environment_hook('diff_drive_description', 'pythonpath')
[4.836s] [34mcolcon.colcon_core.shell[0m [1;30mINFO[0m Creating environment hook '/home/ivan/personal/robotics_ros2/robotics_programming/install/diff_drive_description/share/diff_drive_description/hook/pythonpath.ps1'
[4.838s] [34mcolcon.colcon_core.shell[0m [1;30mINFO[0m Creating environment descriptor '/home/ivan/personal/robotics_ros2/robotics_programming/install/diff_drive_description/share/diff_drive_description/hook/pythonpath.dsv'
[4.838s] [34mcolcon.colcon_core.shell[0m [1;30mINFO[0m Creating environment hook '/home/ivan/personal/robotics_ros2/robotics_programming/install/diff_drive_description/share/diff_drive_description/hook/pythonpath.sh'
[4.839s] [34mcolcon.colcon_core.environment[0m [1;30mLevel 1[0m checking '/home/ivan/personal/robotics_ros2/robotics_programming/install/diff_drive_description/bin'
[4.839s] [34mcolcon.colcon_core.environment[0m [1;30mLevel 1[0m create_environment_scripts_only(diff_drive_description)
[4.839s] [34mcolcon.colcon_core.shell[0m [1;30mINFO[0m Creating package script '/home/ivan/personal/robotics_ros2/robotics_programming/install/diff_drive_description/share/diff_drive_description/package.ps1'
[4.840s] [34mcolcon.colcon_core.shell[0m [1;30mINFO[0m Creating package descriptor '/home/ivan/personal/robotics_ros2/robotics_programming/install/diff_drive_description/share/diff_drive_description/package.dsv'
[4.840s] [34mcolcon.colcon_core.shell[0m [1;30mINFO[0m Creating package script '/home/ivan/personal/robotics_ros2/robotics_programming/install/diff_drive_description/share/diff_drive_description/package.sh'
[4.840s] [34mcolcon.colcon_core.shell[0m [1;30mINFO[0m Creating package script '/home/ivan/personal/robotics_ros2/robotics_programming/install/diff_drive_description/share/diff_drive_description/package.bash'
[4.841s] [34mcolcon.colcon_core.shell[0m [1;30mINFO[0m Creating package script '/home/ivan/personal/robotics_ros2/robotics_programming/install/diff_drive_description/share/diff_drive_description/package.zsh'
[4.841s] [34mcolcon.colcon_core.environment[0m [1;30mLevel 1[0m create_file_with_runtime_dependencies(/home/ivan/personal/robotics_ros2/robotics_programming/install/diff_drive_description/share/colcon-core/packages/diff_drive_description)
[4.844s] [34mcolcon.colcon_core.environment[0m [1;30mLevel 1[0m checking '/home/ivan/personal/robotics_ros2/robotics_programming/install/yolo_object_detector' for CMake module files
[4.845s] [34mcolcon.colcon_core.event_handler.log_command[0m [1;30mDEBUG[0m [32mInvoked command in '/home/ivan/personal/robotics_ros2/robotics_programming/src/yolo_object_detector' returned '0': PYTHONPATH=/home/ivan/personal/robotics_ros2/robotics_programming/build/yolo_object_detector/prefix_override:/usr/lib/python3/dist-packages/colcon_core/task/python/colcon_distutils_commands:/home/ivan/personal/robotics_ros2/robotics_programming/install/yolo_object_detector/lib/python3.10/site-packages:${PYTHONPATH} /usr/bin/python3 -W ignore:setup.py install is deprecated -W ignore:easy_install command is deprecated setup.py egg_info --egg-base ../../build/yolo_object_detector build --build-base /home/ivan/personal/robotics_ros2/robotics_programming/build/yolo_object_detector/build install --record /home/ivan/personal/robotics_ros2/robotics_programming/build/yolo_object_detector/install.log --single-version-externally-managed install_data[0m
[4.845s] [34mcolcon.colcon_core.environment[0m [1;30mLevel 1[0m checking '/home/ivan/personal/robotics_ros2/robotics_programming/install/yolo_object_detector' for CMake config files
[4.846s] [34mcolcon.colcon_core.environment[0m [1;30mLevel 1[0m checking '/home/ivan/personal/robotics_ros2/robotics_programming/install/yolo_object_detector/lib'
[4.847s] [34mcolcon.colcon_core.environment[0m [1;30mLevel 1[0m checking '/home/ivan/personal/robotics_ros2/robotics_programming/install/yolo_object_detector/bin'
[4.847s] [34mcolcon.colcon_core.environment[0m [1;30mLevel 1[0m checking '/home/ivan/personal/robotics_ros2/robotics_programming/install/yolo_object_detector/lib/pkgconfig/yolo_object_detector.pc'
[4.847s] [34mcolcon.colcon_core.environment[0m [1;30mLevel 1[0m checking '/home/ivan/personal/robotics_ros2/robotics_programming/install/yolo_object_detector/lib/python3.10/site-packages'
[4.847s] [34mcolcon.colcon_core.shell[0m [1;30mLevel 1[0m create_environment_hook('yolo_object_detector', 'pythonpath')
[4.847s] [34mcolcon.colcon_core.shell[0m [1;30mINFO[0m Creating environment hook '/home/ivan/personal/robotics_ros2/robotics_programming/install/yolo_object_detector/share/yolo_object_detector/hook/pythonpath.ps1'
[4.848s] [34mcolcon.colcon_core.shell[0m [1;30mINFO[0m Creating environment descriptor '/home/ivan/personal/robotics_ros2/robotics_programming/install/yolo_object_detector/share/yolo_object_detector/hook/pythonpath.dsv'
[4.848s] [34mcolcon.colcon_core.shell[0m [1;30mINFO[0m Creating environment hook '/home/ivan/personal/robotics_ros2/robotics_programming/install/yolo_object_detector/share/yolo_object_detector/hook/pythonpath.sh'
[4.850s] [34mcolcon.colcon_core.environment[0m [1;30mLevel 1[0m checking '/home/ivan/personal/robotics_ros2/robotics_programming/install/yolo_object_detector/bin'
[4.851s] [34mcolcon.colcon_core.environment[0m [1;30mLevel 1[0m create_environment_scripts_only(yolo_object_detector)
[4.852s] [34mcolcon.colcon_core.shell[0m [1;30mINFO[0m Creating package script '/home/ivan/personal/robotics_ros2/robotics_programming/install/yolo_object_detector/share/yolo_object_detector/package.ps1'
[4.853s] [34mcolcon.colcon_core.shell[0m [1;30mINFO[0m Creating package descriptor '/home/ivan/personal/robotics_ros2/robotics_programming/install/yolo_object_detector/share/yolo_object_detector/package.dsv'
[4.854s] [34mcolcon.colcon_core.shell[0m [1;30mINFO[0m Creating package script '/home/ivan/personal/robotics_ros2/robotics_programming/install/yolo_object_detector/share/yolo_object_detector/package.sh'
[4.854s] [34mcolcon.colcon_core.shell[0m [1;30mINFO[0m Creating package script '/home/ivan/personal/robotics_ros2/robotics_programming/install/yolo_object_detector/share/yolo_object_detector/package.bash'
[4.855s] [34mcolcon.colcon_core.shell[0m [1;30mINFO[0m Creating package script '/home/ivan/personal/robotics_ros2/robotics_programming/install/yolo_object_detector/share/yolo_object_detector/package.zsh'
[4.855s] [34mcolcon.colcon_core.environment[0m [1;30mLevel 1[0m create_file_with_runtime_dependencies(/home/ivan/personal/robotics_ros2/robotics_programming/install/yolo_object_detector/share/colcon-core/packages/yolo_object_detector)
[4.858s] [34mcolcon.colcon_core.environment[0m [1;30mLevel 1[0m checking '/home/ivan/personal/robotics_ros2/robotics_programming/install/nav2_mobile_robot' for CMake module files
[4.860s] [34mcolcon.colcon_core.event_handler.log_command[0m [1;30mDEBUG[0m [32mInvoked command in '/home/ivan/personal/robotics_ros2/robotics_programming/src/nav2_mobile_robot' returned '0': PYTHONPATH=/home/ivan/personal/robotics_ros2/robotics_programming/build/nav2_mobile_robot/prefix_override:/usr/lib/python3/dist-packages/colcon_core/task/python/colcon_distutils_commands:/home/ivan/personal/robotics_ros2/robotics_programming/install/nav2_mobile_robot/lib/python3.10/site-packages:${PYTHONPATH} /usr/bin/python3 -W ignore:setup.py install is deprecated -W ignore:easy_install command is deprecated setup.py egg_info --egg-base ../../build/nav2_mobile_robot build --build-base /home/ivan/personal/robotics_ros2/robotics_programming/build/nav2_mobile_robot/build install --record /home/ivan/personal/robotics_ros2/robotics_programming/build/nav2_mobile_robot/install.log --single-version-externally-managed install_data[0m
[4.861s] [34mcolcon.colcon_core.environment[0m [1;30mLevel 1[0m checking '/home/ivan/personal/robotics_ros2/robotics_programming/install/nav2_mobile_robot' for CMake config files
[4.861s] [34mcolcon.colcon_core.environment[0m [1;30mLevel 1[0m checking '/home/ivan/personal/robotics_ros2/robotics_programming/install/nav2_mobile_robot/lib'
[4.861s] [34mcolcon.colcon_core.environment[0m [1;30mLevel 1[0m checking '/home/ivan/personal/robotics_ros2/robotics_programming/install/nav2_mobile_robot/bin'
[4.861s] [34mcolcon.colcon_core.environment[0m [1;30mLevel 1[0m checking '/home/ivan/personal/robotics_ros2/robotics_programming/install/nav2_mobile_robot/lib/pkgconfig/nav2_mobile_robot.pc'
[4.862s] [34mcolcon.colcon_core.environment[0m [1;30mLevel 1[0m checking '/home/ivan/personal/robotics_ros2/robotics_programming/install/nav2_mobile_robot/lib/python3.10/site-packages'
[4.862s] [34mcolcon.colcon_core.shell[0m [1;30mLevel 1[0m create_environment_hook('nav2_mobile_robot', 'pythonpath')
[4.862s] [34mcolcon.colcon_core.shell[0m [1;30mINFO[0m Creating environment hook '/home/ivan/personal/robotics_ros2/robotics_programming/install/nav2_mobile_robot/share/nav2_mobile_robot/hook/pythonpath.ps1'
[4.863s] [34mcolcon.colcon_core.shell[0m [1;30mINFO[0m Creating environment descriptor '/home/ivan/personal/robotics_ros2/robotics_programming/install/nav2_mobile_robot/share/nav2_mobile_robot/hook/pythonpath.dsv'
[4.863s] [34mcolcon.colcon_core.shell[0m [1;30mINFO[0m Creating environment hook '/home/ivan/personal/robotics_ros2/robotics_programming/install/nav2_mobile_robot/share/nav2_mobile_robot/hook/pythonpath.sh'
[4.863s] [34mcolcon.colcon_core.environment[0m [1;30mLevel 1[0m checking '/home/ivan/personal/robotics_ros2/robotics_programming/install/nav2_mobile_robot/bin'
[4.864s] [34mcolcon.colcon_core.environment[0m [1;30mLevel 1[0m create_environment_scripts_only(nav2_mobile_robot)
[4.864s] [34mcolcon.colcon_core.shell[0m [1;30mINFO[0m Creating package script '/home/ivan/personal/robotics_ros2/robotics_programming/install/nav2_mobile_robot/share/nav2_mobile_robot/package.ps1'
[4.865s] [34mcolcon.colcon_core.shell[0m [1;30mINFO[0m Creating package descriptor '/home/ivan/personal/robotics_ros2/robotics_programming/install/nav2_mobile_robot/share/nav2_mobile_robot/package.dsv'
[4.865s] [34mcolcon.colcon_core.shell[0m [1;30mINFO[0m Creating package script '/home/ivan/personal/robotics_ros2/robotics_programming/install/nav2_mobile_robot/share/nav2_mobile_robot/package.sh'
[4.865s] [34mcolcon.colcon_core.shell[0m [1;30mINFO[0m Creating package script '/home/ivan/personal/robotics_ros2/robotics_programming/install/nav2_mobile_robot/share/nav2_mobile_robot/package.bash'
[4.866s] [34mcolcon.colcon_core.shell[0m [1;30mINFO[0m Creating package script '/home/ivan/personal/robotics_ros2/robotics_programming/install/nav2_mobile_robot/share/nav2_mobile_robot/package.zsh'
[4.866s] [34mcolcon.colcon_core.environment[0m [1;30mLevel 1[0m create_file_with_runtime_dependencies(/home/ivan/personal/robotics_ros2/robotics_programming/install/nav2_mobile_robot/share/colcon-core/packages/nav2_mobile_robot)
[4.955s] [34mcolcon.colcon_core.event_handler.log_command[0m [1;30mDEBUG[0m [32mInvoked command in '/home/ivan/personal/robotics_ros2/robotics_programming/build/pendulum_robot_description' returned '0': CMAKE_PREFIX_PATH=/opt/ros/humble /usr/bin/cmake /home/ivan/personal/robotics_ros2/robotics_programming/src/pendulum_robot_description -DCMAKE_INSTALL_PREFIX=/home/ivan/personal/robotics_ros2/robotics_programming/install/pendulum_robot_description[0m
[4.960s] [34mcolcon.colcon_core.event_handler.log_command[0m [1;30mDEBUG[0m [32mInvoking command in '/home/ivan/personal/robotics_ros2/robotics_programming/build/pendulum_robot_description': CMAKE_PREFIX_PATH=/opt/ros/humble /usr/bin/cmake --build /home/ivan/personal/robotics_ros2/robotics_programming/build/pendulum_robot_description -- -j12 -l12[0m
[4.995s] [34mcolcon.colcon_core.event_handler.log_command[0m [1;30mDEBUG[0m [32mInvoked command in '/home/ivan/personal/robotics_ros2/robotics_programming/build/pendulum_robot_description' returned '0': CMAKE_PREFIX_PATH=/opt/ros/humble /usr/bin/cmake --build /home/ivan/personal/robotics_ros2/robotics_programming/build/pendulum_robot_description -- -j12 -l12[0m
[4.998s] [34mcolcon.colcon_core.event_handler.log_command[0m [1;30mDEBUG[0m [32mInvoking command in '/home/ivan/personal/robotics_ros2/robotics_programming/build/pendulum_robot_description': CMAKE_PREFIX_PATH=/opt/ros/humble /usr/bin/cmake --install /home/ivan/personal/robotics_ros2/robotics_programming/build/pendulum_robot_description[0m
[5.008s] [34mcolcon.colcon_core.environment[0m [1;30mLevel 1[0m create_environment_scripts_only(pendulum_robot_description)
[5.009s] [34mcolcon.colcon_core.environment[0m [1;30mLevel 1[0m checking '/home/ivan/personal/robotics_ros2/robotics_programming/install/pendulum_robot_description' for CMake module files
[5.010s] [34mcolcon.colcon_core.event_handler.log_command[0m [1;30mDEBUG[0m [32mInvoked command in '/home/ivan/personal/robotics_ros2/robotics_programming/build/pendulum_robot_description' returned '0': CMAKE_PREFIX_PATH=/opt/ros/humble /usr/bin/cmake --install /home/ivan/personal/robotics_ros2/robotics_programming/build/pendulum_robot_description[0m
[5.011s] [34mcolcon.colcon_core.environment[0m [1;30mLevel 1[0m checking '/home/ivan/personal/robotics_ros2/robotics_programming/install/pendulum_robot_description' for CMake config files
[5.011s] [34mcolcon.colcon_core.shell[0m [1;30mLevel 1[0m create_environment_hook('pendulum_robot_description', 'cmake_prefix_path')
[5.011s] [34mcolcon.colcon_core.shell[0m [1;30mINFO[0m Creating environment hook '/home/ivan/personal/robotics_ros2/robotics_programming/install/pendulum_robot_description/share/pendulum_robot_description/hook/cmake_prefix_path.ps1'
[5.012s] [34mcolcon.colcon_core.shell[0m [1;30mINFO[0m Creating environment descriptor '/home/ivan/personal/robotics_ros2/robotics_programming/install/pendulum_robot_description/share/pendulum_robot_description/hook/cmake_prefix_path.dsv'
[5.013s] [34mcolcon.colcon_core.shell[0m [1;30mINFO[0m Creating environment hook '/home/ivan/personal/robotics_ros2/robotics_programming/install/pendulum_robot_description/share/pendulum_robot_description/hook/cmake_prefix_path.sh'
[5.013s] [34mcolcon.colcon_core.environment[0m [1;30mLevel 1[0m checking '/home/ivan/personal/robotics_ros2/robotics_programming/install/pendulum_robot_description/bin'
[5.014s] [34mcolcon.colcon_core.environment[0m [1;30mLevel 1[0m checking '/home/ivan/personal/robotics_ros2/robotics_programming/install/pendulum_robot_description/lib/pkgconfig/pendulum_robot_description.pc'
[5.014s] [34mcolcon.colcon_core.environment[0m [1;30mLevel 1[0m checking '/home/ivan/personal/robotics_ros2/robotics_programming/install/pendulum_robot_description/lib/python3.10/site-packages'
[5.014s] [34mcolcon.colcon_core.environment[0m [1;30mLevel 1[0m checking '/home/ivan/personal/robotics_ros2/robotics_programming/install/pendulum_robot_description/bin'
[5.015s] [34mcolcon.colcon_core.shell[0m [1;30mINFO[0m Creating package script '/home/ivan/personal/robotics_ros2/robotics_programming/install/pendulum_robot_description/share/pendulum_robot_description/package.ps1'
[5.015s] [34mcolcon.colcon_core.shell[0m [1;30mINFO[0m Creating package descriptor '/home/ivan/personal/robotics_ros2/robotics_programming/install/pendulum_robot_description/share/pendulum_robot_description/package.dsv'
[5.015s] [34mcolcon.colcon_core.shell[0m [1;30mINFO[0m Creating package script '/home/ivan/personal/robotics_ros2/robotics_programming/install/pendulum_robot_description/share/pendulum_robot_description/package.sh'
[5.016s] [34mcolcon.colcon_core.shell[0m [1;30mINFO[0m Creating package script '/home/ivan/personal/robotics_ros2/robotics_programming/install/pendulum_robot_description/share/pendulum_robot_description/package.bash'
[5.016s] [34mcolcon.colcon_core.shell[0m [1;30mINFO[0m Creating package script '/home/ivan/personal/robotics_ros2/robotics_programming/install/pendulum_robot_description/share/pendulum_robot_description/package.zsh'
[5.016s] [34mcolcon.colcon_core.environment[0m [1;30mLevel 1[0m create_file_with_runtime_dependencies(/home/ivan/personal/robotics_ros2/robotics_programming/install/pendulum_robot_description/share/colcon-core/packages/pendulum_robot_description)
[5.017s] [34mcolcon.colcon_core.environment[0m [1;30mLevel 1[0m create_environment_scripts_only(pendulum_robot_description)
[5.017s] [34mcolcon.colcon_core.environment[0m [1;30mLevel 1[0m checking '/home/ivan/personal/robotics_ros2/robotics_programming/install/pendulum_robot_description' for CMake module files
[5.017s] [34mcolcon.colcon_core.environment[0m [1;30mLevel 1[0m checking '/home/ivan/personal/robotics_ros2/robotics_programming/install/pendulum_robot_description' for CMake config files
[5.017s] [34mcolcon.colcon_core.shell[0m [1;30mLevel 1[0m create_environment_hook('pendulum_robot_description', 'cmake_prefix_path')
[5.017s] [34mcolcon.colcon_core.shell[0m [1;30mINFO[0m Creating environment hook '/home/ivan/personal/robotics_ros2/robotics_programming/install/pendulum_robot_description/share/pendulum_robot_description/hook/cmake_prefix_path.ps1'
[5.018s] [34mcolcon.colcon_core.shell[0m [1;30mINFO[0m Creating environment descriptor '/home/ivan/personal/robotics_ros2/robotics_programming/install/pendulum_robot_description/share/pendulum_robot_description/hook/cmake_prefix_path.dsv'
[5.018s] [34mcolcon.colcon_core.shell[0m [1;30mINFO[0m Creating environment hook '/home/ivan/personal/robotics_ros2/robotics_programming/install/pendulum_robot_description/share/pendulum_robot_description/hook/cmake_prefix_path.sh'
[5.019s] [34mcolcon.colcon_core.environment[0m [1;30mLevel 1[0m checking '/home/ivan/personal/robotics_ros2/robotics_programming/install/pendulum_robot_description/bin'
[5.019s] [34mcolcon.colcon_core.environment[0m [1;30mLevel 1[0m checking '/home/ivan/personal/robotics_ros2/robotics_programming/install/pendulum_robot_description/lib/pkgconfig/pendulum_robot_description.pc'
[5.019s] [34mcolcon.colcon_core.environment[0m [1;30mLevel 1[0m checking '/home/ivan/personal/robotics_ros2/robotics_programming/install/pendulum_robot_description/lib/python3.10/site-packages'
[5.019s] [34mcolcon.colcon_core.environment[0m [1;30mLevel 1[0m checking '/home/ivan/personal/robotics_ros2/robotics_programming/install/pendulum_robot_description/bin'
[5.019s] [34mcolcon.colcon_core.shell[0m [1;30mINFO[0m Creating package script '/home/ivan/personal/robotics_ros2/robotics_programming/install/pendulum_robot_description/share/pendulum_robot_description/package.ps1'
[5.020s] [34mcolcon.colcon_core.shell[0m [1;30mINFO[0m Creating package descriptor '/home/ivan/personal/robotics_ros2/robotics_programming/install/pendulum_robot_description/share/pendulum_robot_description/package.dsv'
[5.020s] [34mcolcon.colcon_core.shell[0m [1;30mINFO[0m Creating package script '/home/ivan/personal/robotics_ros2/robotics_programming/install/pendulum_robot_description/share/pendulum_robot_description/package.sh'
[5.021s] [34mcolcon.colcon_core.shell[0m [1;30mINFO[0m Creating package script '/home/ivan/personal/robotics_ros2/robotics_programming/install/pendulum_robot_description/share/pendulum_robot_description/package.bash'
[5.021s] [34mcolcon.colcon_core.shell[0m [1;30mINFO[0m Creating package script '/home/ivan/personal/robotics_ros2/robotics_programming/install/pendulum_robot_description/share/pendulum_robot_description/package.zsh'
[5.021s] [34mcolcon.colcon_core.environment[0m [1;30mLevel 1[0m create_file_with_runtime_dependencies(/home/ivan/personal/robotics_ros2/robotics_programming/install/pendulum_robot_description/share/colcon-core/packages/pendulum_robot_description)
[5.021s] [34mcolcon.colcon_parallel_executor.executor.parallel[0m [1;30mDEBUG[0m [32mclosing loop[0m
[5.022s] [34mcolcon.colcon_parallel_executor.executor.parallel[0m [1;30mDEBUG[0m [32mloop closed[0m
[5.023s] [34mcolcon.colcon_parallel_executor.executor.parallel[0m [1;30mDEBUG[0m [32mrun_until_complete finished with '0'[0m
[5.023s] [34mcolcon.colcon_core.event_reactor[0m [1;30mDEBUG[0m [32mjoining thread[0m
[5.074s] [34mcolcon.colcon_core.plugin_system[0m [1;30mINFO[0m Skipping extension 'colcon_notification.desktop_notification.notify_send': Could not find 'notify-send'
[5.074s] [34mcolcon.colcon_core.plugin_system[0m [1;30mINFO[0m Skipping extension 'colcon_notification.desktop_notification.terminal_notifier': Not used on non-Darwin systems
[5.074s] [34mcolcon.colcon_core.plugin_system[0m [1;30mINFO[0m Skipping extension 'colcon_notification.desktop_notification.win32': Not used on non-Windows systems
[5.074s] [34mcolcon.colcon_notification.desktop_notification[0m [1;30mINFO[0m Sending desktop notification using 'notify2'
[5.076s] [34mcolcon.colcon_notification.desktop_notification.notify2[0m [1;30mDEBUG[0m [32mFailed to initialize notify2: org.freedesktop.DBus.Error.ServiceUnknown: The name org.freedesktop.Notifications was not provided by any .service files[0m
[5.076s] [34mcolcon.colcon_core.event_reactor[0m [1;30mDEBUG[0m [32mjoined thread[0m
[5.076s] [34mcolcon.colcon_core.shell[0m [1;30mINFO[0m Creating prefix script '/home/ivan/personal/robotics_ros2/robotics_programming/install/local_setup.ps1'
[5.078s] [34mcolcon.colcon_core.shell[0m [1;30mINFO[0m Creating prefix util module '/home/ivan/personal/robotics_ros2/robotics_programming/install/_local_setup_util_ps1.py'
[5.080s] [34mcolcon.colcon_core.shell[0m [1;30mINFO[0m Creating prefix chain script '/home/ivan/personal/robotics_ros2/robotics_programming/install/setup.ps1'
[5.083s] [34mcolcon.colcon_core.shell[0m [1;30mINFO[0m Creating prefix script '/home/ivan/personal/robotics_ros2/robotics_programming/install/local_setup.sh'
[5.085s] [34mcolcon.colcon_core.shell[0m [1;30mINFO[0m Creating prefix util module '/home/ivan/personal/robotics_ros2/robotics_programming/install/_local_setup_util_sh.py'
[5.085s] [34mcolcon.colcon_core.shell[0m [1;30mINFO[0m Creating prefix chain script '/home/ivan/personal/robotics_ros2/robotics_programming/install/setup.sh'
[5.087s] [34mcolcon.colcon_core.shell[0m [1;30mINFO[0m Creating prefix script '/home/ivan/personal/robotics_ros2/robotics_programming/install/local_setup.bash'
[5.088s] [34mcolcon.colcon_core.shell[0m [1;30mINFO[0m Creating prefix chain script '/home/ivan/personal/robotics_ros2/robotics_programming/install/setup.bash'
[5.090s] [34mcolcon.colcon_core.shell[0m [1;30mINFO[0m Creating prefix script '/home/ivan/personal/robotics_ros2/robotics_programming/install/local_setup.zsh'
[5.092s] [34mcolcon.colcon_core.shell[0m [1;30mINFO[0m Creating prefix chain script '/home/ivan/personal/robotics_ros2/robotics_programming/install/setup.zsh'
