[0.451s] Invoking command in '/home/ivan/personal/robotics_ros2/robotics_programming/build/usb_cam_launch': CMAKE_PREFIX_PATH=${CMAKE_PREFIX_PATH}:/home/ivan/personal/robotics_ros2/robotics_programming/install/nav2_mobile_robot:/home/ivan/personal/robotics_ros2/robotics_programming/install/yolo_object_detector:/home/ivan/personal/robotics_ros2/robotics_programming/install/usb_camera_reader:/opt/ros/humble /usr/bin/cmake /home/ivan/personal/robotics_ros2/robotics_programming/src/usb_cam_launch -DCMAKE_INSTALL_PREFIX=/home/ivan/personal/robotics_ros2/robotics_programming/install/usb_cam_launch
[1.023s] -- The C compiler identification is GNU 11.4.0
[1.023s] -- The CXX compiler identification is GNU 11.4.0
[1.120s] -- Detecting C compiler ABI info
[1.261s] -- Detecting C compiler ABI info - done
[1.272s] -- Check for working C compiler: /usr/bin/cc - skipped
[1.273s] -- Detecting C compile features
[1.273s] -- Detecting C compile features - done
[1.279s] -- Detecting CXX compiler ABI info
[1.442s] -- Detecting CXX compiler ABI info - done
[1.456s] -- Check for working CXX compiler: /usr/bin/c++ - skipped
[1.457s] -- Detecting CXX compile features
[1.458s] -- Detecting CXX compile features - done
[1.472s] -- Found ament_cmake: 1.3.11 (/opt/ros/humble/share/ament_cmake/cmake)
[1.782s] -- Found Python3: /usr/bin/python3 (found version "3.10.12") found components: Interpreter 
[1.976s] -- Found ament_lint_auto: 0.12.12 (/opt/ros/humble/share/ament_lint_auto/cmake)
[2.120s] -- Added test 'flake8' to check Python code syntax and style conventions
[2.122s] -- Added test 'lint_cmake' to check CMake code style
[2.124s] -- Added test 'pep257' to check Python code against some of the docstring style conventions in PEP 257
[2.130s] -- Added test 'xmllint' to check XML markup files
[2.133s] -- Configuring done
[2.142s] -- Generating done
[2.146s] -- Build files have been written to: /home/ivan/personal/robotics_ros2/robotics_programming/build/usb_cam_launch
[2.166s] Invoked command in '/home/ivan/personal/robotics_ros2/robotics_programming/build/usb_cam_launch' returned '0': CMAKE_PREFIX_PATH=${CMAKE_PREFIX_PATH}:/home/ivan/personal/robotics_ros2/robotics_programming/install/nav2_mobile_robot:/home/ivan/personal/robotics_ros2/robotics_programming/install/yolo_object_detector:/home/ivan/personal/robotics_ros2/robotics_programming/install/usb_camera_reader:/opt/ros/humble /usr/bin/cmake /home/ivan/personal/robotics_ros2/robotics_programming/src/usb_cam_launch -DCMAKE_INSTALL_PREFIX=/home/ivan/personal/robotics_ros2/robotics_programming/install/usb_cam_launch
[2.170s] Invoking command in '/home/ivan/personal/robotics_ros2/robotics_programming/build/usb_cam_launch': CMAKE_PREFIX_PATH=${CMAKE_PREFIX_PATH}:/home/ivan/personal/robotics_ros2/robotics_programming/install/nav2_mobile_robot:/home/ivan/personal/robotics_ros2/robotics_programming/install/yolo_object_detector:/home/ivan/personal/robotics_ros2/robotics_programming/install/usb_camera_reader:/opt/ros/humble /usr/bin/cmake --build /home/ivan/personal/robotics_ros2/robotics_programming/build/usb_cam_launch -- -j12 -l12
[2.236s] Invoked command in '/home/ivan/personal/robotics_ros2/robotics_programming/build/usb_cam_launch' returned '0': CMAKE_PREFIX_PATH=${CMAKE_PREFIX_PATH}:/home/ivan/personal/robotics_ros2/robotics_programming/install/nav2_mobile_robot:/home/ivan/personal/robotics_ros2/robotics_programming/install/yolo_object_detector:/home/ivan/personal/robotics_ros2/robotics_programming/install/usb_camera_reader:/opt/ros/humble /usr/bin/cmake --build /home/ivan/personal/robotics_ros2/robotics_programming/build/usb_cam_launch -- -j12 -l12
[2.241s] Invoking command in '/home/ivan/personal/robotics_ros2/robotics_programming/build/usb_cam_launch': CMAKE_PREFIX_PATH=${CMAKE_PREFIX_PATH}:/home/ivan/personal/robotics_ros2/robotics_programming/install/nav2_mobile_robot:/home/ivan/personal/robotics_ros2/robotics_programming/install/yolo_object_detector:/home/ivan/personal/robotics_ros2/robotics_programming/install/usb_camera_reader:/opt/ros/humble /usr/bin/cmake --install /home/ivan/personal/robotics_ros2/robotics_programming/build/usb_cam_launch
[2.256s] -- Install configuration: ""
[2.256s] -- Installing: /home/ivan/personal/robotics_ros2/robotics_programming/install/usb_cam_launch/share/usb_cam_launch/launch
[2.257s] -- Installing: /home/ivan/personal/robotics_ros2/robotics_programming/install/usb_cam_launch/share/usb_cam_launch/launch/usb_cam_launch.py
[2.258s] -- Installing: /home/ivan/personal/robotics_ros2/robotics_programming/install/usb_cam_launch/share/usb_cam_launch/config
[2.258s] -- Installing: /home/ivan/personal/robotics_ros2/robotics_programming/install/usb_cam_launch/share/usb_cam_launch/config/cam_parameters.yaml
[2.259s] -- Installing: /home/ivan/personal/robotics_ros2/robotics_programming/install/usb_cam_launch/share/ament_index/resource_index/package_run_dependencies/usb_cam_launch
[2.259s] -- Installing: /home/ivan/personal/robotics_ros2/robotics_programming/install/usb_cam_launch/share/ament_index/resource_index/parent_prefix_path/usb_cam_launch
[2.259s] -- Installing: /home/ivan/personal/robotics_ros2/robotics_programming/install/usb_cam_launch/share/usb_cam_launch/environment/ament_prefix_path.sh
[2.260s] -- Installing: /home/ivan/personal/robotics_ros2/robotics_programming/install/usb_cam_launch/share/usb_cam_launch/environment/ament_prefix_path.dsv
[2.260s] -- Installing: /home/ivan/personal/robotics_ros2/robotics_programming/install/usb_cam_launch/share/usb_cam_launch/environment/path.sh
[2.260s] -- Installing: /home/ivan/personal/robotics_ros2/robotics_programming/install/usb_cam_launch/share/usb_cam_launch/environment/path.dsv
[2.261s] -- Installing: /home/ivan/personal/robotics_ros2/robotics_programming/install/usb_cam_launch/share/usb_cam_launch/local_setup.bash
[2.261s] -- Installing: /home/ivan/personal/robotics_ros2/robotics_programming/install/usb_cam_launch/share/usb_cam_launch/local_setup.sh
[2.262s] -- Installing: /home/ivan/personal/robotics_ros2/robotics_programming/install/usb_cam_launch/share/usb_cam_launch/local_setup.zsh
[2.262s] -- Installing: /home/ivan/personal/robotics_ros2/robotics_programming/install/usb_cam_launch/share/usb_cam_launch/local_setup.dsv
[2.262s] -- Installing: /home/ivan/personal/robotics_ros2/robotics_programming/install/usb_cam_launch/share/usb_cam_launch/package.dsv
[2.263s] -- Installing: /home/ivan/personal/robotics_ros2/robotics_programming/install/usb_cam_launch/share/ament_index/resource_index/packages/usb_cam_launch
[2.264s] -- Installing: /home/ivan/personal/robotics_ros2/robotics_programming/install/usb_cam_launch/share/usb_cam_launch/cmake/usb_cam_launchConfig.cmake
[2.264s] -- Installing: /home/ivan/personal/robotics_ros2/robotics_programming/install/usb_cam_launch/share/usb_cam_launch/cmake/usb_cam_launchConfig-version.cmake
[2.266s] -- Installing: /home/ivan/personal/robotics_ros2/robotics_programming/install/usb_cam_launch/share/usb_cam_launch/package.xml
[2.281s] Invoked command in '/home/ivan/personal/robotics_ros2/robotics_programming/build/usb_cam_launch' returned '0': CMAKE_PREFIX_PATH=${CMAKE_PREFIX_PATH}:/home/ivan/personal/robotics_ros2/robotics_programming/install/nav2_mobile_robot:/home/ivan/personal/robotics_ros2/robotics_programming/install/yolo_object_detector:/home/ivan/personal/robotics_ros2/robotics_programming/install/usb_camera_reader:/opt/ros/humble /usr/bin/cmake --install /home/ivan/personal/robotics_ros2/robotics_programming/build/usb_cam_launch
