running egg_info
writing ../../build/pubsub_custom/pubsub_custom.egg-info/PKG-INFO
writing dependency_links to ../../build/pubsub_custom/pubsub_custom.egg-info/dependency_links.txt
writing entry points to ../../build/pubsub_custom/pubsub_custom.egg-info/entry_points.txt
writing requirements to ../../build/pubsub_custom/pubsub_custom.egg-info/requires.txt
writing top-level names to ../../build/pubsub_custom/pubsub_custom.egg-info/top_level.txt
reading manifest file '../../build/pubsub_custom/pubsub_custom.egg-info/SOURCES.txt'
writing manifest file '../../build/pubsub_custom/pubsub_custom.egg-info/SOURCES.txt'
running build
running build_py
copying pubsub_custom/publisher.py -> /home/ivan/personal/robotics_ros2/basic_concepts/ros2_ws/build/pubsub_custom/build/lib/pubsub_custom
running install
running install_lib
copying /home/ivan/personal/robotics_ros2/basic_concepts/ros2_ws/build/pubsub_custom/build/lib/pubsub_custom/publisher.py -> /home/ivan/personal/robotics_ros2/basic_concepts/ros2_ws/install/pubsub_custom/lib/python3.10/site-packages/pubsub_custom
byte-compiling /home/ivan/personal/robotics_ros2/basic_concepts/ros2_ws/install/pubsub_custom/lib/python3.10/site-packages/pubsub_custom/publisher.py to publisher.cpython-310.pyc
running install_data
running install_egg_info
removing '/home/ivan/personal/robotics_ros2/basic_concepts/ros2_ws/install/pubsub_custom/lib/python3.10/site-packages/pubsub_custom-0.0.0-py3.10.egg-info' (and everything under it)
Copying ../../build/pubsub_custom/pubsub_custom.egg-info to /home/ivan/personal/robotics_ros2/basic_concepts/ros2_ws/install/pubsub_custom/lib/python3.10/site-packages/pubsub_custom-0.0.0-py3.10.egg-info
running install_scripts
Installing publish_status script to /home/ivan/personal/robotics_ros2/basic_concepts/ros2_ws/install/pubsub_custom/lib/pubsub_custom
writing list of installed files to '/home/ivan/personal/robotics_ros2/basic_concepts/ros2_ws/build/pubsub_custom/install.log'
