[1.215s] Invoking command in '/home/ivan/personal/robotics_ros2/basic_concepts/ros2_ws/src/pubsub_custom': PYTHONPATH=/home/ivan/personal/robotics_ros2/basic_concepts/ros2_ws/build/pubsub_custom/prefix_override:/usr/lib/python3/dist-packages/colcon_core/task/python/colcon_distutils_commands:/home/ivan/personal/robotics_ros2/basic_concepts/ros2_ws/install/pubsub_custom/lib/python3.10/site-packages:${PYTHONPATH} /usr/bin/python3 -W ignore:setup.py install is deprecated -W ignore:easy_install command is deprecated setup.py egg_info --egg-base ../../build/pubsub_custom build --build-base /home/ivan/personal/robotics_ros2/basic_concepts/ros2_ws/build/pubsub_custom/build install --record /home/ivan/personal/robotics_ros2/basic_concepts/ros2_ws/build/pubsub_custom/install.log --single-version-externally-managed install_data
[1.480s] running egg_info
[1.481s] writing ../../build/pubsub_custom/pubsub_custom.egg-info/PKG-INFO
[1.482s] writing dependency_links to ../../build/pubsub_custom/pubsub_custom.egg-info/dependency_links.txt
[1.483s] writing entry points to ../../build/pubsub_custom/pubsub_custom.egg-info/entry_points.txt
[1.483s] writing requirements to ../../build/pubsub_custom/pubsub_custom.egg-info/requires.txt
[1.483s] writing top-level names to ../../build/pubsub_custom/pubsub_custom.egg-info/top_level.txt
[1.485s] reading manifest file '../../build/pubsub_custom/pubsub_custom.egg-info/SOURCES.txt'
[1.486s] writing manifest file '../../build/pubsub_custom/pubsub_custom.egg-info/SOURCES.txt'
[1.486s] running build
[1.486s] running build_py
[1.487s] running install
[1.487s] running install_lib
[1.489s] running install_data
[1.489s] running install_egg_info
[1.491s] removing '/home/ivan/personal/robotics_ros2/basic_concepts/ros2_ws/install/pubsub_custom/lib/python3.10/site-packages/pubsub_custom-0.0.0-py3.10.egg-info' (and everything under it)
[1.491s] Copying ../../build/pubsub_custom/pubsub_custom.egg-info to /home/ivan/personal/robotics_ros2/basic_concepts/ros2_ws/install/pubsub_custom/lib/python3.10/site-packages/pubsub_custom-0.0.0-py3.10.egg-info
[1.492s] running install_scripts
[1.521s] Installing publish_status script to /home/ivan/personal/robotics_ros2/basic_concepts/ros2_ws/install/pubsub_custom/lib/pubsub_custom
[1.522s] writing list of installed files to '/home/ivan/personal/robotics_ros2/basic_concepts/ros2_ws/build/pubsub_custom/install.log'
[1.552s] Invoked command in '/home/ivan/personal/robotics_ros2/basic_concepts/ros2_ws/src/pubsub_custom' returned '0': PYTHONPATH=/home/ivan/personal/robotics_ros2/basic_concepts/ros2_ws/build/pubsub_custom/prefix_override:/usr/lib/python3/dist-packages/colcon_core/task/python/colcon_distutils_commands:/home/ivan/personal/robotics_ros2/basic_concepts/ros2_ws/install/pubsub_custom/lib/python3.10/site-packages:${PYTHONPATH} /usr/bin/python3 -W ignore:setup.py install is deprecated -W ignore:easy_install command is deprecated setup.py egg_info --egg-base ../../build/pubsub_custom build --build-base /home/ivan/personal/robotics_ros2/basic_concepts/ros2_ws/build/pubsub_custom/build install --record /home/ivan/personal/robotics_ros2/basic_concepts/ros2_ws/build/pubsub_custom/install.log --single-version-externally-managed install_data
