[0.703s] Invoking command in '/home/ivan/personal/robotics_ros2/robotics_programming/src/usb_camera_reader': PYTHONPATH=/home/ivan/personal/robotics_ros2/robotics_programming/build/usb_camera_reader/prefix_override:/usr/lib/python3/dist-packages/colcon_core/task/python/colcon_distutils_commands:/home/ivan/personal/robotics_ros2/robotics_programming/install/usb_camera_reader/lib/python3.10/site-packages:${PYTHONPATH} /usr/bin/python3 -W ignore:setup.py install is deprecated -W ignore:easy_install command is deprecated setup.py egg_info --egg-base ../../build/usb_camera_reader build --build-base /home/ivan/personal/robotics_ros2/robotics_programming/build/usb_camera_reader/build install --record /home/ivan/personal/robotics_ros2/robotics_programming/build/usb_camera_reader/install.log --single-version-externally-managed install_data
[0.911s] running egg_info
[0.912s] creating ../../build/usb_camera_reader/usb_camera_reader.egg-info
[0.912s] writing ../../build/usb_camera_reader/usb_camera_reader.egg-info/PKG-INFO
[0.912s] writing dependency_links to ../../build/usb_camera_reader/usb_camera_reader.egg-info/dependency_links.txt
[0.912s] writing entry points to ../../build/usb_camera_reader/usb_camera_reader.egg-info/entry_points.txt
[0.913s] writing requirements to ../../build/usb_camera_reader/usb_camera_reader.egg-info/requires.txt
[0.913s] writing top-level names to ../../build/usb_camera_reader/usb_camera_reader.egg-info/top_level.txt
[0.913s] writing manifest file '../../build/usb_camera_reader/usb_camera_reader.egg-info/SOURCES.txt'
[0.914s] reading manifest file '../../build/usb_camera_reader/usb_camera_reader.egg-info/SOURCES.txt'
[0.915s] writing manifest file '../../build/usb_camera_reader/usb_camera_reader.egg-info/SOURCES.txt'
[0.915s] running build
[0.916s] running build_py
[0.916s] creating /home/ivan/personal/robotics_ros2/robotics_programming/build/usb_camera_reader/build
[0.916s] creating /home/ivan/personal/robotics_ros2/robotics_programming/build/usb_camera_reader/build/lib
[0.916s] creating /home/ivan/personal/robotics_ros2/robotics_programming/build/usb_camera_reader/build/lib/usb_camera_reader
[0.916s] copying usb_camera_reader/camera_publisher.py -> /home/ivan/personal/robotics_ros2/robotics_programming/build/usb_camera_reader/build/lib/usb_camera_reader
[0.916s] copying usb_camera_reader/__init__.py -> /home/ivan/personal/robotics_ros2/robotics_programming/build/usb_camera_reader/build/lib/usb_camera_reader
[0.916s] running install
[0.917s] running install_lib
[0.917s] creating /home/ivan/personal/robotics_ros2/robotics_programming/install/usb_camera_reader/lib/python3.10/site-packages/usb_camera_reader
[0.917s] copying /home/ivan/personal/robotics_ros2/robotics_programming/build/usb_camera_reader/build/lib/usb_camera_reader/camera_publisher.py -> /home/ivan/personal/robotics_ros2/robotics_programming/install/usb_camera_reader/lib/python3.10/site-packages/usb_camera_reader
[0.917s] copying /home/ivan/personal/robotics_ros2/robotics_programming/build/usb_camera_reader/build/lib/usb_camera_reader/__init__.py -> /home/ivan/personal/robotics_ros2/robotics_programming/install/usb_camera_reader/lib/python3.10/site-packages/usb_camera_reader
[0.918s] byte-compiling /home/ivan/personal/robotics_ros2/robotics_programming/install/usb_camera_reader/lib/python3.10/site-packages/usb_camera_reader/camera_publisher.py to camera_publisher.cpython-310.pyc
[0.918s] byte-compiling /home/ivan/personal/robotics_ros2/robotics_programming/install/usb_camera_reader/lib/python3.10/site-packages/usb_camera_reader/__init__.py to __init__.cpython-310.pyc
[0.919s] running install_data
[0.919s] creating /home/ivan/personal/robotics_ros2/robotics_programming/install/usb_camera_reader/share/ament_index
[0.919s] creating /home/ivan/personal/robotics_ros2/robotics_programming/install/usb_camera_reader/share/ament_index/resource_index
[0.919s] creating /home/ivan/personal/robotics_ros2/robotics_programming/install/usb_camera_reader/share/ament_index/resource_index/packages
[0.919s] copying resource/usb_camera_reader -> /home/ivan/personal/robotics_ros2/robotics_programming/install/usb_camera_reader/share/ament_index/resource_index/packages
[0.919s] copying package.xml -> /home/ivan/personal/robotics_ros2/robotics_programming/install/usb_camera_reader/share/usb_camera_reader
[0.919s] running install_egg_info
[0.920s] Copying ../../build/usb_camera_reader/usb_camera_reader.egg-info to /home/ivan/personal/robotics_ros2/robotics_programming/install/usb_camera_reader/lib/python3.10/site-packages/usb_camera_reader-0.0.0-py3.10.egg-info
[0.921s] running install_scripts
[0.944s] Installing camera_publisher script to /home/ivan/personal/robotics_ros2/robotics_programming/install/usb_camera_reader/lib/usb_camera_reader
[0.944s] writing list of installed files to '/home/ivan/personal/robotics_ros2/robotics_programming/build/usb_camera_reader/install.log'
[0.963s] Invoked command in '/home/ivan/personal/robotics_ros2/robotics_programming/src/usb_camera_reader' returned '0': PYTHONPATH=/home/ivan/personal/robotics_ros2/robotics_programming/build/usb_camera_reader/prefix_override:/usr/lib/python3/dist-packages/colcon_core/task/python/colcon_distutils_commands:/home/ivan/personal/robotics_ros2/robotics_programming/install/usb_camera_reader/lib/python3.10/site-packages:${PYTHONPATH} /usr/bin/python3 -W ignore:setup.py install is deprecated -W ignore:easy_install command is deprecated setup.py egg_info --egg-base ../../build/usb_camera_reader build --build-base /home/ivan/personal/robotics_ros2/robotics_programming/build/usb_camera_reader/build install --record /home/ivan/personal/robotics_ros2/robotics_programming/build/usb_camera_reader/install.log --single-version-externally-managed install_data
