[0.049s] Invoking command in '/home/ivan/personal/robotics_ros2/basic_concepts/ros2_ws/build/pubsub_interfaces': CMAKE_PREFIX_PATH=${CMAKE_PREFIX_PATH}:/home/ivan/personal/robotics_ros2/basic_concepts/ros2_ws/install/turtle_controller:/home/ivan/personal/robotics_ros2/basic_concepts/ros2_ws/install/pubsub_custom:/home/ivan/personal/robotics_ros2/basic_concepts/ros2_ws/install/pubsub_img_pkg:/home/ivan/personal/robotics_ros2/basic_concepts/ros2_ws/install/pubsub_pkg:/opt/ros/humble /usr/bin/cmake --build /home/ivan/personal/robotics_ros2/basic_concepts/ros2_ws/build/pubsub_interfaces -- -j12 -l12
[0.616s] [  2%] Built target pubsub_interfaces__cpp
[0.617s] [ 12%] Built target pubsub_interfaces__rosidl_generator_c
[0.617s] [ 12%] Built target ament_cmake_python_copy_pubsub_interfaces
[0.617s] [ 23%] Built target pubsub_interfaces__rosidl_typesupport_introspection_cpp
[0.618s] [ 33%] Built target pubsub_interfaces__rosidl_typesupport_fastrtps_c
[0.618s] [ 48%] Built target pubsub_interfaces__rosidl_typesupport_c
[0.618s] [ 53%] Built target pubsub_interfaces__rosidl_typesupport_introspection_c
[0.619s] [ 64%] Built target pubsub_interfaces__rosidl_typesupport_cpp
[0.619s] [ 74%] Built target pubsub_interfaces__rosidl_typesupport_fastrtps_cpp
[0.619s] [ 74%] Built target pubsub_interfaces
[0.620s] [ 76%] Built target pubsub_interfaces__py
[0.620s] [ 84%] Built target pubsub_interfaces__rosidl_generator_py
[0.621s] [ 89%] Built target pubsub_interfaces__rosidl_typesupport_fastrtps_c__pyext
[0.621s] [ 94%] Built target pubsub_interfaces__rosidl_typesupport_introspection_c__pyext
[0.621s] [100%] Built target pubsub_interfaces__rosidl_typesupport_c__pyext
[0.659s] running egg_info
[0.661s] writing pubsub_interfaces.egg-info/PKG-INFO
[0.662s] writing dependency_links to pubsub_interfaces.egg-info/dependency_links.txt
[0.662s] writing top-level names to pubsub_interfaces.egg-info/top_level.txt
[0.667s] reading manifest file 'pubsub_interfaces.egg-info/SOURCES.txt'
[0.668s] writing manifest file 'pubsub_interfaces.egg-info/SOURCES.txt'
[0.708s] [100%] Built target ament_cmake_python_build_pubsub_interfaces_egg
[1.003s] Invoked command in '/home/ivan/personal/robotics_ros2/basic_concepts/ros2_ws/build/pubsub_interfaces' returned '0': CMAKE_PREFIX_PATH=${CMAKE_PREFIX_PATH}:/home/ivan/personal/robotics_ros2/basic_concepts/ros2_ws/install/turtle_controller:/home/ivan/personal/robotics_ros2/basic_concepts/ros2_ws/install/pubsub_custom:/home/ivan/personal/robotics_ros2/basic_concepts/ros2_ws/install/pubsub_img_pkg:/home/ivan/personal/robotics_ros2/basic_concepts/ros2_ws/install/pubsub_pkg:/opt/ros/humble /usr/bin/cmake --build /home/ivan/personal/robotics_ros2/basic_concepts/ros2_ws/build/pubsub_interfaces -- -j12 -l12
[1.022s] Invoking command in '/home/ivan/personal/robotics_ros2/basic_concepts/ros2_ws/build/pubsub_interfaces': CMAKE_PREFIX_PATH=${CMAKE_PREFIX_PATH}:/home/ivan/personal/robotics_ros2/basic_concepts/ros2_ws/install/turtle_controller:/home/ivan/personal/robotics_ros2/basic_concepts/ros2_ws/install/pubsub_custom:/home/ivan/personal/robotics_ros2/basic_concepts/ros2_ws/install/pubsub_img_pkg:/home/ivan/personal/robotics_ros2/basic_concepts/ros2_ws/install/pubsub_pkg:/opt/ros/humble /usr/bin/cmake --install /home/ivan/personal/robotics_ros2/basic_concepts/ros2_ws/build/pubsub_interfaces
[1.045s] -- Install configuration: ""
[1.045s] -- Up-to-date: /home/ivan/personal/robotics_ros2/basic_concepts/ros2_ws/install/pubsub_interfaces/share/ament_index/resource_index/rosidl_interfaces/pubsub_interfaces
[1.045s] -- Up-to-date: /home/ivan/personal/robotics_ros2/basic_concepts/ros2_ws/install/pubsub_interfaces/include/pubsub_interfaces/pubsub_interfaces
[1.045s] -- Up-to-date: /home/ivan/personal/robotics_ros2/basic_concepts/ros2_ws/install/pubsub_interfaces/include/pubsub_interfaces/pubsub_interfaces/msg
[1.046s] -- Up-to-date: /home/ivan/personal/robotics_ros2/basic_concepts/ros2_ws/install/pubsub_interfaces/include/pubsub_interfaces/pubsub_interfaces/msg/detail
[1.046s] -- Up-to-date: /home/ivan/personal/robotics_ros2/basic_concepts/ros2_ws/install/pubsub_interfaces/include/pubsub_interfaces/pubsub_interfaces/msg/detail/turtle_pose__struct.h
[1.046s] -- Up-to-date: /home/ivan/personal/robotics_ros2/basic_concepts/ros2_ws/install/pubsub_interfaces/include/pubsub_interfaces/pubsub_interfaces/msg/detail/turtle_pose__functions.c
[1.046s] -- Up-to-date: /home/ivan/personal/robotics_ros2/basic_concepts/ros2_ws/install/pubsub_interfaces/include/pubsub_interfaces/pubsub_interfaces/msg/detail/hardware_status__struct.h
[1.046s] -- Up-to-date: /home/ivan/personal/robotics_ros2/basic_concepts/ros2_ws/install/pubsub_interfaces/include/pubsub_interfaces/pubsub_interfaces/msg/detail/hardware_status__functions.c
[1.046s] -- Up-to-date: /home/ivan/personal/robotics_ros2/basic_concepts/ros2_ws/install/pubsub_interfaces/include/pubsub_interfaces/pubsub_interfaces/msg/detail/turtle_pose__type_support.h
[1.046s] -- Up-to-date: /home/ivan/personal/robotics_ros2/basic_concepts/ros2_ws/install/pubsub_interfaces/include/pubsub_interfaces/pubsub_interfaces/msg/detail/turtle_pose__functions.h
[1.046s] -- Up-to-date: /home/ivan/personal/robotics_ros2/basic_concepts/ros2_ws/install/pubsub_interfaces/include/pubsub_interfaces/pubsub_interfaces/msg/detail/hardware_status__functions.h
[1.046s] -- Up-to-date: /home/ivan/personal/robotics_ros2/basic_concepts/ros2_ws/install/pubsub_interfaces/include/pubsub_interfaces/pubsub_interfaces/msg/detail/hardware_status__type_support.h
[1.046s] -- Up-to-date: /home/ivan/personal/robotics_ros2/basic_concepts/ros2_ws/install/pubsub_interfaces/include/pubsub_interfaces/pubsub_interfaces/msg/turtle_pose.h
[1.046s] -- Up-to-date: /home/ivan/personal/robotics_ros2/basic_concepts/ros2_ws/install/pubsub_interfaces/include/pubsub_interfaces/pubsub_interfaces/msg/hardware_status.h
[1.046s] -- Up-to-date: /home/ivan/personal/robotics_ros2/basic_concepts/ros2_ws/install/pubsub_interfaces/include/pubsub_interfaces/pubsub_interfaces/msg/rosidl_generator_c__visibility_control.h
[1.046s] -- Up-to-date: /home/ivan/personal/robotics_ros2/basic_concepts/ros2_ws/install/pubsub_interfaces/share/pubsub_interfaces/environment/library_path.sh
[1.046s] -- Up-to-date: /home/ivan/personal/robotics_ros2/basic_concepts/ros2_ws/install/pubsub_interfaces/share/pubsub_interfaces/environment/library_path.dsv
[1.047s] -- Up-to-date: /home/ivan/personal/robotics_ros2/basic_concepts/ros2_ws/install/pubsub_interfaces/lib/libpubsub_interfaces__rosidl_generator_c.so
[1.047s] -- Up-to-date: /home/ivan/personal/robotics_ros2/basic_concepts/ros2_ws/install/pubsub_interfaces/include/pubsub_interfaces/pubsub_interfaces
[1.047s] -- Up-to-date: /home/ivan/personal/robotics_ros2/basic_concepts/ros2_ws/install/pubsub_interfaces/include/pubsub_interfaces/pubsub_interfaces/msg
[1.047s] -- Up-to-date: /home/ivan/personal/robotics_ros2/basic_concepts/ros2_ws/install/pubsub_interfaces/include/pubsub_interfaces/pubsub_interfaces/msg/rosidl_typesupport_fastrtps_c__visibility_control.h
[1.047s] -- Up-to-date: /home/ivan/personal/robotics_ros2/basic_concepts/ros2_ws/install/pubsub_interfaces/include/pubsub_interfaces/pubsub_interfaces/msg/detail
[1.047s] -- Up-to-date: /home/ivan/personal/robotics_ros2/basic_concepts/ros2_ws/install/pubsub_interfaces/include/pubsub_interfaces/pubsub_interfaces/msg/detail/turtle_pose__rosidl_typesupport_fastrtps_c.h
[1.047s] -- Up-to-date: /home/ivan/personal/robotics_ros2/basic_concepts/ros2_ws/install/pubsub_interfaces/include/pubsub_interfaces/pubsub_interfaces/msg/detail/hardware_status__rosidl_typesupport_fastrtps_c.h
[1.047s] -- Up-to-date: /home/ivan/personal/robotics_ros2/basic_concepts/ros2_ws/install/pubsub_interfaces/lib/libpubsub_interfaces__rosidl_typesupport_fastrtps_c.so
[1.047s] -- Up-to-date: /home/ivan/personal/robotics_ros2/basic_concepts/ros2_ws/install/pubsub_interfaces/include/pubsub_interfaces/pubsub_interfaces
[1.047s] -- Up-to-date: /home/ivan/personal/robotics_ros2/basic_concepts/ros2_ws/install/pubsub_interfaces/include/pubsub_interfaces/pubsub_interfaces/msg
[1.047s] -- Up-to-date: /home/ivan/personal/robotics_ros2/basic_concepts/ros2_ws/install/pubsub_interfaces/include/pubsub_interfaces/pubsub_interfaces/msg/detail
[1.047s] -- Up-to-date: /home/ivan/personal/robotics_ros2/basic_concepts/ros2_ws/install/pubsub_interfaces/include/pubsub_interfaces/pubsub_interfaces/msg/detail/hardware_status__type_support.c
[1.047s] -- Up-to-date: /home/ivan/personal/robotics_ros2/basic_concepts/ros2_ws/install/pubsub_interfaces/include/pubsub_interfaces/pubsub_interfaces/msg/detail/turtle_pose__type_support.c
[1.047s] -- Up-to-date: /home/ivan/personal/robotics_ros2/basic_concepts/ros2_ws/install/pubsub_interfaces/include/pubsub_interfaces/pubsub_interfaces/msg/detail/turtle_pose__rosidl_typesupport_introspection_c.h
[1.047s] -- Up-to-date: /home/ivan/personal/robotics_ros2/basic_concepts/ros2_ws/install/pubsub_interfaces/include/pubsub_interfaces/pubsub_interfaces/msg/detail/hardware_status__rosidl_typesupport_introspection_c.h
[1.047s] -- Up-to-date: /home/ivan/personal/robotics_ros2/basic_concepts/ros2_ws/install/pubsub_interfaces/include/pubsub_interfaces/pubsub_interfaces/msg/rosidl_typesupport_introspection_c__visibility_control.h
[1.048s] -- Up-to-date: /home/ivan/personal/robotics_ros2/basic_concepts/ros2_ws/install/pubsub_interfaces/lib/libpubsub_interfaces__rosidl_typesupport_introspection_c.so
[1.048s] -- Up-to-date: /home/ivan/personal/robotics_ros2/basic_concepts/ros2_ws/install/pubsub_interfaces/lib/libpubsub_interfaces__rosidl_typesupport_c.so
[1.048s] -- Up-to-date: /home/ivan/personal/robotics_ros2/basic_concepts/ros2_ws/install/pubsub_interfaces/include/pubsub_interfaces/pubsub_interfaces
[1.048s] -- Up-to-date: /home/ivan/personal/robotics_ros2/basic_concepts/ros2_ws/install/pubsub_interfaces/include/pubsub_interfaces/pubsub_interfaces/msg
[1.048s] -- Up-to-date: /home/ivan/personal/robotics_ros2/basic_concepts/ros2_ws/install/pubsub_interfaces/include/pubsub_interfaces/pubsub_interfaces/msg/detail
[1.048s] -- Up-to-date: /home/ivan/personal/robotics_ros2/basic_concepts/ros2_ws/install/pubsub_interfaces/include/pubsub_interfaces/pubsub_interfaces/msg/detail/hardware_status__traits.hpp
[1.048s] -- Up-to-date: /home/ivan/personal/robotics_ros2/basic_concepts/ros2_ws/install/pubsub_interfaces/include/pubsub_interfaces/pubsub_interfaces/msg/detail/hardware_status__builder.hpp
[1.048s] -- Up-to-date: /home/ivan/personal/robotics_ros2/basic_concepts/ros2_ws/install/pubsub_interfaces/include/pubsub_interfaces/pubsub_interfaces/msg/detail/hardware_status__struct.hpp
[1.048s] -- Up-to-date: /home/ivan/personal/robotics_ros2/basic_concepts/ros2_ws/install/pubsub_interfaces/include/pubsub_interfaces/pubsub_interfaces/msg/detail/turtle_pose__traits.hpp
[1.048s] -- Up-to-date: /home/ivan/personal/robotics_ros2/basic_concepts/ros2_ws/install/pubsub_interfaces/include/pubsub_interfaces/pubsub_interfaces/msg/detail/turtle_pose__type_support.hpp
[1.048s] -- Up-to-date: /home/ivan/personal/robotics_ros2/basic_concepts/ros2_ws/install/pubsub_interfaces/include/pubsub_interfaces/pubsub_interfaces/msg/detail/turtle_pose__builder.hpp
[1.048s] -- Up-to-date: /home/ivan/personal/robotics_ros2/basic_concepts/ros2_ws/install/pubsub_interfaces/include/pubsub_interfaces/pubsub_interfaces/msg/detail/turtle_pose__struct.hpp
[1.048s] -- Up-to-date: /home/ivan/personal/robotics_ros2/basic_concepts/ros2_ws/install/pubsub_interfaces/include/pubsub_interfaces/pubsub_interfaces/msg/detail/hardware_status__type_support.hpp
[1.048s] -- Up-to-date: /home/ivan/personal/robotics_ros2/basic_concepts/ros2_ws/install/pubsub_interfaces/include/pubsub_interfaces/pubsub_interfaces/msg/turtle_pose.hpp
[1.048s] -- Up-to-date: /home/ivan/personal/robotics_ros2/basic_concepts/ros2_ws/install/pubsub_interfaces/include/pubsub_interfaces/pubsub_interfaces/msg/rosidl_generator_cpp__visibility_control.hpp
[1.048s] -- Up-to-date: /home/ivan/personal/robotics_ros2/basic_concepts/ros2_ws/install/pubsub_interfaces/include/pubsub_interfaces/pubsub_interfaces/msg/hardware_status.hpp
[1.049s] -- Up-to-date: /home/ivan/personal/robotics_ros2/basic_concepts/ros2_ws/install/pubsub_interfaces/include/pubsub_interfaces/pubsub_interfaces
[1.049s] -- Up-to-date: /home/ivan/personal/robotics_ros2/basic_concepts/ros2_ws/install/pubsub_interfaces/include/pubsub_interfaces/pubsub_interfaces/msg
[1.049s] -- Up-to-date: /home/ivan/personal/robotics_ros2/basic_concepts/ros2_ws/install/pubsub_interfaces/include/pubsub_interfaces/pubsub_interfaces/msg/rosidl_typesupport_fastrtps_cpp__visibility_control.h
[1.049s] -- Up-to-date: /home/ivan/personal/robotics_ros2/basic_concepts/ros2_ws/install/pubsub_interfaces/include/pubsub_interfaces/pubsub_interfaces/msg/detail
[1.049s] -- Up-to-date: /home/ivan/personal/robotics_ros2/basic_concepts/ros2_ws/install/pubsub_interfaces/include/pubsub_interfaces/pubsub_interfaces/msg/detail/dds_fastrtps
[1.049s] -- Up-to-date: /home/ivan/personal/robotics_ros2/basic_concepts/ros2_ws/install/pubsub_interfaces/include/pubsub_interfaces/pubsub_interfaces/msg/detail/hardware_status__rosidl_typesupport_fastrtps_cpp.hpp
[1.049s] -- Up-to-date: /home/ivan/personal/robotics_ros2/basic_concepts/ros2_ws/install/pubsub_interfaces/include/pubsub_interfaces/pubsub_interfaces/msg/detail/turtle_pose__rosidl_typesupport_fastrtps_cpp.hpp
[1.049s] -- Up-to-date: /home/ivan/personal/robotics_ros2/basic_concepts/ros2_ws/install/pubsub_interfaces/lib/libpubsub_interfaces__rosidl_typesupport_fastrtps_cpp.so
[1.049s] -- Up-to-date: /home/ivan/personal/robotics_ros2/basic_concepts/ros2_ws/install/pubsub_interfaces/include/pubsub_interfaces/pubsub_interfaces
[1.049s] -- Up-to-date: /home/ivan/personal/robotics_ros2/basic_concepts/ros2_ws/install/pubsub_interfaces/include/pubsub_interfaces/pubsub_interfaces/msg
[1.049s] -- Up-to-date: /home/ivan/personal/robotics_ros2/basic_concepts/ros2_ws/install/pubsub_interfaces/include/pubsub_interfaces/pubsub_interfaces/msg/detail
[1.049s] -- Up-to-date: /home/ivan/personal/robotics_ros2/basic_concepts/ros2_ws/install/pubsub_interfaces/include/pubsub_interfaces/pubsub_interfaces/msg/detail/hardware_status__type_support.cpp
[1.049s] -- Up-to-date: /home/ivan/personal/robotics_ros2/basic_concepts/ros2_ws/install/pubsub_interfaces/include/pubsub_interfaces/pubsub_interfaces/msg/detail/hardware_status__rosidl_typesupport_introspection_cpp.hpp
[1.049s] -- Up-to-date: /home/ivan/personal/robotics_ros2/basic_concepts/ros2_ws/install/pubsub_interfaces/include/pubsub_interfaces/pubsub_interfaces/msg/detail/turtle_pose__rosidl_typesupport_introspection_cpp.hpp
[1.049s] -- Up-to-date: /home/ivan/personal/robotics_ros2/basic_concepts/ros2_ws/install/pubsub_interfaces/include/pubsub_interfaces/pubsub_interfaces/msg/detail/turtle_pose__type_support.cpp
[1.049s] -- Up-to-date: /home/ivan/personal/robotics_ros2/basic_concepts/ros2_ws/install/pubsub_interfaces/lib/libpubsub_interfaces__rosidl_typesupport_introspection_cpp.so
[1.049s] -- Up-to-date: /home/ivan/personal/robotics_ros2/basic_concepts/ros2_ws/install/pubsub_interfaces/lib/libpubsub_interfaces__rosidl_typesupport_cpp.so
[1.049s] -- Up-to-date: /home/ivan/personal/robotics_ros2/basic_concepts/ros2_ws/install/pubsub_interfaces/share/pubsub_interfaces/environment/pythonpath.sh
[1.050s] -- Up-to-date: /home/ivan/personal/robotics_ros2/basic_concepts/ros2_ws/install/pubsub_interfaces/share/pubsub_interfaces/environment/pythonpath.dsv
[1.050s] -- Up-to-date: /home/ivan/personal/robotics_ros2/basic_concepts/ros2_ws/install/pubsub_interfaces/local/lib/python3.10/dist-packages/pubsub_interfaces-0.0.0-py3.10.egg-info
[1.050s] -- Installing: /home/ivan/personal/robotics_ros2/basic_concepts/ros2_ws/install/pubsub_interfaces/local/lib/python3.10/dist-packages/pubsub_interfaces-0.0.0-py3.10.egg-info/top_level.txt
[1.050s] -- Installing: /home/ivan/personal/robotics_ros2/basic_concepts/ros2_ws/install/pubsub_interfaces/local/lib/python3.10/dist-packages/pubsub_interfaces-0.0.0-py3.10.egg-info/dependency_links.txt
[1.050s] -- Installing: /home/ivan/personal/robotics_ros2/basic_concepts/ros2_ws/install/pubsub_interfaces/local/lib/python3.10/dist-packages/pubsub_interfaces-0.0.0-py3.10.egg-info/PKG-INFO
[1.050s] -- Installing: /home/ivan/personal/robotics_ros2/basic_concepts/ros2_ws/install/pubsub_interfaces/local/lib/python3.10/dist-packages/pubsub_interfaces-0.0.0-py3.10.egg-info/SOURCES.txt
[1.050s] -- Up-to-date: /home/ivan/personal/robotics_ros2/basic_concepts/ros2_ws/install/pubsub_interfaces/local/lib/python3.10/dist-packages/pubsub_interfaces
[1.050s] -- Up-to-date: /home/ivan/personal/robotics_ros2/basic_concepts/ros2_ws/install/pubsub_interfaces/local/lib/python3.10/dist-packages/pubsub_interfaces/pubsub_interfaces_s__rosidl_typesupport_c.cpython-310-x86_64-linux-gnu.so
[1.050s] -- Up-to-date: /home/ivan/personal/robotics_ros2/basic_concepts/ros2_ws/install/pubsub_interfaces/local/lib/python3.10/dist-packages/pubsub_interfaces/_pubsub_interfaces_s.ep.rosidl_typesupport_c.c
[1.050s] -- Up-to-date: /home/ivan/personal/robotics_ros2/basic_concepts/ros2_ws/install/pubsub_interfaces/local/lib/python3.10/dist-packages/pubsub_interfaces/libpubsub_interfaces__rosidl_generator_py.so
[1.050s] -- Up-to-date: /home/ivan/personal/robotics_ros2/basic_concepts/ros2_ws/install/pubsub_interfaces/local/lib/python3.10/dist-packages/pubsub_interfaces/_pubsub_interfaces_s.ep.rosidl_typesupport_introspection_c.c
[1.050s] -- Up-to-date: /home/ivan/personal/robotics_ros2/basic_concepts/ros2_ws/install/pubsub_interfaces/local/lib/python3.10/dist-packages/pubsub_interfaces/_pubsub_interfaces_s.ep.rosidl_typesupport_fastrtps_c.c
[1.050s] -- Up-to-date: /home/ivan/personal/robotics_ros2/basic_concepts/ros2_ws/install/pubsub_interfaces/local/lib/python3.10/dist-packages/pubsub_interfaces/pubsub_interfaces_s__rosidl_typesupport_fastrtps_c.cpython-310-x86_64-linux-gnu.so
[1.050s] -- Up-to-date: /home/ivan/personal/robotics_ros2/basic_concepts/ros2_ws/install/pubsub_interfaces/local/lib/python3.10/dist-packages/pubsub_interfaces/msg
[1.050s] -- Up-to-date: /home/ivan/personal/robotics_ros2/basic_concepts/ros2_ws/install/pubsub_interfaces/local/lib/python3.10/dist-packages/pubsub_interfaces/msg/_turtle_pose_s.c
[1.050s] -- Up-to-date: /home/ivan/personal/robotics_ros2/basic_concepts/ros2_ws/install/pubsub_interfaces/local/lib/python3.10/dist-packages/pubsub_interfaces/msg/_turtle_pose.py
[1.051s] -- Up-to-date: /home/ivan/personal/robotics_ros2/basic_concepts/ros2_ws/install/pubsub_interfaces/local/lib/python3.10/dist-packages/pubsub_interfaces/msg/_hardware_status.py
[1.051s] -- Up-to-date: /home/ivan/personal/robotics_ros2/basic_concepts/ros2_ws/install/pubsub_interfaces/local/lib/python3.10/dist-packages/pubsub_interfaces/msg/_hardware_status_s.c
[1.051s] -- Up-to-date: /home/ivan/personal/robotics_ros2/basic_concepts/ros2_ws/install/pubsub_interfaces/local/lib/python3.10/dist-packages/pubsub_interfaces/msg/__init__.py
[1.051s] -- Up-to-date: /home/ivan/personal/robotics_ros2/basic_concepts/ros2_ws/install/pubsub_interfaces/local/lib/python3.10/dist-packages/pubsub_interfaces/pubsub_interfaces_s__rosidl_typesupport_introspection_c.cpython-310-x86_64-linux-gnu.so
[1.051s] -- Up-to-date: /home/ivan/personal/robotics_ros2/basic_concepts/ros2_ws/install/pubsub_interfaces/local/lib/python3.10/dist-packages/pubsub_interfaces/__init__.py
[1.106s] Listing '/home/ivan/personal/robotics_ros2/basic_concepts/ros2_ws/install/pubsub_interfaces/local/lib/python3.10/dist-packages/pubsub_interfaces'...
[1.106s] Listing '/home/ivan/personal/robotics_ros2/basic_concepts/ros2_ws/install/pubsub_interfaces/local/lib/python3.10/dist-packages/pubsub_interfaces/msg'...
[1.116s] -- Up-to-date: /home/ivan/personal/robotics_ros2/basic_concepts/ros2_ws/install/pubsub_interfaces/local/lib/python3.10/dist-packages/pubsub_interfaces/pubsub_interfaces_s__rosidl_typesupport_fastrtps_c.cpython-310-x86_64-linux-gnu.so
[1.117s] -- Up-to-date: /home/ivan/personal/robotics_ros2/basic_concepts/ros2_ws/install/pubsub_interfaces/local/lib/python3.10/dist-packages/pubsub_interfaces/pubsub_interfaces_s__rosidl_typesupport_introspection_c.cpython-310-x86_64-linux-gnu.so
[1.117s] -- Up-to-date: /home/ivan/personal/robotics_ros2/basic_concepts/ros2_ws/install/pubsub_interfaces/local/lib/python3.10/dist-packages/pubsub_interfaces/pubsub_interfaces_s__rosidl_typesupport_c.cpython-310-x86_64-linux-gnu.so
[1.117s] -- Up-to-date: /home/ivan/personal/robotics_ros2/basic_concepts/ros2_ws/install/pubsub_interfaces/lib/libpubsub_interfaces__rosidl_generator_py.so
[1.118s] -- Up-to-date: /home/ivan/personal/robotics_ros2/basic_concepts/ros2_ws/install/pubsub_interfaces/share/pubsub_interfaces/msg/HardwareStatus.idl
[1.118s] -- Up-to-date: /home/ivan/personal/robotics_ros2/basic_concepts/ros2_ws/install/pubsub_interfaces/share/pubsub_interfaces/msg/TurtlePose.idl
[1.118s] -- Up-to-date: /home/ivan/personal/robotics_ros2/basic_concepts/ros2_ws/install/pubsub_interfaces/share/pubsub_interfaces/msg/HardwareStatus.msg
[1.118s] -- Up-to-date: /home/ivan/personal/robotics_ros2/basic_concepts/ros2_ws/install/pubsub_interfaces/share/pubsub_interfaces/msg/TurtlePose.msg
[1.119s] -- Up-to-date: /home/ivan/personal/robotics_ros2/basic_concepts/ros2_ws/install/pubsub_interfaces/share/ament_index/resource_index/package_run_dependencies/pubsub_interfaces
[1.119s] -- Up-to-date: /home/ivan/personal/robotics_ros2/basic_concepts/ros2_ws/install/pubsub_interfaces/share/ament_index/resource_index/parent_prefix_path/pubsub_interfaces
[1.119s] -- Up-to-date: /home/ivan/personal/robotics_ros2/basic_concepts/ros2_ws/install/pubsub_interfaces/share/pubsub_interfaces/environment/ament_prefix_path.sh
[1.120s] -- Up-to-date: /home/ivan/personal/robotics_ros2/basic_concepts/ros2_ws/install/pubsub_interfaces/share/pubsub_interfaces/environment/ament_prefix_path.dsv
[1.120s] -- Up-to-date: /home/ivan/personal/robotics_ros2/basic_concepts/ros2_ws/install/pubsub_interfaces/share/pubsub_interfaces/environment/path.sh
[1.120s] -- Up-to-date: /home/ivan/personal/robotics_ros2/basic_concepts/ros2_ws/install/pubsub_interfaces/share/pubsub_interfaces/environment/path.dsv
[1.121s] -- Up-to-date: /home/ivan/personal/robotics_ros2/basic_concepts/ros2_ws/install/pubsub_interfaces/share/pubsub_interfaces/local_setup.bash
[1.121s] -- Up-to-date: /home/ivan/personal/robotics_ros2/basic_concepts/ros2_ws/install/pubsub_interfaces/share/pubsub_interfaces/local_setup.sh
[1.121s] -- Up-to-date: /home/ivan/personal/robotics_ros2/basic_concepts/ros2_ws/install/pubsub_interfaces/share/pubsub_interfaces/local_setup.zsh
[1.121s] -- Up-to-date: /home/ivan/personal/robotics_ros2/basic_concepts/ros2_ws/install/pubsub_interfaces/share/pubsub_interfaces/local_setup.dsv
[1.121s] -- Installing: /home/ivan/personal/robotics_ros2/basic_concepts/ros2_ws/install/pubsub_interfaces/share/pubsub_interfaces/package.dsv
[1.122s] -- Up-to-date: /home/ivan/personal/robotics_ros2/basic_concepts/ros2_ws/install/pubsub_interfaces/share/ament_index/resource_index/packages/pubsub_interfaces
[1.122s] -- Up-to-date: /home/ivan/personal/robotics_ros2/basic_concepts/ros2_ws/install/pubsub_interfaces/share/pubsub_interfaces/cmake/export_pubsub_interfaces__rosidl_generator_cExport.cmake
[1.122s] -- Up-to-date: /home/ivan/personal/robotics_ros2/basic_concepts/ros2_ws/install/pubsub_interfaces/share/pubsub_interfaces/cmake/export_pubsub_interfaces__rosidl_generator_cExport-noconfig.cmake
[1.123s] -- Up-to-date: /home/ivan/personal/robotics_ros2/basic_concepts/ros2_ws/install/pubsub_interfaces/share/pubsub_interfaces/cmake/export_pubsub_interfaces__rosidl_typesupport_fastrtps_cExport.cmake
[1.123s] -- Up-to-date: /home/ivan/personal/robotics_ros2/basic_concepts/ros2_ws/install/pubsub_interfaces/share/pubsub_interfaces/cmake/export_pubsub_interfaces__rosidl_typesupport_fastrtps_cExport-noconfig.cmake
[1.123s] -- Up-to-date: /home/ivan/personal/robotics_ros2/basic_concepts/ros2_ws/install/pubsub_interfaces/share/pubsub_interfaces/cmake/pubsub_interfaces__rosidl_typesupport_introspection_cExport.cmake
[1.123s] -- Up-to-date: /home/ivan/personal/robotics_ros2/basic_concepts/ros2_ws/install/pubsub_interfaces/share/pubsub_interfaces/cmake/pubsub_interfaces__rosidl_typesupport_introspection_cExport-noconfig.cmake
[1.126s] -- Up-to-date: /home/ivan/personal/robotics_ros2/basic_concepts/ros2_ws/install/pubsub_interfaces/share/pubsub_interfaces/cmake/pubsub_interfaces__rosidl_typesupport_cExport.cmake
[1.128s] -- Up-to-date: /home/ivan/personal/robotics_ros2/basic_concepts/ros2_ws/install/pubsub_interfaces/share/pubsub_interfaces/cmake/pubsub_interfaces__rosidl_typesupport_cExport-noconfig.cmake
[1.128s] -- Up-to-date: /home/ivan/personal/robotics_ros2/basic_concepts/ros2_ws/install/pubsub_interfaces/share/pubsub_interfaces/cmake/export_pubsub_interfaces__rosidl_generator_cppExport.cmake
[1.128s] -- Up-to-date: /home/ivan/personal/robotics_ros2/basic_concepts/ros2_ws/install/pubsub_interfaces/share/pubsub_interfaces/cmake/export_pubsub_interfaces__rosidl_typesupport_fastrtps_cppExport.cmake
[1.129s] -- Up-to-date: /home/ivan/personal/robotics_ros2/basic_concepts/ros2_ws/install/pubsub_interfaces/share/pubsub_interfaces/cmake/export_pubsub_interfaces__rosidl_typesupport_fastrtps_cppExport-noconfig.cmake
[1.132s] -- Up-to-date: /home/ivan/personal/robotics_ros2/basic_concepts/ros2_ws/install/pubsub_interfaces/share/pubsub_interfaces/cmake/pubsub_interfaces__rosidl_typesupport_introspection_cppExport.cmake
[1.133s] -- Up-to-date: /home/ivan/personal/robotics_ros2/basic_concepts/ros2_ws/install/pubsub_interfaces/share/pubsub_interfaces/cmake/pubsub_interfaces__rosidl_typesupport_introspection_cppExport-noconfig.cmake
[1.134s] -- Up-to-date: /home/ivan/personal/robotics_ros2/basic_concepts/ros2_ws/install/pubsub_interfaces/share/pubsub_interfaces/cmake/pubsub_interfaces__rosidl_typesupport_cppExport.cmake
[1.134s] -- Up-to-date: /home/ivan/personal/robotics_ros2/basic_concepts/ros2_ws/install/pubsub_interfaces/share/pubsub_interfaces/cmake/pubsub_interfaces__rosidl_typesupport_cppExport-noconfig.cmake
[1.134s] -- Up-to-date: /home/ivan/personal/robotics_ros2/basic_concepts/ros2_ws/install/pubsub_interfaces/share/pubsub_interfaces/cmake/export_pubsub_interfaces__rosidl_generator_pyExport.cmake
[1.134s] -- Up-to-date: /home/ivan/personal/robotics_ros2/basic_concepts/ros2_ws/install/pubsub_interfaces/share/pubsub_interfaces/cmake/export_pubsub_interfaces__rosidl_generator_pyExport-noconfig.cmake
[1.134s] -- Up-to-date: /home/ivan/personal/robotics_ros2/basic_concepts/ros2_ws/install/pubsub_interfaces/share/pubsub_interfaces/cmake/rosidl_cmake-extras.cmake
[1.134s] -- Up-to-date: /home/ivan/personal/robotics_ros2/basic_concepts/ros2_ws/install/pubsub_interfaces/share/pubsub_interfaces/cmake/ament_cmake_export_include_directories-extras.cmake
[1.134s] -- Up-to-date: /home/ivan/personal/robotics_ros2/basic_concepts/ros2_ws/install/pubsub_interfaces/share/pubsub_interfaces/cmake/ament_cmake_export_libraries-extras.cmake
[1.135s] -- Up-to-date: /home/ivan/personal/robotics_ros2/basic_concepts/ros2_ws/install/pubsub_interfaces/share/pubsub_interfaces/cmake/ament_cmake_export_targets-extras.cmake
[1.135s] -- Up-to-date: /home/ivan/personal/robotics_ros2/basic_concepts/ros2_ws/install/pubsub_interfaces/share/pubsub_interfaces/cmake/rosidl_cmake_export_typesupport_targets-extras.cmake
[1.136s] -- Up-to-date: /home/ivan/personal/robotics_ros2/basic_concepts/ros2_ws/install/pubsub_interfaces/share/pubsub_interfaces/cmake/ament_cmake_export_dependencies-extras.cmake
[1.137s] -- Up-to-date: /home/ivan/personal/robotics_ros2/basic_concepts/ros2_ws/install/pubsub_interfaces/share/pubsub_interfaces/cmake/rosidl_cmake_export_typesupport_libraries-extras.cmake
[1.137s] -- Up-to-date: /home/ivan/personal/robotics_ros2/basic_concepts/ros2_ws/install/pubsub_interfaces/share/pubsub_interfaces/cmake/pubsub_interfacesConfig.cmake
[1.138s] -- Up-to-date: /home/ivan/personal/robotics_ros2/basic_concepts/ros2_ws/install/pubsub_interfaces/share/pubsub_interfaces/cmake/pubsub_interfacesConfig-version.cmake
[1.138s] -- Up-to-date: /home/ivan/personal/robotics_ros2/basic_concepts/ros2_ws/install/pubsub_interfaces/share/pubsub_interfaces/package.xml
[1.138s] Invoked command in '/home/ivan/personal/robotics_ros2/basic_concepts/ros2_ws/build/pubsub_interfaces' returned '0': CMAKE_PREFIX_PATH=${CMAKE_PREFIX_PATH}:/home/ivan/personal/robotics_ros2/basic_concepts/ros2_ws/install/turtle_controller:/home/ivan/personal/robotics_ros2/basic_concepts/ros2_ws/install/pubsub_custom:/home/ivan/personal/robotics_ros2/basic_concepts/ros2_ws/install/pubsub_img_pkg:/home/ivan/personal/robotics_ros2/basic_concepts/ros2_ws/install/pubsub_pkg:/opt/ros/humble /usr/bin/cmake --install /home/ivan/personal/robotics_ros2/basic_concepts/ros2_ws/build/pubsub_interfaces
