running develop
Removing /home/ivan/personal/robotics_ros2/robotics_programming/install/usb_camera_reader/lib/python3.10/site-packages/usb-camera-reader.egg-link (link to .)
running egg_info
writing ../../build/usb_camera_reader/usb_camera_reader.egg-info/PKG-INFO
writing dependency_links to ../../build/usb_camera_reader/usb_camera_reader.egg-info/dependency_links.txt
writing entry points to ../../build/usb_camera_reader/usb_camera_reader.egg-info/entry_points.txt
writing requirements to ../../build/usb_camera_reader/usb_camera_reader.egg-info/requires.txt
writing top-level names to ../../build/usb_camera_reader/usb_camera_reader.egg-info/top_level.txt
reading manifest file '../../build/usb_camera_reader/usb_camera_reader.egg-info/SOURCES.txt'
writing manifest file '../../build/usb_camera_reader/usb_camera_reader.egg-info/SOURCES.txt'
running build
running build_py
running install
running install_lib
creating /home/ivan/personal/robotics_ros2/robotics_programming/install/usb_camera_reader/lib/python3.10/site-packages/usb_camera_reader
copying /home/ivan/personal/robotics_ros2/robotics_programming/build/usb_camera_reader/build/lib/usb_camera_reader/camera_publisher.py -> /home/ivan/personal/robotics_ros2/robotics_programming/install/usb_camera_reader/lib/python3.10/site-packages/usb_camera_reader
copying /home/ivan/personal/robotics_ros2/robotics_programming/build/usb_camera_reader/build/lib/usb_camera_reader/__init__.py -> /home/ivan/personal/robotics_ros2/robotics_programming/install/usb_camera_reader/lib/python3.10/site-packages/usb_camera_reader
byte-compiling /home/ivan/personal/robotics_ros2/robotics_programming/install/usb_camera_reader/lib/python3.10/site-packages/usb_camera_reader/camera_publisher.py to camera_publisher.cpython-310.pyc
byte-compiling /home/ivan/personal/robotics_ros2/robotics_programming/install/usb_camera_reader/lib/python3.10/site-packages/usb_camera_reader/__init__.py to __init__.cpython-310.pyc
running install_data
copying resource/usb_camera_reader -> /home/ivan/personal/robotics_ros2/robotics_programming/install/usb_camera_reader/share/ament_index/resource_index/packages
copying package.xml -> /home/ivan/personal/robotics_ros2/robotics_programming/install/usb_camera_reader/share/usb_camera_reader
running install_egg_info
Copying ../../build/usb_camera_reader/usb_camera_reader.egg-info to /home/ivan/personal/robotics_ros2/robotics_programming/install/usb_camera_reader/lib/python3.10/site-packages/usb_camera_reader-0.0.0-py3.10.egg-info
running install_scripts
Installing camera_publisher script to /home/ivan/personal/robotics_ros2/robotics_programming/install/usb_camera_reader/lib/usb_camera_reader
writing list of installed files to '/home/ivan/personal/robotics_ros2/robotics_programming/build/usb_camera_reader/install.log'
