[0.569s] Invoking command in '/home/ivan/personal/robotics_ros2/robotics_programming/build/usb_camera_reader': PYTHONPATH=/home/ivan/personal/robotics_ros2/robotics_programming/build/usb_camera_reader/prefix_override:/usr/lib/python3/dist-packages/colcon_core/task/python/colcon_distutils_commands:/home/ivan/personal/robotics_ros2/robotics_programming/install/usb_camera_reader/lib/python3.10/site-packages:${PYTHONPATH} /usr/bin/python3 -W ignore:setup.py install is deprecated -W ignore:easy_install command is deprecated setup.py develop --uninstall --editable --build-directory /home/ivan/personal/robotics_ros2/robotics_programming/build/usb_camera_reader/build
[0.764s] running develop
[0.890s] Removing /home/ivan/personal/robotics_ros2/robotics_programming/install/usb_camera_reader/lib/python3.10/site-packages/usb-camera-reader.egg-link (link to .)
[0.909s] Invoked command in '/home/ivan/personal/robotics_ros2/robotics_programming/build/usb_camera_reader' returned '0': PYTHONPATH=/home/ivan/personal/robotics_ros2/robotics_programming/build/usb_camera_reader/prefix_override:/usr/lib/python3/dist-packages/colcon_core/task/python/colcon_distutils_commands:/home/ivan/personal/robotics_ros2/robotics_programming/install/usb_camera_reader/lib/python3.10/site-packages:${PYTHONPATH} /usr/bin/python3 -W ignore:setup.py install is deprecated -W ignore:easy_install command is deprecated setup.py develop --uninstall --editable --build-directory /home/ivan/personal/robotics_ros2/robotics_programming/build/usb_camera_reader/build
[0.911s] Invoking command in '/home/ivan/personal/robotics_ros2/robotics_programming/src/usb_camera_reader': PYTHONPATH=/home/ivan/personal/robotics_ros2/robotics_programming/build/usb_camera_reader/prefix_override:/usr/lib/python3/dist-packages/colcon_core/task/python/colcon_distutils_commands:/home/ivan/personal/robotics_ros2/robotics_programming/install/usb_camera_reader/lib/python3.10/site-packages:${PYTHONPATH} /usr/bin/python3 -W ignore:setup.py install is deprecated -W ignore:easy_install command is deprecated setup.py egg_info --egg-base ../../build/usb_camera_reader build --build-base /home/ivan/personal/robotics_ros2/robotics_programming/build/usb_camera_reader/build install --record /home/ivan/personal/robotics_ros2/robotics_programming/build/usb_camera_reader/install.log --single-version-externally-managed install_data --force
[1.084s] running egg_info
[1.085s] writing ../../build/usb_camera_reader/usb_camera_reader.egg-info/PKG-INFO
[1.085s] writing dependency_links to ../../build/usb_camera_reader/usb_camera_reader.egg-info/dependency_links.txt
[1.085s] writing entry points to ../../build/usb_camera_reader/usb_camera_reader.egg-info/entry_points.txt
[1.085s] writing requirements to ../../build/usb_camera_reader/usb_camera_reader.egg-info/requires.txt
[1.085s] writing top-level names to ../../build/usb_camera_reader/usb_camera_reader.egg-info/top_level.txt
[1.086s] reading manifest file '../../build/usb_camera_reader/usb_camera_reader.egg-info/SOURCES.txt'
[1.087s] writing manifest file '../../build/usb_camera_reader/usb_camera_reader.egg-info/SOURCES.txt'
[1.087s] running build
[1.087s] running build_py
[1.087s] running install
[1.088s] running install_lib
[1.088s] creating /home/ivan/personal/robotics_ros2/robotics_programming/install/usb_camera_reader/lib/python3.10/site-packages/usb_camera_reader
[1.088s] copying /home/ivan/personal/robotics_ros2/robotics_programming/build/usb_camera_reader/build/lib/usb_camera_reader/camera_publisher.py -> /home/ivan/personal/robotics_ros2/robotics_programming/install/usb_camera_reader/lib/python3.10/site-packages/usb_camera_reader
[1.089s] copying /home/ivan/personal/robotics_ros2/robotics_programming/build/usb_camera_reader/build/lib/usb_camera_reader/__init__.py -> /home/ivan/personal/robotics_ros2/robotics_programming/install/usb_camera_reader/lib/python3.10/site-packages/usb_camera_reader
[1.089s] byte-compiling /home/ivan/personal/robotics_ros2/robotics_programming/install/usb_camera_reader/lib/python3.10/site-packages/usb_camera_reader/camera_publisher.py to camera_publisher.cpython-310.pyc
[1.090s] byte-compiling /home/ivan/personal/robotics_ros2/robotics_programming/install/usb_camera_reader/lib/python3.10/site-packages/usb_camera_reader/__init__.py to __init__.cpython-310.pyc
[1.090s] running install_data
[1.090s] copying resource/usb_camera_reader -> /home/ivan/personal/robotics_ros2/robotics_programming/install/usb_camera_reader/share/ament_index/resource_index/packages
[1.092s] copying package.xml -> /home/ivan/personal/robotics_ros2/robotics_programming/install/usb_camera_reader/share/usb_camera_reader
[1.092s] running install_egg_info
[1.094s] Copying ../../build/usb_camera_reader/usb_camera_reader.egg-info to /home/ivan/personal/robotics_ros2/robotics_programming/install/usb_camera_reader/lib/python3.10/site-packages/usb_camera_reader-0.0.0-py3.10.egg-info
[1.095s] running install_scripts
[1.108s] Installing camera_publisher script to /home/ivan/personal/robotics_ros2/robotics_programming/install/usb_camera_reader/lib/usb_camera_reader
[1.109s] writing list of installed files to '/home/ivan/personal/robotics_ros2/robotics_programming/build/usb_camera_reader/install.log'
[1.136s] Invoked command in '/home/ivan/personal/robotics_ros2/robotics_programming/src/usb_camera_reader' returned '0': PYTHONPATH=/home/ivan/personal/robotics_ros2/robotics_programming/build/usb_camera_reader/prefix_override:/usr/lib/python3/dist-packages/colcon_core/task/python/colcon_distutils_commands:/home/ivan/personal/robotics_ros2/robotics_programming/install/usb_camera_reader/lib/python3.10/site-packages:${PYTHONPATH} /usr/bin/python3 -W ignore:setup.py install is deprecated -W ignore:easy_install command is deprecated setup.py egg_info --egg-base ../../build/usb_camera_reader build --build-base /home/ivan/personal/robotics_ros2/robotics_programming/build/usb_camera_reader/build install --record /home/ivan/personal/robotics_ros2/robotics_programming/build/usb_camera_reader/install.log --single-version-externally-managed install_data --force
