[0.510s] Invoking command in '/home/ivan/personal/robotics_ros2/basic_concepts/ros2_ws/src/pubsub_img_pkg': PYTHONPATH=/home/ivan/personal/robotics_ros2/basic_concepts/ros2_ws/build/pubsub_img_pkg/prefix_override:/usr/lib/python3/dist-packages/colcon_core/task/python/colcon_distutils_commands:/home/ivan/personal/robotics_ros2/basic_concepts/ros2_ws/install/pubsub_img_pkg/lib/python3.10/site-packages:${PYTHONPATH} /usr/bin/python3 -W ignore:setup.py install is deprecated -W ignore:easy_install command is deprecated setup.py egg_info --egg-base ../../build/pubsub_img_pkg build --build-base /home/ivan/personal/robotics_ros2/basic_concepts/ros2_ws/build/pubsub_img_pkg/build install --record /home/ivan/personal/robotics_ros2/basic_concepts/ros2_ws/build/pubsub_img_pkg/install.log --single-version-externally-managed install_data
[0.702s] running egg_info
[0.703s] writing ../../build/pubsub_img_pkg/pubsub_img_pkg.egg-info/PKG-INFO
[0.703s] writing dependency_links to ../../build/pubsub_img_pkg/pubsub_img_pkg.egg-info/dependency_links.txt
[0.703s] writing entry points to ../../build/pubsub_img_pkg/pubsub_img_pkg.egg-info/entry_points.txt
[0.703s] writing requirements to ../../build/pubsub_img_pkg/pubsub_img_pkg.egg-info/requires.txt
[0.704s] writing top-level names to ../../build/pubsub_img_pkg/pubsub_img_pkg.egg-info/top_level.txt
[0.705s] reading manifest file '../../build/pubsub_img_pkg/pubsub_img_pkg.egg-info/SOURCES.txt'
[0.706s] writing manifest file '../../build/pubsub_img_pkg/pubsub_img_pkg.egg-info/SOURCES.txt'
[0.707s] running build
[0.707s] running build_py
[0.707s] copying pubsub_img_pkg/subscriber.py -> /home/ivan/personal/robotics_ros2/basic_concepts/ros2_ws/build/pubsub_img_pkg/build/lib/pubsub_img_pkg
[0.707s] running install
[0.708s] running install_lib
[0.708s] copying /home/ivan/personal/robotics_ros2/basic_concepts/ros2_ws/build/pubsub_img_pkg/build/lib/pubsub_img_pkg/subscriber.py -> /home/ivan/personal/robotics_ros2/basic_concepts/ros2_ws/install/pubsub_img_pkg/lib/python3.10/site-packages/pubsub_img_pkg
[0.709s] byte-compiling /home/ivan/personal/robotics_ros2/basic_concepts/ros2_ws/install/pubsub_img_pkg/lib/python3.10/site-packages/pubsub_img_pkg/subscriber.py to subscriber.cpython-310.pyc
[0.710s] running install_data
[0.710s] running install_egg_info
[0.711s] removing '/home/ivan/personal/robotics_ros2/basic_concepts/ros2_ws/install/pubsub_img_pkg/lib/python3.10/site-packages/pubsub_img_pkg-0.0.0-py3.10.egg-info' (and everything under it)
[0.711s] Copying ../../build/pubsub_img_pkg/pubsub_img_pkg.egg-info to /home/ivan/personal/robotics_ros2/basic_concepts/ros2_ws/install/pubsub_img_pkg/lib/python3.10/site-packages/pubsub_img_pkg-0.0.0-py3.10.egg-info
[0.712s] running install_scripts
[0.732s] Installing image_publisher script to /home/ivan/personal/robotics_ros2/basic_concepts/ros2_ws/install/pubsub_img_pkg/lib/pubsub_img_pkg
[0.732s] Installing image_subscriber script to /home/ivan/personal/robotics_ros2/basic_concepts/ros2_ws/install/pubsub_img_pkg/lib/pubsub_img_pkg
[0.733s] writing list of installed files to '/home/ivan/personal/robotics_ros2/basic_concepts/ros2_ws/build/pubsub_img_pkg/install.log'
[0.756s] Invoked command in '/home/ivan/personal/robotics_ros2/basic_concepts/ros2_ws/src/pubsub_img_pkg' returned '0': PYTHONPATH=/home/ivan/personal/robotics_ros2/basic_concepts/ros2_ws/build/pubsub_img_pkg/prefix_override:/usr/lib/python3/dist-packages/colcon_core/task/python/colcon_distutils_commands:/home/ivan/personal/robotics_ros2/basic_concepts/ros2_ws/install/pubsub_img_pkg/lib/python3.10/site-packages:${PYTHONPATH} /usr/bin/python3 -W ignore:setup.py install is deprecated -W ignore:easy_install command is deprecated setup.py egg_info --egg-base ../../build/pubsub_img_pkg build --build-base /home/ivan/personal/robotics_ros2/basic_concepts/ros2_ws/build/pubsub_img_pkg/build install --record /home/ivan/personal/robotics_ros2/basic_concepts/ros2_ws/build/pubsub_img_pkg/install.log --single-version-externally-managed install_data
