[1.085s] Invoking command in '/home/ivan/personal/robotics_ros2/basic_concepts/ros2_ws/src/turtle_controller': PYTHONPATH=/home/ivan/personal/robotics_ros2/basic_concepts/ros2_ws/build/turtle_controller/prefix_override:/usr/lib/python3/dist-packages/colcon_core/task/python/colcon_distutils_commands:/home/ivan/personal/robotics_ros2/basic_concepts/ros2_ws/install/turtle_controller/lib/python3.10/site-packages:${PYTHONPATH} /usr/bin/python3 -W ignore:setup.py install is deprecated -W ignore:easy_install command is deprecated setup.py egg_info --egg-base ../../build/turtle_controller build --build-base /home/ivan/personal/robotics_ros2/basic_concepts/ros2_ws/build/turtle_controller/build install --record /home/ivan/personal/robotics_ros2/basic_concepts/ros2_ws/build/turtle_controller/install.log --single-version-externally-managed install_data
[1.307s] running egg_info
[1.307s] writing ../../build/turtle_controller/turtle_controller.egg-info/PKG-INFO
[1.308s] writing dependency_links to ../../build/turtle_controller/turtle_controller.egg-info/dependency_links.txt
[1.308s] writing entry points to ../../build/turtle_controller/turtle_controller.egg-info/entry_points.txt
[1.308s] writing requirements to ../../build/turtle_controller/turtle_controller.egg-info/requires.txt
[1.308s] writing top-level names to ../../build/turtle_controller/turtle_controller.egg-info/top_level.txt
[1.311s] reading manifest file '../../build/turtle_controller/turtle_controller.egg-info/SOURCES.txt'
[1.313s] writing manifest file '../../build/turtle_controller/turtle_controller.egg-info/SOURCES.txt'
[1.313s] running build
[1.313s] running build_py
[1.313s] copying turtle_controller/subscriber.py -> /home/ivan/personal/robotics_ros2/basic_concepts/ros2_ws/build/turtle_controller/build/lib/turtle_controller
[1.314s] running install
[1.314s] running install_lib
[1.316s] copying /home/ivan/personal/robotics_ros2/basic_concepts/ros2_ws/build/turtle_controller/build/lib/turtle_controller/subscriber.py -> /home/ivan/personal/robotics_ros2/basic_concepts/ros2_ws/install/turtle_controller/lib/python3.10/site-packages/turtle_controller
[1.316s] byte-compiling /home/ivan/personal/robotics_ros2/basic_concepts/ros2_ws/install/turtle_controller/lib/python3.10/site-packages/turtle_controller/subscriber.py to subscriber.cpython-310.pyc
[1.318s] running install_data
[1.318s] running install_egg_info
[1.320s] removing '/home/ivan/personal/robotics_ros2/basic_concepts/ros2_ws/install/turtle_controller/lib/python3.10/site-packages/turtle_controller-0.0.0-py3.10.egg-info' (and everything under it)
[1.321s] Copying ../../build/turtle_controller/turtle_controller.egg-info to /home/ivan/personal/robotics_ros2/basic_concepts/ros2_ws/install/turtle_controller/lib/python3.10/site-packages/turtle_controller-0.0.0-py3.10.egg-info
[1.322s] running install_scripts
[1.349s] Installing turtle_controller script to /home/ivan/personal/robotics_ros2/basic_concepts/ros2_ws/install/turtle_controller/lib/turtle_controller
[1.349s] writing list of installed files to '/home/ivan/personal/robotics_ros2/basic_concepts/ros2_ws/build/turtle_controller/install.log'
[1.377s] Invoked command in '/home/ivan/personal/robotics_ros2/basic_concepts/ros2_ws/src/turtle_controller' returned '0': PYTHONPATH=/home/ivan/personal/robotics_ros2/basic_concepts/ros2_ws/build/turtle_controller/prefix_override:/usr/lib/python3/dist-packages/colcon_core/task/python/colcon_distutils_commands:/home/ivan/personal/robotics_ros2/basic_concepts/ros2_ws/install/turtle_controller/lib/python3.10/site-packages:${PYTHONPATH} /usr/bin/python3 -W ignore:setup.py install is deprecated -W ignore:easy_install command is deprecated setup.py egg_info --egg-base ../../build/turtle_controller build --build-base /home/ivan/personal/robotics_ros2/basic_concepts/ros2_ws/build/turtle_controller/build install --record /home/ivan/personal/robotics_ros2/basic_concepts/ros2_ws/build/turtle_controller/install.log --single-version-externally-managed install_data
