[0.031s] Invoking command in '/home/ivan/personal/robotics_ros2/basic_concepts/ros2_ws/build/pubsub_interfaces': CMAKE_PREFIX_PATH=/home/ivan/personal/robotics_ros2/basic_concepts/ros2_ws/install/pubsub_pkg:/opt/ros/humble /usr/bin/cmake --build /home/ivan/personal/robotics_ros2/basic_concepts/ros2_ws/build/pubsub_interfaces -- -j12 -l12
[0.273s] -- Found ament_cmake: 1.3.11 (/opt/ros/humble/share/ament_cmake/cmake)
[0.274s] [33mCMake Warning (dev) at CMakeLists.txt:16:
[0.274s]   Syntax Warning in cmake code at column 27
[0.274s] 
[0.275s]   Argument not separated from preceding token by whitespace.
[0.276s] This warning is for project developers.  Use -Wno-dev to suppress it.
[0.276s] [0m
[0.276s] [33mCMake Warning (dev) at CMakeLists.txt:17:
[0.276s]   Syntax Warning in cmake code at column 23
[0.276s] 
[0.276s]   Argument not separated from preceding token by whitespace.
[0.276s] This warning is for project developers.  Use -Wno-dev to suppress it.
[0.276s] [0m
[0.285s] -- Found rosidl_default_generators: 1.2.0 (/opt/ros/humble/share/rosidl_default_generators/cmake)
[0.289s] -- Using all available rosidl_typesupport_c: rosidl_typesupport_fastrtps_c;rosidl_typesupport_introspection_c
[0.296s] -- Found rosidl_adapter: 3.1.6 (/opt/ros/humble/share/rosidl_adapter/cmake)
[0.477s] -- Using all available rosidl_typesupport_cpp: rosidl_typesupport_fastrtps_cpp;rosidl_typesupport_introspection_cpp
[0.521s] [31mCMake Error at /opt/ros/humble/share/rosidl_cmake/cmake/rosidl_generate_interfaces.cmake:93 (message):
[0.521s]   rosidl_generate_interfaces() the passed file ',' doesn't exist relative to
[0.521s]   the CMAKE_CURRENT_SOURCE_DIR
[0.522s]   '/home/ivan/personal/robotics_ros2/basic_concepts/ros2_ws/src/pubsub_interfaces'
[0.522s] Call Stack (most recent call first):
[0.522s]   CMakeLists.txt:15 (rosidl_generate_interfaces)
[0.522s] 
[0.522s] [0m
[0.522s] -- Configuring incomplete, errors occurred!
[0.522s] See also "/home/ivan/personal/robotics_ros2/basic_concepts/ros2_ws/build/pubsub_interfaces/CMakeFiles/CMakeOutput.log".
[0.532s] gmake: *** [Makefile:747: cmake_check_build_system] Error 1
[0.538s] Invoked command in '/home/ivan/personal/robotics_ros2/basic_concepts/ros2_ws/build/pubsub_interfaces' returned '2': CMAKE_PREFIX_PATH=/home/ivan/personal/robotics_ros2/basic_concepts/ros2_ws/install/pubsub_pkg:/opt/ros/humble /usr/bin/cmake --build /home/ivan/personal/robotics_ros2/basic_concepts/ros2_ws/build/pubsub_interfaces -- -j12 -l12
