[0.040s] Invoking command in '/home/ivan/personal/robotics_ros2/robotics_programming/build/usb_cam_launch': CMAKE_PREFIX_PATH=${CMAKE_PREFIX_PATH}:/home/ivan/personal/robotics_ros2/robotics_programming/install/usb_camera_reader:/opt/ros/humble /usr/bin/cmake --build /home/ivan/personal/robotics_ros2/robotics_programming/build/usb_cam_launch -- -j12 -l12
[0.548s] Invoked command in '/home/ivan/personal/robotics_ros2/robotics_programming/build/usb_cam_launch' returned '0': CMAKE_PREFIX_PATH=${CMAKE_PREFIX_PATH}:/home/ivan/personal/robotics_ros2/robotics_programming/install/usb_camera_reader:/opt/ros/humble /usr/bin/cmake --build /home/ivan/personal/robotics_ros2/robotics_programming/build/usb_cam_launch -- -j12 -l12
[0.559s] Invoking command in '/home/ivan/personal/robotics_ros2/robotics_programming/build/usb_cam_launch': CMAKE_PREFIX_PATH=${CMAKE_PREFIX_PATH}:/home/ivan/personal/robotics_ros2/robotics_programming/install/usb_camera_reader:/opt/ros/humble /usr/bin/cmake --install /home/ivan/personal/robotics_ros2/robotics_programming/build/usb_cam_launch
[0.566s] -- Install configuration: ""
[0.569s] -- Execute custom install script
[0.571s] -- Up-to-date symlink: /home/ivan/personal/robotics_ros2/robotics_programming/install/usb_cam_launch/share/usb_cam_launch/launch/usb_cam_launch.py
[0.571s] -- Up-to-date symlink: /home/ivan/personal/robotics_ros2/robotics_programming/install/usb_cam_launch/share/usb_cam_launch/config/cam_parameters.yaml
[0.572s] -- Up-to-date symlink: /home/ivan/personal/robotics_ros2/robotics_programming/install/usb_cam_launch/share/ament_index/resource_index/package_run_dependencies/usb_cam_launch
[0.572s] -- Up-to-date symlink: /home/ivan/personal/robotics_ros2/robotics_programming/install/usb_cam_launch/share/ament_index/resource_index/parent_prefix_path/usb_cam_launch
[0.572s] -- Up-to-date symlink: /home/ivan/personal/robotics_ros2/robotics_programming/install/usb_cam_launch/share/usb_cam_launch/environment/ament_prefix_path.sh
[0.573s] -- Up-to-date symlink: /home/ivan/personal/robotics_ros2/robotics_programming/install/usb_cam_launch/share/usb_cam_launch/environment/ament_prefix_path.dsv
[0.573s] -- Up-to-date symlink: /home/ivan/personal/robotics_ros2/robotics_programming/install/usb_cam_launch/share/usb_cam_launch/environment/path.sh
[0.574s] -- Up-to-date symlink: /home/ivan/personal/robotics_ros2/robotics_programming/install/usb_cam_launch/share/usb_cam_launch/environment/path.dsv
[0.574s] -- Up-to-date symlink: /home/ivan/personal/robotics_ros2/robotics_programming/install/usb_cam_launch/share/usb_cam_launch/local_setup.bash
[0.575s] -- Up-to-date symlink: /home/ivan/personal/robotics_ros2/robotics_programming/install/usb_cam_launch/share/usb_cam_launch/local_setup.sh
[0.576s] -- Up-to-date symlink: /home/ivan/personal/robotics_ros2/robotics_programming/install/usb_cam_launch/share/usb_cam_launch/local_setup.zsh
[0.576s] -- Up-to-date symlink: /home/ivan/personal/robotics_ros2/robotics_programming/install/usb_cam_launch/share/usb_cam_launch/local_setup.dsv
[0.576s] -- Symlinking: /home/ivan/personal/robotics_ros2/robotics_programming/install/usb_cam_launch/share/usb_cam_launch/package.dsv
[0.583s] -- Up-to-date symlink: /home/ivan/personal/robotics_ros2/robotics_programming/install/usb_cam_launch/share/ament_index/resource_index/packages/usb_cam_launch
[0.584s] -- Up-to-date symlink: /home/ivan/personal/robotics_ros2/robotics_programming/install/usb_cam_launch/share/usb_cam_launch/cmake/usb_cam_launchConfig.cmake
[0.585s] -- Up-to-date symlink: /home/ivan/personal/robotics_ros2/robotics_programming/install/usb_cam_launch/share/usb_cam_launch/cmake/usb_cam_launchConfig-version.cmake
[0.586s] -- Up-to-date symlink: /home/ivan/personal/robotics_ros2/robotics_programming/install/usb_cam_launch/share/usb_cam_launch/package.xml
[0.590s] Invoked command in '/home/ivan/personal/robotics_ros2/robotics_programming/build/usb_cam_launch' returned '0': CMAKE_PREFIX_PATH=${CMAKE_PREFIX_PATH}:/home/ivan/personal/robotics_ros2/robotics_programming/install/usb_camera_reader:/opt/ros/humble /usr/bin/cmake --install /home/ivan/personal/robotics_ros2/robotics_programming/build/usb_cam_launch
