[0.672s] Invoking command in '/home/ivan/personal/robotics_ros2/basic_concepts/ros2_ws/src/pubsub_img_pkg': PYTHONPATH=/home/ivan/personal/robotics_ros2/basic_concepts/ros2_ws/build/pubsub_img_pkg/prefix_override:/usr/lib/python3/dist-packages/colcon_core/task/python/colcon_distutils_commands:/home/ivan/personal/robotics_ros2/basic_concepts/ros2_ws/install/pubsub_img_pkg/lib/python3.10/site-packages:${PYTHONPATH} /usr/bin/python3 -W ignore:setup.py install is deprecated -W ignore:easy_install command is deprecated setup.py egg_info --egg-base ../../build/pubsub_img_pkg build --build-base /home/ivan/personal/robotics_ros2/basic_concepts/ros2_ws/build/pubsub_img_pkg/build install --record /home/ivan/personal/robotics_ros2/basic_concepts/ros2_ws/build/pubsub_img_pkg/install.log --single-version-externally-managed install_data
[0.867s] running egg_info
[0.868s] writing ../../build/pubsub_img_pkg/pubsub_img_pkg.egg-info/PKG-INFO
[0.868s] writing dependency_links to ../../build/pubsub_img_pkg/pubsub_img_pkg.egg-info/dependency_links.txt
[0.868s] writing entry points to ../../build/pubsub_img_pkg/pubsub_img_pkg.egg-info/entry_points.txt
[0.868s] writing requirements to ../../build/pubsub_img_pkg/pubsub_img_pkg.egg-info/requires.txt
[0.869s] writing top-level names to ../../build/pubsub_img_pkg/pubsub_img_pkg.egg-info/top_level.txt
[0.870s] reading manifest file '../../build/pubsub_img_pkg/pubsub_img_pkg.egg-info/SOURCES.txt'
[0.871s] writing manifest file '../../build/pubsub_img_pkg/pubsub_img_pkg.egg-info/SOURCES.txt'
[0.871s] running build
[0.871s] running build_py
[0.871s] copying pubsub_img_pkg/publisher.py -> /home/ivan/personal/robotics_ros2/basic_concepts/ros2_ws/build/pubsub_img_pkg/build/lib/pubsub_img_pkg
[0.872s] running install
[0.873s] running install_lib
[0.874s] copying /home/ivan/personal/robotics_ros2/basic_concepts/ros2_ws/build/pubsub_img_pkg/build/lib/pubsub_img_pkg/publisher.py -> /home/ivan/personal/robotics_ros2/basic_concepts/ros2_ws/install/pubsub_img_pkg/lib/python3.10/site-packages/pubsub_img_pkg
[0.874s] byte-compiling /home/ivan/personal/robotics_ros2/basic_concepts/ros2_ws/install/pubsub_img_pkg/lib/python3.10/site-packages/pubsub_img_pkg/publisher.py to publisher.cpython-310.pyc
[0.875s] running install_data
[0.875s] running install_egg_info
[0.877s] removing '/home/ivan/personal/robotics_ros2/basic_concepts/ros2_ws/install/pubsub_img_pkg/lib/python3.10/site-packages/pubsub_img_pkg-0.0.0-py3.10.egg-info' (and everything under it)
[0.877s] Copying ../../build/pubsub_img_pkg/pubsub_img_pkg.egg-info to /home/ivan/personal/robotics_ros2/basic_concepts/ros2_ws/install/pubsub_img_pkg/lib/python3.10/site-packages/pubsub_img_pkg-0.0.0-py3.10.egg-info
[0.878s] running install_scripts
[0.894s] Installing image_publisher script to /home/ivan/personal/robotics_ros2/basic_concepts/ros2_ws/install/pubsub_img_pkg/lib/pubsub_img_pkg
[0.894s] Installing image_subscruber script to /home/ivan/personal/robotics_ros2/basic_concepts/ros2_ws/install/pubsub_img_pkg/lib/pubsub_img_pkg
[0.894s] writing list of installed files to '/home/ivan/personal/robotics_ros2/basic_concepts/ros2_ws/build/pubsub_img_pkg/install.log'
[0.915s] Invoked command in '/home/ivan/personal/robotics_ros2/basic_concepts/ros2_ws/src/pubsub_img_pkg' returned '0': PYTHONPATH=/home/ivan/personal/robotics_ros2/basic_concepts/ros2_ws/build/pubsub_img_pkg/prefix_override:/usr/lib/python3/dist-packages/colcon_core/task/python/colcon_distutils_commands:/home/ivan/personal/robotics_ros2/basic_concepts/ros2_ws/install/pubsub_img_pkg/lib/python3.10/site-packages:${PYTHONPATH} /usr/bin/python3 -W ignore:setup.py install is deprecated -W ignore:easy_install command is deprecated setup.py egg_info --egg-base ../../build/pubsub_img_pkg build --build-base /home/ivan/personal/robotics_ros2/basic_concepts/ros2_ws/build/pubsub_img_pkg/build install --record /home/ivan/personal/robotics_ros2/basic_concepts/ros2_ws/build/pubsub_img_pkg/install.log --single-version-externally-managed install_data
