[1.664s] Invoking command in '/home/ivan/personal/robotics_ros2/robotics_programming/src/usb_camera_reader': PYTHONPATH=/home/ivan/personal/robotics_ros2/robotics_programming/build/usb_camera_reader/prefix_override:/usr/lib/python3/dist-packages/colcon_core/task/python/colcon_distutils_commands:/home/ivan/personal/robotics_ros2/robotics_programming/install/usb_camera_reader/lib/python3.10/site-packages:${PYTHONPATH} /usr/bin/python3 -W ignore:setup.py install is deprecated -W ignore:easy_install command is deprecated setup.py egg_info --egg-base ../../build/usb_camera_reader build --build-base /home/ivan/personal/robotics_ros2/robotics_programming/build/usb_camera_reader/build install --record /home/ivan/personal/robotics_ros2/robotics_programming/build/usb_camera_reader/install.log --single-version-externally-managed install_data
[2.021s] running egg_info
[2.022s] creating ../../build/usb_camera_reader/usb_camera_reader.egg-info
[2.023s] writing ../../build/usb_camera_reader/usb_camera_reader.egg-info/PKG-INFO
[2.023s] writing dependency_links to ../../build/usb_camera_reader/usb_camera_reader.egg-info/dependency_links.txt
[2.024s] writing entry points to ../../build/usb_camera_reader/usb_camera_reader.egg-info/entry_points.txt
[2.025s] writing requirements to ../../build/usb_camera_reader/usb_camera_reader.egg-info/requires.txt
[2.025s] writing top-level names to ../../build/usb_camera_reader/usb_camera_reader.egg-info/top_level.txt
[2.025s] writing manifest file '../../build/usb_camera_reader/usb_camera_reader.egg-info/SOURCES.txt'
[2.027s] reading manifest file '../../build/usb_camera_reader/usb_camera_reader.egg-info/SOURCES.txt'
[2.028s] writing manifest file '../../build/usb_camera_reader/usb_camera_reader.egg-info/SOURCES.txt'
[2.029s] running build
[2.029s] running build_py
[2.030s] creating /home/ivan/personal/robotics_ros2/robotics_programming/build/usb_camera_reader/build
[2.030s] creating /home/ivan/personal/robotics_ros2/robotics_programming/build/usb_camera_reader/build/lib
[2.030s] creating /home/ivan/personal/robotics_ros2/robotics_programming/build/usb_camera_reader/build/lib/usb_camera_reader
[2.031s] copying usb_camera_reader/camera_publisher.py -> /home/ivan/personal/robotics_ros2/robotics_programming/build/usb_camera_reader/build/lib/usb_camera_reader
[2.031s] copying usb_camera_reader/__init__.py -> /home/ivan/personal/robotics_ros2/robotics_programming/build/usb_camera_reader/build/lib/usb_camera_reader
[2.032s] running install
[2.033s] running install_lib
[2.034s] creating /home/ivan/personal/robotics_ros2/robotics_programming/install/usb_camera_reader/lib/python3.10/site-packages/usb_camera_reader
[2.034s] copying /home/ivan/personal/robotics_ros2/robotics_programming/build/usb_camera_reader/build/lib/usb_camera_reader/camera_publisher.py -> /home/ivan/personal/robotics_ros2/robotics_programming/install/usb_camera_reader/lib/python3.10/site-packages/usb_camera_reader
[2.034s] copying /home/ivan/personal/robotics_ros2/robotics_programming/build/usb_camera_reader/build/lib/usb_camera_reader/__init__.py -> /home/ivan/personal/robotics_ros2/robotics_programming/install/usb_camera_reader/lib/python3.10/site-packages/usb_camera_reader
[2.035s] byte-compiling /home/ivan/personal/robotics_ros2/robotics_programming/install/usb_camera_reader/lib/python3.10/site-packages/usb_camera_reader/camera_publisher.py to camera_publisher.cpython-310.pyc
[2.036s] byte-compiling /home/ivan/personal/robotics_ros2/robotics_programming/install/usb_camera_reader/lib/python3.10/site-packages/usb_camera_reader/__init__.py to __init__.cpython-310.pyc
[2.037s] running install_data
[2.037s] creating /home/ivan/personal/robotics_ros2/robotics_programming/install/usb_camera_reader/share/ament_index
[2.037s] creating /home/ivan/personal/robotics_ros2/robotics_programming/install/usb_camera_reader/share/ament_index/resource_index
[2.037s] creating /home/ivan/personal/robotics_ros2/robotics_programming/install/usb_camera_reader/share/ament_index/resource_index/packages
[2.037s] copying resource/usb_camera_reader -> /home/ivan/personal/robotics_ros2/robotics_programming/install/usb_camera_reader/share/ament_index/resource_index/packages
[2.038s] copying package.xml -> /home/ivan/personal/robotics_ros2/robotics_programming/install/usb_camera_reader/share/usb_camera_reader
[2.038s] running install_egg_info
[2.039s] Copying ../../build/usb_camera_reader/usb_camera_reader.egg-info to /home/ivan/personal/robotics_ros2/robotics_programming/install/usb_camera_reader/lib/python3.10/site-packages/usb_camera_reader-0.0.0-py3.10.egg-info
[2.040s] running install_scripts
[2.071s] Installing camera_publisher script to /home/ivan/personal/robotics_ros2/robotics_programming/install/usb_camera_reader/lib/usb_camera_reader
[2.075s] writing list of installed files to '/home/ivan/personal/robotics_ros2/robotics_programming/build/usb_camera_reader/install.log'
[2.124s] Invoked command in '/home/ivan/personal/robotics_ros2/robotics_programming/src/usb_camera_reader' returned '0': PYTHONPATH=/home/ivan/personal/robotics_ros2/robotics_programming/build/usb_camera_reader/prefix_override:/usr/lib/python3/dist-packages/colcon_core/task/python/colcon_distutils_commands:/home/ivan/personal/robotics_ros2/robotics_programming/install/usb_camera_reader/lib/python3.10/site-packages:${PYTHONPATH} /usr/bin/python3 -W ignore:setup.py install is deprecated -W ignore:easy_install command is deprecated setup.py egg_info --egg-base ../../build/usb_camera_reader build --build-base /home/ivan/personal/robotics_ros2/robotics_programming/build/usb_camera_reader/build install --record /home/ivan/personal/robotics_ros2/robotics_programming/build/usb_camera_reader/install.log --single-version-externally-managed install_data
