[0.018s] Invoking command in '/home/ivan/personal/robotics_ros2/robotics_programming/build/usb_cam_launch': CMAKE_PREFIX_PATH=/opt/ros/humble /usr/bin/cmake /home/ivan/personal/robotics_ros2/robotics_programming/src/usb_cam_launch -DAMENT_CMAKE_SYMLINK_INSTALL=1 -DCMAKE_INSTALL_PREFIX=/home/ivan/personal/robotics_ros2/robotics_programming/install/usb_cam_launch
[0.028s] -- Found ament_cmake: 1.3.11 (/opt/ros/humble/share/ament_cmake/cmake)
[0.138s] -- Override CMake install command with custom implementation using symlinks instead of copying resources
[0.146s] -- Found ament_lint_auto: 0.12.12 (/opt/ros/humble/share/ament_lint_auto/cmake)
[0.198s] -- Added test 'flake8' to check Python code syntax and style conventions
[0.199s] -- Added test 'lint_cmake' to check CMake code style
[0.199s] -- Added test 'pep257' to check Python code against some of the docstring style conventions in PEP 257
[0.199s] -- Added test 'xmllint' to check XML markup files
[0.200s] -- Configuring done
[0.202s] -- Generating done
[0.203s] -- Build files have been written to: /home/ivan/personal/robotics_ros2/robotics_programming/build/usb_cam_launch
[0.249s] Invoked command in '/home/ivan/personal/robotics_ros2/robotics_programming/build/usb_cam_launch' returned '0': CMAKE_PREFIX_PATH=/opt/ros/humble /usr/bin/cmake /home/ivan/personal/robotics_ros2/robotics_programming/src/usb_cam_launch -DAMENT_CMAKE_SYMLINK_INSTALL=1 -DCMAKE_INSTALL_PREFIX=/home/ivan/personal/robotics_ros2/robotics_programming/install/usb_cam_launch
[0.251s] Invoking command in '/home/ivan/personal/robotics_ros2/robotics_programming/build/usb_cam_launch': CMAKE_PREFIX_PATH=/opt/ros/humble /usr/bin/cmake --build /home/ivan/personal/robotics_ros2/robotics_programming/build/usb_cam_launch -- -j12 -l12
[0.278s] Invoked command in '/home/ivan/personal/robotics_ros2/robotics_programming/build/usb_cam_launch' returned '0': CMAKE_PREFIX_PATH=/opt/ros/humble /usr/bin/cmake --build /home/ivan/personal/robotics_ros2/robotics_programming/build/usb_cam_launch -- -j12 -l12
[0.285s] Invoking command in '/home/ivan/personal/robotics_ros2/robotics_programming/build/usb_cam_launch': CMAKE_PREFIX_PATH=/opt/ros/humble /usr/bin/cmake --install /home/ivan/personal/robotics_ros2/robotics_programming/build/usb_cam_launch
[0.289s] -- Install configuration: ""
[0.289s] -- Execute custom install script
[0.289s] -- Symlinking: /home/ivan/personal/robotics_ros2/robotics_programming/install/usb_cam_launch/share/usb_cam_launch/launch/usb_cam_launch.py
[0.295s] -- Symlinking: /home/ivan/personal/robotics_ros2/robotics_programming/install/usb_cam_launch/share/usb_cam_launch/config/cam_parameters.yaml
[0.301s] -- Symlinking: /home/ivan/personal/robotics_ros2/robotics_programming/install/usb_cam_launch/share/ament_index/resource_index/package_run_dependencies/usb_cam_launch
[0.306s] -- Symlinking: /home/ivan/personal/robotics_ros2/robotics_programming/install/usb_cam_launch/share/ament_index/resource_index/parent_prefix_path/usb_cam_launch
[0.312s] -- Symlinking: /home/ivan/personal/robotics_ros2/robotics_programming/install/usb_cam_launch/share/usb_cam_launch/environment/ament_prefix_path.sh
[0.325s] -- Symlinking: /home/ivan/personal/robotics_ros2/robotics_programming/install/usb_cam_launch/share/usb_cam_launch/environment/ament_prefix_path.dsv
[0.332s] -- Symlinking: /home/ivan/personal/robotics_ros2/robotics_programming/install/usb_cam_launch/share/usb_cam_launch/environment/path.sh
[0.337s] -- Symlinking: /home/ivan/personal/robotics_ros2/robotics_programming/install/usb_cam_launch/share/usb_cam_launch/environment/path.dsv
[0.343s] -- Symlinking: /home/ivan/personal/robotics_ros2/robotics_programming/install/usb_cam_launch/share/usb_cam_launch/local_setup.bash
[0.349s] -- Symlinking: /home/ivan/personal/robotics_ros2/robotics_programming/install/usb_cam_launch/share/usb_cam_launch/local_setup.sh
[0.354s] -- Symlinking: /home/ivan/personal/robotics_ros2/robotics_programming/install/usb_cam_launch/share/usb_cam_launch/local_setup.zsh
[0.362s] -- Symlinking: /home/ivan/personal/robotics_ros2/robotics_programming/install/usb_cam_launch/share/usb_cam_launch/local_setup.dsv
[0.367s] -- Symlinking: /home/ivan/personal/robotics_ros2/robotics_programming/install/usb_cam_launch/share/usb_cam_launch/package.dsv
[0.373s] -- Symlinking: /home/ivan/personal/robotics_ros2/robotics_programming/install/usb_cam_launch/share/ament_index/resource_index/packages/usb_cam_launch
[0.379s] -- Symlinking: /home/ivan/personal/robotics_ros2/robotics_programming/install/usb_cam_launch/share/usb_cam_launch/cmake/usb_cam_launchConfig.cmake
[0.385s] -- Symlinking: /home/ivan/personal/robotics_ros2/robotics_programming/install/usb_cam_launch/share/usb_cam_launch/cmake/usb_cam_launchConfig-version.cmake
[0.391s] -- Symlinking: /home/ivan/personal/robotics_ros2/robotics_programming/install/usb_cam_launch/share/usb_cam_launch/package.xml
[0.400s] Invoked command in '/home/ivan/personal/robotics_ros2/robotics_programming/build/usb_cam_launch' returned '0': CMAKE_PREFIX_PATH=/opt/ros/humble /usr/bin/cmake --install /home/ivan/personal/robotics_ros2/robotics_programming/build/usb_cam_launch
