[1.590s] Invoking command in '/home/ivan/personal/robotics_ros2/basic_concepts/ros2_ws/src/pubsub_custom': PYTHONPATH=/home/ivan/personal/robotics_ros2/basic_concepts/ros2_ws/build/pubsub_custom/prefix_override:/usr/lib/python3/dist-packages/colcon_core/task/python/colcon_distutils_commands:/home/ivan/personal/robotics_ros2/basic_concepts/ros2_ws/install/pubsub_custom/lib/python3.10/site-packages:${PYTHONPATH} /usr/bin/python3 -W ignore:setup.py install is deprecated -W ignore:easy_install command is deprecated setup.py egg_info --egg-base ../../build/pubsub_custom build --build-base /home/ivan/personal/robotics_ros2/basic_concepts/ros2_ws/build/pubsub_custom/build install --record /home/ivan/personal/robotics_ros2/basic_concepts/ros2_ws/build/pubsub_custom/install.log --single-version-externally-managed install_data
[2.020s] running egg_info
[2.021s] writing ../../build/pubsub_custom/pubsub_custom.egg-info/PKG-INFO
[2.021s] writing dependency_links to ../../build/pubsub_custom/pubsub_custom.egg-info/dependency_links.txt
[2.022s] writing entry points to ../../build/pubsub_custom/pubsub_custom.egg-info/entry_points.txt
[2.022s] writing requirements to ../../build/pubsub_custom/pubsub_custom.egg-info/requires.txt
[2.022s] writing top-level names to ../../build/pubsub_custom/pubsub_custom.egg-info/top_level.txt
[2.024s] reading manifest file '../../build/pubsub_custom/pubsub_custom.egg-info/SOURCES.txt'
[2.025s] writing manifest file '../../build/pubsub_custom/pubsub_custom.egg-info/SOURCES.txt'
[2.025s] running build
[2.025s] running build_py
[2.026s] running install
[2.026s] running install_lib
[2.027s] running install_data
[2.027s] running install_egg_info
[2.029s] removing '/home/ivan/personal/robotics_ros2/basic_concepts/ros2_ws/install/pubsub_custom/lib/python3.10/site-packages/pubsub_custom-0.0.0-py3.10.egg-info' (and everything under it)
[2.030s] Copying ../../build/pubsub_custom/pubsub_custom.egg-info to /home/ivan/personal/robotics_ros2/basic_concepts/ros2_ws/install/pubsub_custom/lib/python3.10/site-packages/pubsub_custom-0.0.0-py3.10.egg-info
[2.034s] running install_scripts
[2.059s] Installing publish_status script to /home/ivan/personal/robotics_ros2/basic_concepts/ros2_ws/install/pubsub_custom/lib/pubsub_custom
[2.060s] writing list of installed files to '/home/ivan/personal/robotics_ros2/basic_concepts/ros2_ws/build/pubsub_custom/install.log'
[2.112s] Invoked command in '/home/ivan/personal/robotics_ros2/basic_concepts/ros2_ws/src/pubsub_custom' returned '0': PYTHONPATH=/home/ivan/personal/robotics_ros2/basic_concepts/ros2_ws/build/pubsub_custom/prefix_override:/usr/lib/python3/dist-packages/colcon_core/task/python/colcon_distutils_commands:/home/ivan/personal/robotics_ros2/basic_concepts/ros2_ws/install/pubsub_custom/lib/python3.10/site-packages:${PYTHONPATH} /usr/bin/python3 -W ignore:setup.py install is deprecated -W ignore:easy_install command is deprecated setup.py egg_info --egg-base ../../build/pubsub_custom build --build-base /home/ivan/personal/robotics_ros2/basic_concepts/ros2_ws/build/pubsub_custom/build install --record /home/ivan/personal/robotics_ros2/basic_concepts/ros2_ws/build/pubsub_custom/install.log --single-version-externally-managed install_data
