[1.692s] Invoking command in '/home/ivan/personal/robotics_ros2/basic_concepts/ros2_ws/src/pubsub_custom': AMENT_PREFIX_PATH=/home/ivan/personal/robotics_ros2/basic_concepts/ros2_ws/install/pubsub_interfaces:${AMENT_PREFIX_PATH} CMAKE_PREFIX_PATH=/home/ivan/personal/robotics_ros2/basic_concepts/ros2_ws/install/pubsub_interfaces LD_LIBRARY_PATH=/home/ivan/personal/robotics_ros2/basic_concepts/ros2_ws/install/pubsub_interfaces/lib:${LD_LIBRARY_PATH} PYTHONPATH=/home/ivan/personal/robotics_ros2/basic_concepts/ros2_ws/build/pubsub_custom/prefix_override:/usr/lib/python3/dist-packages/colcon_core/task/python/colcon_distutils_commands:/home/ivan/personal/robotics_ros2/basic_concepts/ros2_ws/install/pubsub_custom/lib/python3.10/site-packages:/home/ivan/personal/robotics_ros2/basic_concepts/ros2_ws/install/pubsub_interfaces/local/lib/python3.10/dist-packages:${PYTHONPATH} /usr/bin/python3 -W ignore:setup.py install is deprecated -W ignore:easy_install command is deprecated setup.py egg_info --egg-base ../../build/pubsub_custom build --build-base /home/ivan/personal/robotics_ros2/basic_concepts/ros2_ws/build/pubsub_custom/build install --record /home/ivan/personal/robotics_ros2/basic_concepts/ros2_ws/build/pubsub_custom/install.log --single-version-externally-managed install_data
[2.055s] running egg_info
[2.056s] writing ../../build/pubsub_custom/pubsub_custom.egg-info/PKG-INFO
[2.057s] writing dependency_links to ../../build/pubsub_custom/pubsub_custom.egg-info/dependency_links.txt
[2.057s] writing entry points to ../../build/pubsub_custom/pubsub_custom.egg-info/entry_points.txt
[2.058s] writing requirements to ../../build/pubsub_custom/pubsub_custom.egg-info/requires.txt
[2.058s] writing top-level names to ../../build/pubsub_custom/pubsub_custom.egg-info/top_level.txt
[2.060s] reading manifest file '../../build/pubsub_custom/pubsub_custom.egg-info/SOURCES.txt'
[2.061s] writing manifest file '../../build/pubsub_custom/pubsub_custom.egg-info/SOURCES.txt'
[2.062s] running build
[2.062s] running build_py
[2.062s] running install
[2.062s] running install_lib
[2.064s] running install_data
[2.064s] running install_egg_info
[2.068s] removing '/home/ivan/personal/robotics_ros2/basic_concepts/ros2_ws/install/pubsub_custom/lib/python3.10/site-packages/pubsub_custom-0.0.0-py3.10.egg-info' (and everything under it)
[2.068s] Copying ../../build/pubsub_custom/pubsub_custom.egg-info to /home/ivan/personal/robotics_ros2/basic_concepts/ros2_ws/install/pubsub_custom/lib/python3.10/site-packages/pubsub_custom-0.0.0-py3.10.egg-info
[2.069s] running install_scripts
[2.089s] Installing publish_status script to /home/ivan/personal/robotics_ros2/basic_concepts/ros2_ws/install/pubsub_custom/lib/pubsub_custom
[2.090s] writing list of installed files to '/home/ivan/personal/robotics_ros2/basic_concepts/ros2_ws/build/pubsub_custom/install.log'
[2.127s] Invoked command in '/home/ivan/personal/robotics_ros2/basic_concepts/ros2_ws/src/pubsub_custom' returned '0': AMENT_PREFIX_PATH=/home/ivan/personal/robotics_ros2/basic_concepts/ros2_ws/install/pubsub_interfaces:${AMENT_PREFIX_PATH} CMAKE_PREFIX_PATH=/home/ivan/personal/robotics_ros2/basic_concepts/ros2_ws/install/pubsub_interfaces LD_LIBRARY_PATH=/home/ivan/personal/robotics_ros2/basic_concepts/ros2_ws/install/pubsub_interfaces/lib:${LD_LIBRARY_PATH} PYTHONPATH=/home/ivan/personal/robotics_ros2/basic_concepts/ros2_ws/build/pubsub_custom/prefix_override:/usr/lib/python3/dist-packages/colcon_core/task/python/colcon_distutils_commands:/home/ivan/personal/robotics_ros2/basic_concepts/ros2_ws/install/pubsub_custom/lib/python3.10/site-packages:/home/ivan/personal/robotics_ros2/basic_concepts/ros2_ws/install/pubsub_interfaces/local/lib/python3.10/dist-packages:${PYTHONPATH} /usr/bin/python3 -W ignore:setup.py install is deprecated -W ignore:easy_install command is deprecated setup.py egg_info --egg-base ../../build/pubsub_custom build --build-base /home/ivan/personal/robotics_ros2/basic_concepts/ros2_ws/build/pubsub_custom/build install --record /home/ivan/personal/robotics_ros2/basic_concepts/ros2_ws/build/pubsub_custom/install.log --single-version-externally-managed install_data
