running egg_info
creating ../../build/yolo_object_detector/yolo_object_detector.egg-info
writing ../../build/yolo_object_detector/yolo_object_detector.egg-info/PKG-INFO
writing dependency_links to ../../build/yolo_object_detector/yolo_object_detector.egg-info/dependency_links.txt
writing entry points to ../../build/yolo_object_detector/yolo_object_detector.egg-info/entry_points.txt
writing requirements to ../../build/yolo_object_detector/yolo_object_detector.egg-info/requires.txt
writing top-level names to ../../build/yolo_object_detector/yolo_object_detector.egg-info/top_level.txt
writing manifest file '../../build/yolo_object_detector/yolo_object_detector.egg-info/SOURCES.txt'
reading manifest file '../../build/yolo_object_detector/yolo_object_detector.egg-info/SOURCES.txt'
writing manifest file '../../build/yolo_object_detector/yolo_object_detector.egg-info/SOURCES.txt'
running build
running build_py
creating /home/ivan/personal/robotics_ros2/robotics_programming/build/yolo_object_detector/build
creating /home/ivan/personal/robotics_ros2/robotics_programming/build/yolo_object_detector/build/lib
creating /home/ivan/personal/robotics_ros2/robotics_programming/build/yolo_object_detector/build/lib/yolo_object_detector
copying yolo_object_detector/__init__.py -> /home/ivan/personal/robotics_ros2/robotics_programming/build/yolo_object_detector/build/lib/yolo_object_detector
copying yolo_object_detector/yolo.py -> /home/ivan/personal/robotics_ros2/robotics_programming/build/yolo_object_detector/build/lib/yolo_object_detector
running install
running install_lib
creating /home/ivan/personal/robotics_ros2/robotics_programming/install/yolo_object_detector/lib/python3.10/site-packages/yolo_object_detector
copying /home/ivan/personal/robotics_ros2/robotics_programming/build/yolo_object_detector/build/lib/yolo_object_detector/__init__.py -> /home/ivan/personal/robotics_ros2/robotics_programming/install/yolo_object_detector/lib/python3.10/site-packages/yolo_object_detector
copying /home/ivan/personal/robotics_ros2/robotics_programming/build/yolo_object_detector/build/lib/yolo_object_detector/yolo.py -> /home/ivan/personal/robotics_ros2/robotics_programming/install/yolo_object_detector/lib/python3.10/site-packages/yolo_object_detector
byte-compiling /home/ivan/personal/robotics_ros2/robotics_programming/install/yolo_object_detector/lib/python3.10/site-packages/yolo_object_detector/__init__.py to __init__.cpython-310.pyc
byte-compiling /home/ivan/personal/robotics_ros2/robotics_programming/install/yolo_object_detector/lib/python3.10/site-packages/yolo_object_detector/yolo.py to yolo.cpython-310.pyc
running install_data
creating /home/ivan/personal/robotics_ros2/robotics_programming/install/yolo_object_detector/share/ament_index
creating /home/ivan/personal/robotics_ros2/robotics_programming/install/yolo_object_detector/share/ament_index/resource_index
creating /home/ivan/personal/robotics_ros2/robotics_programming/install/yolo_object_detector/share/ament_index/resource_index/packages
copying resource/yolo_object_detector -> /home/ivan/personal/robotics_ros2/robotics_programming/install/yolo_object_detector/share/ament_index/resource_index/packages
copying package.xml -> /home/ivan/personal/robotics_ros2/robotics_programming/install/yolo_object_detector/share/yolo_object_detector
running install_egg_info
Copying ../../build/yolo_object_detector/yolo_object_detector.egg-info to /home/ivan/personal/robotics_ros2/robotics_programming/install/yolo_object_detector/lib/python3.10/site-packages/yolo_object_detector-0.0.0-py3.10.egg-info
running install_scripts
Installing yolo_object_detector script to /home/ivan/personal/robotics_ros2/robotics_programming/install/yolo_object_detector/lib/yolo_object_detector
writing list of installed files to '/home/ivan/personal/robotics_ros2/robotics_programming/build/yolo_object_detector/install.log'
