[1.663s] Invoking command in '/home/ivan/personal/robotics_ros2/robotics_programming/src/yolo_object_detector': PYTHONPATH=/home/ivan/personal/robotics_ros2/robotics_programming/build/yolo_object_detector/prefix_override:/usr/lib/python3/dist-packages/colcon_core/task/python/colcon_distutils_commands:/home/ivan/personal/robotics_ros2/robotics_programming/install/yolo_object_detector/lib/python3.10/site-packages:${PYTHONPATH} /usr/bin/python3 -W ignore:setup.py install is deprecated -W ignore:easy_install command is deprecated setup.py egg_info --egg-base ../../build/yolo_object_detector build --build-base /home/ivan/personal/robotics_ros2/robotics_programming/build/yolo_object_detector/build install --record /home/ivan/personal/robotics_ros2/robotics_programming/build/yolo_object_detector/install.log --single-version-externally-managed install_data
[2.046s] running egg_info
[2.047s] creating ../../build/yolo_object_detector/yolo_object_detector.egg-info
[2.047s] writing ../../build/yolo_object_detector/yolo_object_detector.egg-info/PKG-INFO
[2.048s] writing dependency_links to ../../build/yolo_object_detector/yolo_object_detector.egg-info/dependency_links.txt
[2.049s] writing entry points to ../../build/yolo_object_detector/yolo_object_detector.egg-info/entry_points.txt
[2.051s] writing requirements to ../../build/yolo_object_detector/yolo_object_detector.egg-info/requires.txt
[2.051s] writing top-level names to ../../build/yolo_object_detector/yolo_object_detector.egg-info/top_level.txt
[2.051s] writing manifest file '../../build/yolo_object_detector/yolo_object_detector.egg-info/SOURCES.txt'
[2.052s] reading manifest file '../../build/yolo_object_detector/yolo_object_detector.egg-info/SOURCES.txt'
[2.053s] writing manifest file '../../build/yolo_object_detector/yolo_object_detector.egg-info/SOURCES.txt'
[2.054s] running build
[2.055s] running build_py
[2.056s] creating /home/ivan/personal/robotics_ros2/robotics_programming/build/yolo_object_detector/build
[2.056s] creating /home/ivan/personal/robotics_ros2/robotics_programming/build/yolo_object_detector/build/lib
[2.059s] creating /home/ivan/personal/robotics_ros2/robotics_programming/build/yolo_object_detector/build/lib/yolo_object_detector
[2.060s] copying yolo_object_detector/__init__.py -> /home/ivan/personal/robotics_ros2/robotics_programming/build/yolo_object_detector/build/lib/yolo_object_detector
[2.061s] copying yolo_object_detector/yolo.py -> /home/ivan/personal/robotics_ros2/robotics_programming/build/yolo_object_detector/build/lib/yolo_object_detector
[2.062s] running install
[2.062s] running install_lib
[2.062s] creating /home/ivan/personal/robotics_ros2/robotics_programming/install/yolo_object_detector/lib/python3.10/site-packages/yolo_object_detector
[2.063s] copying /home/ivan/personal/robotics_ros2/robotics_programming/build/yolo_object_detector/build/lib/yolo_object_detector/__init__.py -> /home/ivan/personal/robotics_ros2/robotics_programming/install/yolo_object_detector/lib/python3.10/site-packages/yolo_object_detector
[2.063s] copying /home/ivan/personal/robotics_ros2/robotics_programming/build/yolo_object_detector/build/lib/yolo_object_detector/yolo.py -> /home/ivan/personal/robotics_ros2/robotics_programming/install/yolo_object_detector/lib/python3.10/site-packages/yolo_object_detector
[2.065s] byte-compiling /home/ivan/personal/robotics_ros2/robotics_programming/install/yolo_object_detector/lib/python3.10/site-packages/yolo_object_detector/__init__.py to __init__.cpython-310.pyc
[2.066s] byte-compiling /home/ivan/personal/robotics_ros2/robotics_programming/install/yolo_object_detector/lib/python3.10/site-packages/yolo_object_detector/yolo.py to yolo.cpython-310.pyc
[2.066s] running install_data
[2.068s] creating /home/ivan/personal/robotics_ros2/robotics_programming/install/yolo_object_detector/share/ament_index
[2.069s] creating /home/ivan/personal/robotics_ros2/robotics_programming/install/yolo_object_detector/share/ament_index/resource_index
[2.069s] creating /home/ivan/personal/robotics_ros2/robotics_programming/install/yolo_object_detector/share/ament_index/resource_index/packages
[2.069s] copying resource/yolo_object_detector -> /home/ivan/personal/robotics_ros2/robotics_programming/install/yolo_object_detector/share/ament_index/resource_index/packages
[2.069s] copying package.xml -> /home/ivan/personal/robotics_ros2/robotics_programming/install/yolo_object_detector/share/yolo_object_detector
[2.069s] running install_egg_info
[2.069s] Copying ../../build/yolo_object_detector/yolo_object_detector.egg-info to /home/ivan/personal/robotics_ros2/robotics_programming/install/yolo_object_detector/lib/python3.10/site-packages/yolo_object_detector-0.0.0-py3.10.egg-info
[2.069s] running install_scripts
[2.103s] Installing yolo_object_detector script to /home/ivan/personal/robotics_ros2/robotics_programming/install/yolo_object_detector/lib/yolo_object_detector
[2.104s] writing list of installed files to '/home/ivan/personal/robotics_ros2/robotics_programming/build/yolo_object_detector/install.log'
[2.183s] Invoked command in '/home/ivan/personal/robotics_ros2/robotics_programming/src/yolo_object_detector' returned '0': PYTHONPATH=/home/ivan/personal/robotics_ros2/robotics_programming/build/yolo_object_detector/prefix_override:/usr/lib/python3/dist-packages/colcon_core/task/python/colcon_distutils_commands:/home/ivan/personal/robotics_ros2/robotics_programming/install/yolo_object_detector/lib/python3.10/site-packages:${PYTHONPATH} /usr/bin/python3 -W ignore:setup.py install is deprecated -W ignore:easy_install command is deprecated setup.py egg_info --egg-base ../../build/yolo_object_detector build --build-base /home/ivan/personal/robotics_ros2/robotics_programming/build/yolo_object_detector/build install --record /home/ivan/personal/robotics_ros2/robotics_programming/build/yolo_object_detector/install.log --single-version-externally-managed install_data
