[0.010s] Invoking command in '/home/ivan/personal/robotics_ros2/basic_concepts/ros2_ws/build/pubsub_interfaces': /usr/bin/cmake /home/ivan/personal/robotics_ros2/basic_concepts/ros2_ws/src/pubsub_interfaces -DCMAKE_INSTALL_PREFIX=/home/ivan/personal/robotics_ros2/basic_concepts/ros2_ws/install/pubsub_interfaces
[0.021s] -- Found ament_cmake: 1.3.11 (/opt/ros/humble/share/ament_cmake/cmake)
[0.115s] -- Found rosidl_default_generators: 1.2.0 (/opt/ros/humble/share/rosidl_default_generators/cmake)
[0.116s] -- Using all available rosidl_typesupport_c: rosidl_typesupport_fastrtps_c;rosidl_typesupport_introspection_c
[0.118s] -- Found rosidl_adapter: 3.1.6 (/opt/ros/humble/share/rosidl_adapter/cmake)
[0.234s] -- Using all available rosidl_typesupport_cpp: rosidl_typesupport_fastrtps_cpp;rosidl_typesupport_introspection_cpp
[0.378s] Error parsing '/home/ivan/personal/robotics_ros2/basic_concepts/ros2_ws/src/pubsub_interfaces/package.xml':
[0.414s] Traceback (most recent call last):
[0.414s]   File "/opt/ros/humble/share/ament_cmake_core/cmake/core/package_xml_2_cmake.py", line 150, in <module>
[0.414s]     main()
[0.414s]   File "/opt/ros/humble/share/ament_cmake_core/cmake/core/package_xml_2_cmake.py", line 53, in main
[0.414s]     raise e
[0.414s]   File "/opt/ros/humble/share/ament_cmake_core/cmake/core/package_xml_2_cmake.py", line 49, in main
[0.414s]     package = parse_package_string(
[0.414s]   File "/usr/lib/python3/dist-packages/catkin_pkg/package.py", line 786, in parse_package_string
[0.414s]     raise InvalidPackage('Error(s):%s' % (''.join(['\n- %s' % e for e in errors])), filename)
[0.414s] catkin_pkg.package.InvalidPackage: Error(s) in package '/home/ivan/personal/robotics_ros2/basic_concepts/ros2_ws/src/pubsub_interfaces/package.xml':
[0.414s] Error(s):
[0.414s] - The manifest of package "pubsub_interfaces" (with format version 3) must not contain the following tags: exec_depened
[0.437s] [31mCMake Error at /opt/ros/humble/share/ament_cmake_core/cmake/core/ament_package_xml.cmake:95 (message):
[0.437s]   execute_process(/usr/bin/python3
[0.437s]   /opt/ros/humble/share/ament_cmake_core/cmake/core/package_xml_2_cmake.py
[0.437s]   /home/ivan/personal/robotics_ros2/basic_concepts/ros2_ws/src/pubsub_interfaces/package.xml
[0.438s]   /home/ivan/personal/robotics_ros2/basic_concepts/ros2_ws/build/pubsub_interfaces/ament_cmake_core/package.cmake)
[0.438s]   returned error code 1
[0.438s] Call Stack (most recent call first):
[0.438s]   /opt/ros/humble/share/ament_cmake_core/cmake/core/ament_package_xml.cmake:49 (_ament_package_xml)
[0.438s]   /opt/ros/humble/share/rosidl_cmake/cmake/rosidl_generate_interfaces.cmake:226 (ament_package_xml)
[0.438s]   CMakeLists.txt:15 (rosidl_generate_interfaces)
[0.438s] 
[0.438s] [0m
[0.438s] -- Configuring incomplete, errors occurred!
[0.438s] See also "/home/ivan/personal/robotics_ros2/basic_concepts/ros2_ws/build/pubsub_interfaces/CMakeFiles/CMakeOutput.log".
[0.443s] Invoked command in '/home/ivan/personal/robotics_ros2/basic_concepts/ros2_ws/build/pubsub_interfaces' returned '1': /usr/bin/cmake /home/ivan/personal/robotics_ros2/basic_concepts/ros2_ws/src/pubsub_interfaces -DCMAKE_INSTALL_PREFIX=/home/ivan/personal/robotics_ros2/basic_concepts/ros2_ws/install/pubsub_interfaces
