running egg_info
creating ../../build/pubsub_pkg/pubsub_pkg.egg-info
writing ../../build/pubsub_pkg/pubsub_pkg.egg-info/PKG-INFO
writing dependency_links to ../../build/pubsub_pkg/pubsub_pkg.egg-info/dependency_links.txt
writing entry points to ../../build/pubsub_pkg/pubsub_pkg.egg-info/entry_points.txt
writing requirements to ../../build/pubsub_pkg/pubsub_pkg.egg-info/requires.txt
writing top-level names to ../../build/pubsub_pkg/pubsub_pkg.egg-info/top_level.txt
writing manifest file '../../build/pubsub_pkg/pubsub_pkg.egg-info/SOURCES.txt'
reading manifest file '../../build/pubsub_pkg/pubsub_pkg.egg-info/SOURCES.txt'
writing manifest file '../../build/pubsub_pkg/pubsub_pkg.egg-info/SOURCES.txt'
running build
running build_py
creating /home/ivan/personal/robotics_ros2/basic_concepts/ros2_ws/build/pubsub_pkg/build
creating /home/ivan/personal/robotics_ros2/basic_concepts/ros2_ws/build/pubsub_pkg/build/lib
creating /home/ivan/personal/robotics_ros2/basic_concepts/ros2_ws/build/pubsub_pkg/build/lib/pubsub_pkg
copying pubsub_pkg/number_subscriber.py -> /home/ivan/personal/robotics_ros2/basic_concepts/ros2_ws/build/pubsub_pkg/build/lib/pubsub_pkg
copying pubsub_pkg/publisher.py -> /home/ivan/personal/robotics_ros2/basic_concepts/ros2_ws/build/pubsub_pkg/build/lib/pubsub_pkg
copying pubsub_pkg/subscriber.py -> /home/ivan/personal/robotics_ros2/basic_concepts/ros2_ws/build/pubsub_pkg/build/lib/pubsub_pkg
copying pubsub_pkg/__init__.py -> /home/ivan/personal/robotics_ros2/basic_concepts/ros2_ws/build/pubsub_pkg/build/lib/pubsub_pkg
running install
running install_lib
creating /home/ivan/personal/robotics_ros2/basic_concepts/ros2_ws/install/pubsub_pkg/lib/python3.10/site-packages/pubsub_pkg
copying /home/ivan/personal/robotics_ros2/basic_concepts/ros2_ws/build/pubsub_pkg/build/lib/pubsub_pkg/number_subscriber.py -> /home/ivan/personal/robotics_ros2/basic_concepts/ros2_ws/install/pubsub_pkg/lib/python3.10/site-packages/pubsub_pkg
copying /home/ivan/personal/robotics_ros2/basic_concepts/ros2_ws/build/pubsub_pkg/build/lib/pubsub_pkg/publisher.py -> /home/ivan/personal/robotics_ros2/basic_concepts/ros2_ws/install/pubsub_pkg/lib/python3.10/site-packages/pubsub_pkg
copying /home/ivan/personal/robotics_ros2/basic_concepts/ros2_ws/build/pubsub_pkg/build/lib/pubsub_pkg/subscriber.py -> /home/ivan/personal/robotics_ros2/basic_concepts/ros2_ws/install/pubsub_pkg/lib/python3.10/site-packages/pubsub_pkg
copying /home/ivan/personal/robotics_ros2/basic_concepts/ros2_ws/build/pubsub_pkg/build/lib/pubsub_pkg/__init__.py -> /home/ivan/personal/robotics_ros2/basic_concepts/ros2_ws/install/pubsub_pkg/lib/python3.10/site-packages/pubsub_pkg
byte-compiling /home/ivan/personal/robotics_ros2/basic_concepts/ros2_ws/install/pubsub_pkg/lib/python3.10/site-packages/pubsub_pkg/number_subscriber.py to number_subscriber.cpython-310.pyc
byte-compiling /home/ivan/personal/robotics_ros2/basic_concepts/ros2_ws/install/pubsub_pkg/lib/python3.10/site-packages/pubsub_pkg/publisher.py to publisher.cpython-310.pyc
byte-compiling /home/ivan/personal/robotics_ros2/basic_concepts/ros2_ws/install/pubsub_pkg/lib/python3.10/site-packages/pubsub_pkg/subscriber.py to subscriber.cpython-310.pyc
byte-compiling /home/ivan/personal/robotics_ros2/basic_concepts/ros2_ws/install/pubsub_pkg/lib/python3.10/site-packages/pubsub_pkg/__init__.py to __init__.cpython-310.pyc
running install_data
creating /home/ivan/personal/robotics_ros2/basic_concepts/ros2_ws/install/pubsub_pkg/share/ament_index
creating /home/ivan/personal/robotics_ros2/basic_concepts/ros2_ws/install/pubsub_pkg/share/ament_index/resource_index
creating /home/ivan/personal/robotics_ros2/basic_concepts/ros2_ws/install/pubsub_pkg/share/ament_index/resource_index/packages
copying resource/pubsub_pkg -> /home/ivan/personal/robotics_ros2/basic_concepts/ros2_ws/install/pubsub_pkg/share/ament_index/resource_index/packages
copying package.xml -> /home/ivan/personal/robotics_ros2/basic_concepts/ros2_ws/install/pubsub_pkg/share/pubsub_pkg
running install_egg_info
Copying ../../build/pubsub_pkg/pubsub_pkg.egg-info to /home/ivan/personal/robotics_ros2/basic_concepts/ros2_ws/install/pubsub_pkg/lib/python3.10/site-packages/pubsub_pkg-0.0.0-py3.10.egg-info
running install_scripts
Installing number_publisher = pubsub_pkg.publisher:mainnumber_subscriber script to /home/ivan/personal/robotics_ros2/basic_concepts/ros2_ws/install/pubsub_pkg/lib/pubsub_pkg
writing list of installed files to '/home/ivan/personal/robotics_ros2/basic_concepts/ros2_ws/build/pubsub_pkg/install.log'
