[0.478s] Invoking command in '/home/ivan/personal/robotics_ros2/basic_concepts/ros2_ws/src/pubsub_pkg': PYTHONPATH=/home/ivan/personal/robotics_ros2/basic_concepts/ros2_ws/build/pubsub_pkg/prefix_override:/usr/lib/python3/dist-packages/colcon_core/task/python/colcon_distutils_commands:/home/ivan/personal/robotics_ros2/basic_concepts/ros2_ws/install/pubsub_pkg/lib/python3.10/site-packages:${PYTHONPATH} /usr/bin/python3 -W ignore:setup.py install is deprecated -W ignore:easy_install command is deprecated setup.py egg_info --egg-base ../../build/pubsub_pkg build --build-base /home/ivan/personal/robotics_ros2/basic_concepts/ros2_ws/build/pubsub_pkg/build install --record /home/ivan/personal/robotics_ros2/basic_concepts/ros2_ws/build/pubsub_pkg/install.log --single-version-externally-managed install_data
[0.655s] running egg_info
[0.655s] creating ../../build/pubsub_pkg/pubsub_pkg.egg-info
[0.655s] writing ../../build/pubsub_pkg/pubsub_pkg.egg-info/PKG-INFO
[0.656s] writing dependency_links to ../../build/pubsub_pkg/pubsub_pkg.egg-info/dependency_links.txt
[0.656s] writing entry points to ../../build/pubsub_pkg/pubsub_pkg.egg-info/entry_points.txt
[0.656s] writing requirements to ../../build/pubsub_pkg/pubsub_pkg.egg-info/requires.txt
[0.656s] writing top-level names to ../../build/pubsub_pkg/pubsub_pkg.egg-info/top_level.txt
[0.656s] writing manifest file '../../build/pubsub_pkg/pubsub_pkg.egg-info/SOURCES.txt'
[0.657s] reading manifest file '../../build/pubsub_pkg/pubsub_pkg.egg-info/SOURCES.txt'
[0.658s] writing manifest file '../../build/pubsub_pkg/pubsub_pkg.egg-info/SOURCES.txt'
[0.658s] running build
[0.658s] running build_py
[0.658s] creating /home/ivan/personal/robotics_ros2/basic_concepts/ros2_ws/build/pubsub_pkg/build
[0.658s] creating /home/ivan/personal/robotics_ros2/basic_concepts/ros2_ws/build/pubsub_pkg/build/lib
[0.658s] creating /home/ivan/personal/robotics_ros2/basic_concepts/ros2_ws/build/pubsub_pkg/build/lib/pubsub_pkg
[0.658s] copying pubsub_pkg/number_subscriber.py -> /home/ivan/personal/robotics_ros2/basic_concepts/ros2_ws/build/pubsub_pkg/build/lib/pubsub_pkg
[0.658s] copying pubsub_pkg/publisher.py -> /home/ivan/personal/robotics_ros2/basic_concepts/ros2_ws/build/pubsub_pkg/build/lib/pubsub_pkg
[0.659s] copying pubsub_pkg/subscriber.py -> /home/ivan/personal/robotics_ros2/basic_concepts/ros2_ws/build/pubsub_pkg/build/lib/pubsub_pkg
[0.659s] copying pubsub_pkg/__init__.py -> /home/ivan/personal/robotics_ros2/basic_concepts/ros2_ws/build/pubsub_pkg/build/lib/pubsub_pkg
[0.659s] running install
[0.659s] running install_lib
[0.659s] creating /home/ivan/personal/robotics_ros2/basic_concepts/ros2_ws/install/pubsub_pkg/lib/python3.10/site-packages/pubsub_pkg
[0.659s] copying /home/ivan/personal/robotics_ros2/basic_concepts/ros2_ws/build/pubsub_pkg/build/lib/pubsub_pkg/number_subscriber.py -> /home/ivan/personal/robotics_ros2/basic_concepts/ros2_ws/install/pubsub_pkg/lib/python3.10/site-packages/pubsub_pkg
[0.660s] copying /home/ivan/personal/robotics_ros2/basic_concepts/ros2_ws/build/pubsub_pkg/build/lib/pubsub_pkg/publisher.py -> /home/ivan/personal/robotics_ros2/basic_concepts/ros2_ws/install/pubsub_pkg/lib/python3.10/site-packages/pubsub_pkg
[0.660s] copying /home/ivan/personal/robotics_ros2/basic_concepts/ros2_ws/build/pubsub_pkg/build/lib/pubsub_pkg/subscriber.py -> /home/ivan/personal/robotics_ros2/basic_concepts/ros2_ws/install/pubsub_pkg/lib/python3.10/site-packages/pubsub_pkg
[0.660s] copying /home/ivan/personal/robotics_ros2/basic_concepts/ros2_ws/build/pubsub_pkg/build/lib/pubsub_pkg/__init__.py -> /home/ivan/personal/robotics_ros2/basic_concepts/ros2_ws/install/pubsub_pkg/lib/python3.10/site-packages/pubsub_pkg
[0.660s] byte-compiling /home/ivan/personal/robotics_ros2/basic_concepts/ros2_ws/install/pubsub_pkg/lib/python3.10/site-packages/pubsub_pkg/number_subscriber.py to number_subscriber.cpython-310.pyc
[0.660s] byte-compiling /home/ivan/personal/robotics_ros2/basic_concepts/ros2_ws/install/pubsub_pkg/lib/python3.10/site-packages/pubsub_pkg/publisher.py to publisher.cpython-310.pyc
[0.661s] byte-compiling /home/ivan/personal/robotics_ros2/basic_concepts/ros2_ws/install/pubsub_pkg/lib/python3.10/site-packages/pubsub_pkg/subscriber.py to subscriber.cpython-310.pyc
[0.661s] byte-compiling /home/ivan/personal/robotics_ros2/basic_concepts/ros2_ws/install/pubsub_pkg/lib/python3.10/site-packages/pubsub_pkg/__init__.py to __init__.cpython-310.pyc
[0.661s] running install_data
[0.661s] creating /home/ivan/personal/robotics_ros2/basic_concepts/ros2_ws/install/pubsub_pkg/share/ament_index
[0.661s] creating /home/ivan/personal/robotics_ros2/basic_concepts/ros2_ws/install/pubsub_pkg/share/ament_index/resource_index
[0.661s] creating /home/ivan/personal/robotics_ros2/basic_concepts/ros2_ws/install/pubsub_pkg/share/ament_index/resource_index/packages
[0.662s] copying resource/pubsub_pkg -> /home/ivan/personal/robotics_ros2/basic_concepts/ros2_ws/install/pubsub_pkg/share/ament_index/resource_index/packages
[0.662s] copying package.xml -> /home/ivan/personal/robotics_ros2/basic_concepts/ros2_ws/install/pubsub_pkg/share/pubsub_pkg
[0.662s] running install_egg_info
[0.664s] Copying ../../build/pubsub_pkg/pubsub_pkg.egg-info to /home/ivan/personal/robotics_ros2/basic_concepts/ros2_ws/install/pubsub_pkg/lib/python3.10/site-packages/pubsub_pkg-0.0.0-py3.10.egg-info
[0.664s] running install_scripts
[0.679s] Installing number_publisher = pubsub_pkg.publisher:mainnumber_subscriber script to /home/ivan/personal/robotics_ros2/basic_concepts/ros2_ws/install/pubsub_pkg/lib/pubsub_pkg
[0.679s] writing list of installed files to '/home/ivan/personal/robotics_ros2/basic_concepts/ros2_ws/build/pubsub_pkg/install.log'
[0.699s] Invoked command in '/home/ivan/personal/robotics_ros2/basic_concepts/ros2_ws/src/pubsub_pkg' returned '0': PYTHONPATH=/home/ivan/personal/robotics_ros2/basic_concepts/ros2_ws/build/pubsub_pkg/prefix_override:/usr/lib/python3/dist-packages/colcon_core/task/python/colcon_distutils_commands:/home/ivan/personal/robotics_ros2/basic_concepts/ros2_ws/install/pubsub_pkg/lib/python3.10/site-packages:${PYTHONPATH} /usr/bin/python3 -W ignore:setup.py install is deprecated -W ignore:easy_install command is deprecated setup.py egg_info --egg-base ../../build/pubsub_pkg build --build-base /home/ivan/personal/robotics_ros2/basic_concepts/ros2_ws/build/pubsub_pkg/build install --record /home/ivan/personal/robotics_ros2/basic_concepts/ros2_ws/build/pubsub_pkg/install.log --single-version-externally-managed install_data
