[0.035s] Invoking command in '/home/ivan/personal/robotics_ros2/basic_concepts/ros2_ws/build/pubsub_interfaces': CMAKE_PREFIX_PATH=${CMAKE_PREFIX_PATH}:/home/ivan/personal/robotics_ros2/basic_concepts/ros2_ws/install/turtle_controller:/home/ivan/personal/robotics_ros2/basic_concepts/ros2_ws/install/pubsub_custom:/home/ivan/personal/robotics_ros2/basic_concepts/ros2_ws/install/pubsub_img_pkg:/home/ivan/personal/robotics_ros2/basic_concepts/ros2_ws/install/pubsub_pkg:/opt/ros/humble /usr/bin/cmake --build /home/ivan/personal/robotics_ros2/basic_concepts/ros2_ws/build/pubsub_interfaces -- -j12 -l12
[0.536s] [  2%] Built target pubsub_interfaces__cpp
[0.536s] [ 12%] Built target pubsub_interfaces__rosidl_generator_c
[0.537s] [ 12%] Built target ament_cmake_python_copy_pubsub_interfaces
[0.537s] [ 23%] Built target pubsub_interfaces__rosidl_typesupport_fastrtps_cpp
[0.537s] [ 33%] Built target pubsub_interfaces__rosidl_typesupport_cpp
[0.537s] [ 43%] Built target pubsub_interfaces__rosidl_typesupport_introspection_cpp
[0.539s] [ 53%] Built target pubsub_interfaces__rosidl_typesupport_fastrtps_c
[0.539s] [ 64%] Built target pubsub_interfaces__rosidl_typesupport_c
[0.539s] [ 74%] Built target pubsub_interfaces__rosidl_typesupport_introspection_c
[0.539s] [ 74%] Built target pubsub_interfaces
[0.539s] [ 76%] Built target pubsub_interfaces__py
[0.540s] [ 84%] Built target pubsub_interfaces__rosidl_generator_py
[0.540s] [ 89%] Built target pubsub_interfaces__rosidl_typesupport_introspection_c__pyext
[0.540s] [ 94%] Built target pubsub_interfaces__rosidl_typesupport_c__pyext
[0.540s] [100%] Built target pubsub_interfaces__rosidl_typesupport_fastrtps_c__pyext
[0.540s] running egg_info
[0.541s] writing pubsub_interfaces.egg-info/PKG-INFO
[0.541s] writing dependency_links to pubsub_interfaces.egg-info/dependency_links.txt
[0.541s] writing top-level names to pubsub_interfaces.egg-info/top_level.txt
[0.541s] reading manifest file 'pubsub_interfaces.egg-info/SOURCES.txt'
[0.541s] writing manifest file 'pubsub_interfaces.egg-info/SOURCES.txt'
[0.607s] [100%] Built target ament_cmake_python_build_pubsub_interfaces_egg
[0.901s] Invoked command in '/home/ivan/personal/robotics_ros2/basic_concepts/ros2_ws/build/pubsub_interfaces' returned '0': CMAKE_PREFIX_PATH=${CMAKE_PREFIX_PATH}:/home/ivan/personal/robotics_ros2/basic_concepts/ros2_ws/install/turtle_controller:/home/ivan/personal/robotics_ros2/basic_concepts/ros2_ws/install/pubsub_custom:/home/ivan/personal/robotics_ros2/basic_concepts/ros2_ws/install/pubsub_img_pkg:/home/ivan/personal/robotics_ros2/basic_concepts/ros2_ws/install/pubsub_pkg:/opt/ros/humble /usr/bin/cmake --build /home/ivan/personal/robotics_ros2/basic_concepts/ros2_ws/build/pubsub_interfaces -- -j12 -l12
[0.911s] Invoking command in '/home/ivan/personal/robotics_ros2/basic_concepts/ros2_ws/build/pubsub_interfaces': CMAKE_PREFIX_PATH=${CMAKE_PREFIX_PATH}:/home/ivan/personal/robotics_ros2/basic_concepts/ros2_ws/install/turtle_controller:/home/ivan/personal/robotics_ros2/basic_concepts/ros2_ws/install/pubsub_custom:/home/ivan/personal/robotics_ros2/basic_concepts/ros2_ws/install/pubsub_img_pkg:/home/ivan/personal/robotics_ros2/basic_concepts/ros2_ws/install/pubsub_pkg:/opt/ros/humble /usr/bin/cmake --install /home/ivan/personal/robotics_ros2/basic_concepts/ros2_ws/build/pubsub_interfaces
[0.926s] -- Install configuration: ""
[0.926s] -- Up-to-date: /home/ivan/personal/robotics_ros2/basic_concepts/ros2_ws/install/pubsub_interfaces/share/ament_index/resource_index/rosidl_interfaces/pubsub_interfaces
[0.926s] -- Up-to-date: /home/ivan/personal/robotics_ros2/basic_concepts/ros2_ws/install/pubsub_interfaces/include/pubsub_interfaces/pubsub_interfaces
[0.927s] -- Up-to-date: /home/ivan/personal/robotics_ros2/basic_concepts/ros2_ws/install/pubsub_interfaces/include/pubsub_interfaces/pubsub_interfaces/msg
[0.927s] -- Up-to-date: /home/ivan/personal/robotics_ros2/basic_concepts/ros2_ws/install/pubsub_interfaces/include/pubsub_interfaces/pubsub_interfaces/msg/detail
[0.927s] -- Up-to-date: /home/ivan/personal/robotics_ros2/basic_concepts/ros2_ws/install/pubsub_interfaces/include/pubsub_interfaces/pubsub_interfaces/msg/detail/turtle_pose__struct.h
[0.928s] -- Up-to-date: /home/ivan/personal/robotics_ros2/basic_concepts/ros2_ws/install/pubsub_interfaces/include/pubsub_interfaces/pubsub_interfaces/msg/detail/turtle_pose__functions.c
[0.929s] -- Up-to-date: /home/ivan/personal/robotics_ros2/basic_concepts/ros2_ws/install/pubsub_interfaces/include/pubsub_interfaces/pubsub_interfaces/msg/detail/hardware_status__struct.h
[0.929s] -- Up-to-date: /home/ivan/personal/robotics_ros2/basic_concepts/ros2_ws/install/pubsub_interfaces/include/pubsub_interfaces/pubsub_interfaces/msg/detail/hardware_status__functions.c
[0.930s] -- Up-to-date: /home/ivan/personal/robotics_ros2/basic_concepts/ros2_ws/install/pubsub_interfaces/include/pubsub_interfaces/pubsub_interfaces/msg/detail/turtle_pose__type_support.h
[0.930s] -- Up-to-date: /home/ivan/personal/robotics_ros2/basic_concepts/ros2_ws/install/pubsub_interfaces/include/pubsub_interfaces/pubsub_interfaces/msg/detail/turtle_pose__functions.h
[0.930s] -- Up-to-date: /home/ivan/personal/robotics_ros2/basic_concepts/ros2_ws/install/pubsub_interfaces/include/pubsub_interfaces/pubsub_interfaces/msg/detail/hardware_status__functions.h
[0.931s] -- Up-to-date: /home/ivan/personal/robotics_ros2/basic_concepts/ros2_ws/install/pubsub_interfaces/include/pubsub_interfaces/pubsub_interfaces/msg/detail/hardware_status__type_support.h
[0.931s] -- Up-to-date: /home/ivan/personal/robotics_ros2/basic_concepts/ros2_ws/install/pubsub_interfaces/include/pubsub_interfaces/pubsub_interfaces/msg/turtle_pose.h
[0.931s] -- Up-to-date: /home/ivan/personal/robotics_ros2/basic_concepts/ros2_ws/install/pubsub_interfaces/include/pubsub_interfaces/pubsub_interfaces/msg/hardware_status.h
[0.931s] -- Up-to-date: /home/ivan/personal/robotics_ros2/basic_concepts/ros2_ws/install/pubsub_interfaces/include/pubsub_interfaces/pubsub_interfaces/msg/rosidl_generator_c__visibility_control.h
[0.932s] -- Up-to-date: /home/ivan/personal/robotics_ros2/basic_concepts/ros2_ws/install/pubsub_interfaces/share/pubsub_interfaces/environment/library_path.sh
[0.932s] -- Up-to-date: /home/ivan/personal/robotics_ros2/basic_concepts/ros2_ws/install/pubsub_interfaces/share/pubsub_interfaces/environment/library_path.dsv
[0.932s] -- Up-to-date: /home/ivan/personal/robotics_ros2/basic_concepts/ros2_ws/install/pubsub_interfaces/lib/libpubsub_interfaces__rosidl_generator_c.so
[0.932s] -- Up-to-date: /home/ivan/personal/robotics_ros2/basic_concepts/ros2_ws/install/pubsub_interfaces/include/pubsub_interfaces/pubsub_interfaces
[0.933s] -- Up-to-date: /home/ivan/personal/robotics_ros2/basic_concepts/ros2_ws/install/pubsub_interfaces/include/pubsub_interfaces/pubsub_interfaces/msg
[0.933s] -- Up-to-date: /home/ivan/personal/robotics_ros2/basic_concepts/ros2_ws/install/pubsub_interfaces/include/pubsub_interfaces/pubsub_interfaces/msg/rosidl_typesupport_fastrtps_c__visibility_control.h
[0.933s] -- Up-to-date: /home/ivan/personal/robotics_ros2/basic_concepts/ros2_ws/install/pubsub_interfaces/include/pubsub_interfaces/pubsub_interfaces/msg/detail
[0.934s] -- Up-to-date: /home/ivan/personal/robotics_ros2/basic_concepts/ros2_ws/install/pubsub_interfaces/include/pubsub_interfaces/pubsub_interfaces/msg/detail/turtle_pose__rosidl_typesupport_fastrtps_c.h
[0.934s] -- Up-to-date: /home/ivan/personal/robotics_ros2/basic_concepts/ros2_ws/install/pubsub_interfaces/include/pubsub_interfaces/pubsub_interfaces/msg/detail/hardware_status__rosidl_typesupport_fastrtps_c.h
[0.934s] -- Up-to-date: /home/ivan/personal/robotics_ros2/basic_concepts/ros2_ws/install/pubsub_interfaces/lib/libpubsub_interfaces__rosidl_typesupport_fastrtps_c.so
[0.934s] -- Up-to-date: /home/ivan/personal/robotics_ros2/basic_concepts/ros2_ws/install/pubsub_interfaces/include/pubsub_interfaces/pubsub_interfaces
[0.934s] -- Up-to-date: /home/ivan/personal/robotics_ros2/basic_concepts/ros2_ws/install/pubsub_interfaces/include/pubsub_interfaces/pubsub_interfaces/msg
[0.934s] -- Up-to-date: /home/ivan/personal/robotics_ros2/basic_concepts/ros2_ws/install/pubsub_interfaces/include/pubsub_interfaces/pubsub_interfaces/msg/detail
[0.935s] -- Up-to-date: /home/ivan/personal/robotics_ros2/basic_concepts/ros2_ws/install/pubsub_interfaces/include/pubsub_interfaces/pubsub_interfaces/msg/detail/hardware_status__type_support.c
[0.935s] -- Up-to-date: /home/ivan/personal/robotics_ros2/basic_concepts/ros2_ws/install/pubsub_interfaces/include/pubsub_interfaces/pubsub_interfaces/msg/detail/turtle_pose__type_support.c
[0.936s] -- Up-to-date: /home/ivan/personal/robotics_ros2/basic_concepts/ros2_ws/install/pubsub_interfaces/include/pubsub_interfaces/pubsub_interfaces/msg/detail/turtle_pose__rosidl_typesupport_introspection_c.h
[0.936s] -- Up-to-date: /home/ivan/personal/robotics_ros2/basic_concepts/ros2_ws/install/pubsub_interfaces/include/pubsub_interfaces/pubsub_interfaces/msg/detail/hardware_status__rosidl_typesupport_introspection_c.h
[0.937s] -- Up-to-date: /home/ivan/personal/robotics_ros2/basic_concepts/ros2_ws/install/pubsub_interfaces/include/pubsub_interfaces/pubsub_interfaces/msg/rosidl_typesupport_introspection_c__visibility_control.h
[0.938s] -- Up-to-date: /home/ivan/personal/robotics_ros2/basic_concepts/ros2_ws/install/pubsub_interfaces/lib/libpubsub_interfaces__rosidl_typesupport_introspection_c.so
[0.938s] -- Up-to-date: /home/ivan/personal/robotics_ros2/basic_concepts/ros2_ws/install/pubsub_interfaces/lib/libpubsub_interfaces__rosidl_typesupport_c.so
[0.938s] -- Up-to-date: /home/ivan/personal/robotics_ros2/basic_concepts/ros2_ws/install/pubsub_interfaces/include/pubsub_interfaces/pubsub_interfaces
[0.938s] -- Up-to-date: /home/ivan/personal/robotics_ros2/basic_concepts/ros2_ws/install/pubsub_interfaces/include/pubsub_interfaces/pubsub_interfaces/msg
[0.938s] -- Up-to-date: /home/ivan/personal/robotics_ros2/basic_concepts/ros2_ws/install/pubsub_interfaces/include/pubsub_interfaces/pubsub_interfaces/msg/detail
[0.939s] -- Up-to-date: /home/ivan/personal/robotics_ros2/basic_concepts/ros2_ws/install/pubsub_interfaces/include/pubsub_interfaces/pubsub_interfaces/msg/detail/hardware_status__traits.hpp
[0.939s] -- Up-to-date: /home/ivan/personal/robotics_ros2/basic_concepts/ros2_ws/install/pubsub_interfaces/include/pubsub_interfaces/pubsub_interfaces/msg/detail/hardware_status__builder.hpp
[0.939s] -- Up-to-date: /home/ivan/personal/robotics_ros2/basic_concepts/ros2_ws/install/pubsub_interfaces/include/pubsub_interfaces/pubsub_interfaces/msg/detail/hardware_status__struct.hpp
[0.939s] -- Up-to-date: /home/ivan/personal/robotics_ros2/basic_concepts/ros2_ws/install/pubsub_interfaces/include/pubsub_interfaces/pubsub_interfaces/msg/detail/turtle_pose__traits.hpp
[0.940s] -- Up-to-date: /home/ivan/personal/robotics_ros2/basic_concepts/ros2_ws/install/pubsub_interfaces/include/pubsub_interfaces/pubsub_interfaces/msg/detail/turtle_pose__type_support.hpp
[0.940s] -- Up-to-date: /home/ivan/personal/robotics_ros2/basic_concepts/ros2_ws/install/pubsub_interfaces/include/pubsub_interfaces/pubsub_interfaces/msg/detail/turtle_pose__builder.hpp
[0.940s] -- Up-to-date: /home/ivan/personal/robotics_ros2/basic_concepts/ros2_ws/install/pubsub_interfaces/include/pubsub_interfaces/pubsub_interfaces/msg/detail/turtle_pose__struct.hpp
[0.941s] -- Up-to-date: /home/ivan/personal/robotics_ros2/basic_concepts/ros2_ws/install/pubsub_interfaces/include/pubsub_interfaces/pubsub_interfaces/msg/detail/hardware_status__type_support.hpp
[0.941s] -- Up-to-date: /home/ivan/personal/robotics_ros2/basic_concepts/ros2_ws/install/pubsub_interfaces/include/pubsub_interfaces/pubsub_interfaces/msg/turtle_pose.hpp
[0.941s] -- Up-to-date: /home/ivan/personal/robotics_ros2/basic_concepts/ros2_ws/install/pubsub_interfaces/include/pubsub_interfaces/pubsub_interfaces/msg/rosidl_generator_cpp__visibility_control.hpp
[0.941s] -- Up-to-date: /home/ivan/personal/robotics_ros2/basic_concepts/ros2_ws/install/pubsub_interfaces/include/pubsub_interfaces/pubsub_interfaces/msg/hardware_status.hpp
[0.941s] -- Up-to-date: /home/ivan/personal/robotics_ros2/basic_concepts/ros2_ws/install/pubsub_interfaces/include/pubsub_interfaces/pubsub_interfaces
[0.941s] -- Up-to-date: /home/ivan/personal/robotics_ros2/basic_concepts/ros2_ws/install/pubsub_interfaces/include/pubsub_interfaces/pubsub_interfaces/msg
[0.941s] -- Up-to-date: /home/ivan/personal/robotics_ros2/basic_concepts/ros2_ws/install/pubsub_interfaces/include/pubsub_interfaces/pubsub_interfaces/msg/rosidl_typesupport_fastrtps_cpp__visibility_control.h
[0.942s] -- Up-to-date: /home/ivan/personal/robotics_ros2/basic_concepts/ros2_ws/install/pubsub_interfaces/include/pubsub_interfaces/pubsub_interfaces/msg/detail
[0.942s] -- Up-to-date: /home/ivan/personal/robotics_ros2/basic_concepts/ros2_ws/install/pubsub_interfaces/include/pubsub_interfaces/pubsub_interfaces/msg/detail/dds_fastrtps
[0.942s] -- Up-to-date: /home/ivan/personal/robotics_ros2/basic_concepts/ros2_ws/install/pubsub_interfaces/include/pubsub_interfaces/pubsub_interfaces/msg/detail/hardware_status__rosidl_typesupport_fastrtps_cpp.hpp
[0.942s] -- Up-to-date: /home/ivan/personal/robotics_ros2/basic_concepts/ros2_ws/install/pubsub_interfaces/include/pubsub_interfaces/pubsub_interfaces/msg/detail/turtle_pose__rosidl_typesupport_fastrtps_cpp.hpp
[0.942s] -- Up-to-date: /home/ivan/personal/robotics_ros2/basic_concepts/ros2_ws/install/pubsub_interfaces/lib/libpubsub_interfaces__rosidl_typesupport_fastrtps_cpp.so
[0.942s] -- Up-to-date: /home/ivan/personal/robotics_ros2/basic_concepts/ros2_ws/install/pubsub_interfaces/include/pubsub_interfaces/pubsub_interfaces
[0.943s] -- Up-to-date: /home/ivan/personal/robotics_ros2/basic_concepts/ros2_ws/install/pubsub_interfaces/include/pubsub_interfaces/pubsub_interfaces/msg
[0.943s] -- Up-to-date: /home/ivan/personal/robotics_ros2/basic_concepts/ros2_ws/install/pubsub_interfaces/include/pubsub_interfaces/pubsub_interfaces/msg/detail
[0.943s] -- Up-to-date: /home/ivan/personal/robotics_ros2/basic_concepts/ros2_ws/install/pubsub_interfaces/include/pubsub_interfaces/pubsub_interfaces/msg/detail/hardware_status__type_support.cpp
[0.943s] -- Up-to-date: /home/ivan/personal/robotics_ros2/basic_concepts/ros2_ws/install/pubsub_interfaces/include/pubsub_interfaces/pubsub_interfaces/msg/detail/hardware_status__rosidl_typesupport_introspection_cpp.hpp
[0.943s] -- Up-to-date: /home/ivan/personal/robotics_ros2/basic_concepts/ros2_ws/install/pubsub_interfaces/include/pubsub_interfaces/pubsub_interfaces/msg/detail/turtle_pose__rosidl_typesupport_introspection_cpp.hpp
[0.943s] -- Up-to-date: /home/ivan/personal/robotics_ros2/basic_concepts/ros2_ws/install/pubsub_interfaces/include/pubsub_interfaces/pubsub_interfaces/msg/detail/turtle_pose__type_support.cpp
[0.944s] -- Up-to-date: /home/ivan/personal/robotics_ros2/basic_concepts/ros2_ws/install/pubsub_interfaces/lib/libpubsub_interfaces__rosidl_typesupport_introspection_cpp.so
[0.944s] -- Up-to-date: /home/ivan/personal/robotics_ros2/basic_concepts/ros2_ws/install/pubsub_interfaces/lib/libpubsub_interfaces__rosidl_typesupport_cpp.so
[0.944s] -- Up-to-date: /home/ivan/personal/robotics_ros2/basic_concepts/ros2_ws/install/pubsub_interfaces/share/pubsub_interfaces/environment/pythonpath.sh
[0.944s] -- Up-to-date: /home/ivan/personal/robotics_ros2/basic_concepts/ros2_ws/install/pubsub_interfaces/share/pubsub_interfaces/environment/pythonpath.dsv
[0.944s] -- Up-to-date: /home/ivan/personal/robotics_ros2/basic_concepts/ros2_ws/install/pubsub_interfaces/local/lib/python3.10/dist-packages/pubsub_interfaces-0.0.0-py3.10.egg-info
[0.944s] -- Installing: /home/ivan/personal/robotics_ros2/basic_concepts/ros2_ws/install/pubsub_interfaces/local/lib/python3.10/dist-packages/pubsub_interfaces-0.0.0-py3.10.egg-info/top_level.txt
[0.944s] -- Installing: /home/ivan/personal/robotics_ros2/basic_concepts/ros2_ws/install/pubsub_interfaces/local/lib/python3.10/dist-packages/pubsub_interfaces-0.0.0-py3.10.egg-info/dependency_links.txt
[0.944s] -- Installing: /home/ivan/personal/robotics_ros2/basic_concepts/ros2_ws/install/pubsub_interfaces/local/lib/python3.10/dist-packages/pubsub_interfaces-0.0.0-py3.10.egg-info/PKG-INFO
[0.945s] -- Installing: /home/ivan/personal/robotics_ros2/basic_concepts/ros2_ws/install/pubsub_interfaces/local/lib/python3.10/dist-packages/pubsub_interfaces-0.0.0-py3.10.egg-info/SOURCES.txt
[0.945s] -- Up-to-date: /home/ivan/personal/robotics_ros2/basic_concepts/ros2_ws/install/pubsub_interfaces/local/lib/python3.10/dist-packages/pubsub_interfaces
[0.945s] -- Up-to-date: /home/ivan/personal/robotics_ros2/basic_concepts/ros2_ws/install/pubsub_interfaces/local/lib/python3.10/dist-packages/pubsub_interfaces/pubsub_interfaces_s__rosidl_typesupport_c.cpython-310-x86_64-linux-gnu.so
[0.945s] -- Up-to-date: /home/ivan/personal/robotics_ros2/basic_concepts/ros2_ws/install/pubsub_interfaces/local/lib/python3.10/dist-packages/pubsub_interfaces/_pubsub_interfaces_s.ep.rosidl_typesupport_c.c
[0.946s] -- Up-to-date: /home/ivan/personal/robotics_ros2/basic_concepts/ros2_ws/install/pubsub_interfaces/local/lib/python3.10/dist-packages/pubsub_interfaces/libpubsub_interfaces__rosidl_generator_py.so
[0.946s] -- Up-to-date: /home/ivan/personal/robotics_ros2/basic_concepts/ros2_ws/install/pubsub_interfaces/local/lib/python3.10/dist-packages/pubsub_interfaces/_pubsub_interfaces_s.ep.rosidl_typesupport_introspection_c.c
[0.946s] -- Up-to-date: /home/ivan/personal/robotics_ros2/basic_concepts/ros2_ws/install/pubsub_interfaces/local/lib/python3.10/dist-packages/pubsub_interfaces/_pubsub_interfaces_s.ep.rosidl_typesupport_fastrtps_c.c
[0.946s] -- Up-to-date: /home/ivan/personal/robotics_ros2/basic_concepts/ros2_ws/install/pubsub_interfaces/local/lib/python3.10/dist-packages/pubsub_interfaces/pubsub_interfaces_s__rosidl_typesupport_fastrtps_c.cpython-310-x86_64-linux-gnu.so
[0.946s] -- Up-to-date: /home/ivan/personal/robotics_ros2/basic_concepts/ros2_ws/install/pubsub_interfaces/local/lib/python3.10/dist-packages/pubsub_interfaces/msg
[0.946s] -- Up-to-date: /home/ivan/personal/robotics_ros2/basic_concepts/ros2_ws/install/pubsub_interfaces/local/lib/python3.10/dist-packages/pubsub_interfaces/msg/_turtle_pose_s.c
[0.946s] -- Up-to-date: /home/ivan/personal/robotics_ros2/basic_concepts/ros2_ws/install/pubsub_interfaces/local/lib/python3.10/dist-packages/pubsub_interfaces/msg/_turtle_pose.py
[0.947s] -- Up-to-date: /home/ivan/personal/robotics_ros2/basic_concepts/ros2_ws/install/pubsub_interfaces/local/lib/python3.10/dist-packages/pubsub_interfaces/msg/_hardware_status.py
[0.947s] -- Up-to-date: /home/ivan/personal/robotics_ros2/basic_concepts/ros2_ws/install/pubsub_interfaces/local/lib/python3.10/dist-packages/pubsub_interfaces/msg/_hardware_status_s.c
[0.947s] -- Up-to-date: /home/ivan/personal/robotics_ros2/basic_concepts/ros2_ws/install/pubsub_interfaces/local/lib/python3.10/dist-packages/pubsub_interfaces/msg/__init__.py
[0.947s] -- Up-to-date: /home/ivan/personal/robotics_ros2/basic_concepts/ros2_ws/install/pubsub_interfaces/local/lib/python3.10/dist-packages/pubsub_interfaces/pubsub_interfaces_s__rosidl_typesupport_introspection_c.cpython-310-x86_64-linux-gnu.so
[0.947s] -- Up-to-date: /home/ivan/personal/robotics_ros2/basic_concepts/ros2_ws/install/pubsub_interfaces/local/lib/python3.10/dist-packages/pubsub_interfaces/__init__.py
[0.988s] Listing '/home/ivan/personal/robotics_ros2/basic_concepts/ros2_ws/install/pubsub_interfaces/local/lib/python3.10/dist-packages/pubsub_interfaces'...
[0.988s] Listing '/home/ivan/personal/robotics_ros2/basic_concepts/ros2_ws/install/pubsub_interfaces/local/lib/python3.10/dist-packages/pubsub_interfaces/msg'...
[0.998s] -- Up-to-date: /home/ivan/personal/robotics_ros2/basic_concepts/ros2_ws/install/pubsub_interfaces/local/lib/python3.10/dist-packages/pubsub_interfaces/pubsub_interfaces_s__rosidl_typesupport_fastrtps_c.cpython-310-x86_64-linux-gnu.so
[0.998s] -- Up-to-date: /home/ivan/personal/robotics_ros2/basic_concepts/ros2_ws/install/pubsub_interfaces/local/lib/python3.10/dist-packages/pubsub_interfaces/pubsub_interfaces_s__rosidl_typesupport_introspection_c.cpython-310-x86_64-linux-gnu.so
[0.998s] -- Up-to-date: /home/ivan/personal/robotics_ros2/basic_concepts/ros2_ws/install/pubsub_interfaces/local/lib/python3.10/dist-packages/pubsub_interfaces/pubsub_interfaces_s__rosidl_typesupport_c.cpython-310-x86_64-linux-gnu.so
[0.999s] -- Up-to-date: /home/ivan/personal/robotics_ros2/basic_concepts/ros2_ws/install/pubsub_interfaces/lib/libpubsub_interfaces__rosidl_generator_py.so
[1.001s] -- Up-to-date: /home/ivan/personal/robotics_ros2/basic_concepts/ros2_ws/install/pubsub_interfaces/share/pubsub_interfaces/msg/HardwareStatus.idl
[1.002s] -- Up-to-date: /home/ivan/personal/robotics_ros2/basic_concepts/ros2_ws/install/pubsub_interfaces/share/pubsub_interfaces/msg/TurtlePose.idl
[1.003s] -- Up-to-date: /home/ivan/personal/robotics_ros2/basic_concepts/ros2_ws/install/pubsub_interfaces/share/pubsub_interfaces/msg/HardwareStatus.msg
[1.003s] -- Up-to-date: /home/ivan/personal/robotics_ros2/basic_concepts/ros2_ws/install/pubsub_interfaces/share/pubsub_interfaces/msg/TurtlePose.msg
[1.003s] -- Up-to-date: /home/ivan/personal/robotics_ros2/basic_concepts/ros2_ws/install/pubsub_interfaces/share/ament_index/resource_index/package_run_dependencies/pubsub_interfaces
[1.003s] -- Up-to-date: /home/ivan/personal/robotics_ros2/basic_concepts/ros2_ws/install/pubsub_interfaces/share/ament_index/resource_index/parent_prefix_path/pubsub_interfaces
[1.003s] -- Up-to-date: /home/ivan/personal/robotics_ros2/basic_concepts/ros2_ws/install/pubsub_interfaces/share/pubsub_interfaces/environment/ament_prefix_path.sh
[1.003s] -- Up-to-date: /home/ivan/personal/robotics_ros2/basic_concepts/ros2_ws/install/pubsub_interfaces/share/pubsub_interfaces/environment/ament_prefix_path.dsv
[1.004s] -- Up-to-date: /home/ivan/personal/robotics_ros2/basic_concepts/ros2_ws/install/pubsub_interfaces/share/pubsub_interfaces/environment/path.sh
[1.004s] -- Up-to-date: /home/ivan/personal/robotics_ros2/basic_concepts/ros2_ws/install/pubsub_interfaces/share/pubsub_interfaces/environment/path.dsv
[1.004s] -- Up-to-date: /home/ivan/personal/robotics_ros2/basic_concepts/ros2_ws/install/pubsub_interfaces/share/pubsub_interfaces/local_setup.bash
[1.004s] -- Up-to-date: /home/ivan/personal/robotics_ros2/basic_concepts/ros2_ws/install/pubsub_interfaces/share/pubsub_interfaces/local_setup.sh
[1.004s] -- Up-to-date: /home/ivan/personal/robotics_ros2/basic_concepts/ros2_ws/install/pubsub_interfaces/share/pubsub_interfaces/local_setup.zsh
[1.004s] -- Up-to-date: /home/ivan/personal/robotics_ros2/basic_concepts/ros2_ws/install/pubsub_interfaces/share/pubsub_interfaces/local_setup.dsv
[1.004s] -- Installing: /home/ivan/personal/robotics_ros2/basic_concepts/ros2_ws/install/pubsub_interfaces/share/pubsub_interfaces/package.dsv
[1.004s] -- Up-to-date: /home/ivan/personal/robotics_ros2/basic_concepts/ros2_ws/install/pubsub_interfaces/share/ament_index/resource_index/packages/pubsub_interfaces
[1.004s] -- Up-to-date: /home/ivan/personal/robotics_ros2/basic_concepts/ros2_ws/install/pubsub_interfaces/share/pubsub_interfaces/cmake/export_pubsub_interfaces__rosidl_generator_cExport.cmake
[1.004s] -- Up-to-date: /home/ivan/personal/robotics_ros2/basic_concepts/ros2_ws/install/pubsub_interfaces/share/pubsub_interfaces/cmake/export_pubsub_interfaces__rosidl_generator_cExport-noconfig.cmake
[1.004s] -- Up-to-date: /home/ivan/personal/robotics_ros2/basic_concepts/ros2_ws/install/pubsub_interfaces/share/pubsub_interfaces/cmake/export_pubsub_interfaces__rosidl_typesupport_fastrtps_cExport.cmake
[1.004s] -- Up-to-date: /home/ivan/personal/robotics_ros2/basic_concepts/ros2_ws/install/pubsub_interfaces/share/pubsub_interfaces/cmake/export_pubsub_interfaces__rosidl_typesupport_fastrtps_cExport-noconfig.cmake
[1.004s] -- Up-to-date: /home/ivan/personal/robotics_ros2/basic_concepts/ros2_ws/install/pubsub_interfaces/share/pubsub_interfaces/cmake/pubsub_interfaces__rosidl_typesupport_introspection_cExport.cmake
[1.004s] -- Up-to-date: /home/ivan/personal/robotics_ros2/basic_concepts/ros2_ws/install/pubsub_interfaces/share/pubsub_interfaces/cmake/pubsub_interfaces__rosidl_typesupport_introspection_cExport-noconfig.cmake
[1.004s] -- Up-to-date: /home/ivan/personal/robotics_ros2/basic_concepts/ros2_ws/install/pubsub_interfaces/share/pubsub_interfaces/cmake/pubsub_interfaces__rosidl_typesupport_cExport.cmake
[1.005s] -- Up-to-date: /home/ivan/personal/robotics_ros2/basic_concepts/ros2_ws/install/pubsub_interfaces/share/pubsub_interfaces/cmake/pubsub_interfaces__rosidl_typesupport_cExport-noconfig.cmake
[1.005s] -- Up-to-date: /home/ivan/personal/robotics_ros2/basic_concepts/ros2_ws/install/pubsub_interfaces/share/pubsub_interfaces/cmake/export_pubsub_interfaces__rosidl_generator_cppExport.cmake
[1.005s] -- Up-to-date: /home/ivan/personal/robotics_ros2/basic_concepts/ros2_ws/install/pubsub_interfaces/share/pubsub_interfaces/cmake/export_pubsub_interfaces__rosidl_typesupport_fastrtps_cppExport.cmake
[1.008s] -- Up-to-date: /home/ivan/personal/robotics_ros2/basic_concepts/ros2_ws/install/pubsub_interfaces/share/pubsub_interfaces/cmake/export_pubsub_interfaces__rosidl_typesupport_fastrtps_cppExport-noconfig.cmake
[1.009s] -- Up-to-date: /home/ivan/personal/robotics_ros2/basic_concepts/ros2_ws/install/pubsub_interfaces/share/pubsub_interfaces/cmake/pubsub_interfaces__rosidl_typesupport_introspection_cppExport.cmake
[1.009s] -- Up-to-date: /home/ivan/personal/robotics_ros2/basic_concepts/ros2_ws/install/pubsub_interfaces/share/pubsub_interfaces/cmake/pubsub_interfaces__rosidl_typesupport_introspection_cppExport-noconfig.cmake
[1.009s] -- Up-to-date: /home/ivan/personal/robotics_ros2/basic_concepts/ros2_ws/install/pubsub_interfaces/share/pubsub_interfaces/cmake/pubsub_interfaces__rosidl_typesupport_cppExport.cmake
[1.010s] -- Up-to-date: /home/ivan/personal/robotics_ros2/basic_concepts/ros2_ws/install/pubsub_interfaces/share/pubsub_interfaces/cmake/pubsub_interfaces__rosidl_typesupport_cppExport-noconfig.cmake
[1.011s] -- Up-to-date: /home/ivan/personal/robotics_ros2/basic_concepts/ros2_ws/install/pubsub_interfaces/share/pubsub_interfaces/cmake/export_pubsub_interfaces__rosidl_generator_pyExport.cmake
[1.017s] -- Up-to-date: /home/ivan/personal/robotics_ros2/basic_concepts/ros2_ws/install/pubsub_interfaces/share/pubsub_interfaces/cmake/export_pubsub_interfaces__rosidl_generator_pyExport-noconfig.cmake
[1.020s] -- Up-to-date: /home/ivan/personal/robotics_ros2/basic_concepts/ros2_ws/install/pubsub_interfaces/share/pubsub_interfaces/cmake/rosidl_cmake-extras.cmake
[1.020s] -- Up-to-date: /home/ivan/personal/robotics_ros2/basic_concepts/ros2_ws/install/pubsub_interfaces/share/pubsub_interfaces/cmake/ament_cmake_export_include_directories-extras.cmake
[1.020s] -- Up-to-date: /home/ivan/personal/robotics_ros2/basic_concepts/ros2_ws/install/pubsub_interfaces/share/pubsub_interfaces/cmake/ament_cmake_export_libraries-extras.cmake
[1.021s] -- Up-to-date: /home/ivan/personal/robotics_ros2/basic_concepts/ros2_ws/install/pubsub_interfaces/share/pubsub_interfaces/cmake/ament_cmake_export_targets-extras.cmake
[1.021s] -- Up-to-date: /home/ivan/personal/robotics_ros2/basic_concepts/ros2_ws/install/pubsub_interfaces/share/pubsub_interfaces/cmake/rosidl_cmake_export_typesupport_targets-extras.cmake
[1.022s] -- Up-to-date: /home/ivan/personal/robotics_ros2/basic_concepts/ros2_ws/install/pubsub_interfaces/share/pubsub_interfaces/cmake/ament_cmake_export_dependencies-extras.cmake
[1.023s] -- Up-to-date: /home/ivan/personal/robotics_ros2/basic_concepts/ros2_ws/install/pubsub_interfaces/share/pubsub_interfaces/cmake/rosidl_cmake_export_typesupport_libraries-extras.cmake
[1.023s] -- Up-to-date: /home/ivan/personal/robotics_ros2/basic_concepts/ros2_ws/install/pubsub_interfaces/share/pubsub_interfaces/cmake/pubsub_interfacesConfig.cmake
[1.024s] -- Up-to-date: /home/ivan/personal/robotics_ros2/basic_concepts/ros2_ws/install/pubsub_interfaces/share/pubsub_interfaces/cmake/pubsub_interfacesConfig-version.cmake
[1.024s] -- Up-to-date: /home/ivan/personal/robotics_ros2/basic_concepts/ros2_ws/install/pubsub_interfaces/share/pubsub_interfaces/package.xml
[1.025s] Invoked command in '/home/ivan/personal/robotics_ros2/basic_concepts/ros2_ws/build/pubsub_interfaces' returned '0': CMAKE_PREFIX_PATH=${CMAKE_PREFIX_PATH}:/home/ivan/personal/robotics_ros2/basic_concepts/ros2_ws/install/turtle_controller:/home/ivan/personal/robotics_ros2/basic_concepts/ros2_ws/install/pubsub_custom:/home/ivan/personal/robotics_ros2/basic_concepts/ros2_ws/install/pubsub_img_pkg:/home/ivan/personal/robotics_ros2/basic_concepts/ros2_ws/install/pubsub_pkg:/opt/ros/humble /usr/bin/cmake --install /home/ivan/personal/robotics_ros2/basic_concepts/ros2_ws/build/pubsub_interfaces
