[1.431s] Invoking command in '/home/ivan/personal/robotics_ros2/basic_concepts/ros2_ws/src/pubsub_pkg': PYTHONPATH=/home/ivan/personal/robotics_ros2/basic_concepts/ros2_ws/build/pubsub_pkg/prefix_override:/usr/lib/python3/dist-packages/colcon_core/task/python/colcon_distutils_commands:/home/ivan/personal/robotics_ros2/basic_concepts/ros2_ws/install/pubsub_pkg/lib/python3.10/site-packages:${PYTHONPATH} /usr/bin/python3 -W ignore:setup.py install is deprecated -W ignore:easy_install command is deprecated setup.py egg_info --egg-base ../../build/pubsub_pkg build --build-base /home/ivan/personal/robotics_ros2/basic_concepts/ros2_ws/build/pubsub_pkg/build install --record /home/ivan/personal/robotics_ros2/basic_concepts/ros2_ws/build/pubsub_pkg/install.log --single-version-externally-managed install_data
[1.761s] running egg_info
[1.762s] writing ../../build/pubsub_pkg/pubsub_pkg.egg-info/PKG-INFO
[1.762s] writing dependency_links to ../../build/pubsub_pkg/pubsub_pkg.egg-info/dependency_links.txt
[1.763s] writing entry points to ../../build/pubsub_pkg/pubsub_pkg.egg-info/entry_points.txt
[1.763s] writing requirements to ../../build/pubsub_pkg/pubsub_pkg.egg-info/requires.txt
[1.763s] writing top-level names to ../../build/pubsub_pkg/pubsub_pkg.egg-info/top_level.txt
[1.765s] reading manifest file '../../build/pubsub_pkg/pubsub_pkg.egg-info/SOURCES.txt'
[1.766s] writing manifest file '../../build/pubsub_pkg/pubsub_pkg.egg-info/SOURCES.txt'
[1.767s] running build
[1.767s] running build_py
[1.768s] running install
[1.769s] running install_lib
[1.770s] running install_data
[1.771s] running install_egg_info
[1.773s] removing '/home/ivan/personal/robotics_ros2/basic_concepts/ros2_ws/install/pubsub_pkg/lib/python3.10/site-packages/pubsub_pkg-0.0.0-py3.10.egg-info' (and everything under it)
[1.773s] Copying ../../build/pubsub_pkg/pubsub_pkg.egg-info to /home/ivan/personal/robotics_ros2/basic_concepts/ros2_ws/install/pubsub_pkg/lib/python3.10/site-packages/pubsub_pkg-0.0.0-py3.10.egg-info
[1.775s] running install_scripts
[1.816s] Installing number_publisher script to /home/ivan/personal/robotics_ros2/basic_concepts/ros2_ws/install/pubsub_pkg/lib/pubsub_pkg
[1.816s] Installing number_subscriber script to /home/ivan/personal/robotics_ros2/basic_concepts/ros2_ws/install/pubsub_pkg/lib/pubsub_pkg
[1.817s] writing list of installed files to '/home/ivan/personal/robotics_ros2/basic_concepts/ros2_ws/build/pubsub_pkg/install.log'
[1.862s] Invoked command in '/home/ivan/personal/robotics_ros2/basic_concepts/ros2_ws/src/pubsub_pkg' returned '0': PYTHONPATH=/home/ivan/personal/robotics_ros2/basic_concepts/ros2_ws/build/pubsub_pkg/prefix_override:/usr/lib/python3/dist-packages/colcon_core/task/python/colcon_distutils_commands:/home/ivan/personal/robotics_ros2/basic_concepts/ros2_ws/install/pubsub_pkg/lib/python3.10/site-packages:${PYTHONPATH} /usr/bin/python3 -W ignore:setup.py install is deprecated -W ignore:easy_install command is deprecated setup.py egg_info --egg-base ../../build/pubsub_pkg build --build-base /home/ivan/personal/robotics_ros2/basic_concepts/ros2_ws/build/pubsub_pkg/build install --record /home/ivan/personal/robotics_ros2/basic_concepts/ros2_ws/build/pubsub_pkg/install.log --single-version-externally-managed install_data
