[0.841s] Invoking command in '/home/ivan/personal/robotics_ros2/robotics_programming/src/yolo_object_detector': PYTHONPATH=/home/ivan/personal/robotics_ros2/robotics_programming/build/yolo_object_detector/prefix_override:/usr/lib/python3/dist-packages/colcon_core/task/python/colcon_distutils_commands:/home/ivan/personal/robotics_ros2/robotics_programming/install/yolo_object_detector/lib/python3.10/site-packages:${PYTHONPATH} /usr/bin/python3 -W ignore:setup.py install is deprecated -W ignore:easy_install command is deprecated setup.py egg_info --egg-base ../../build/yolo_object_detector build --build-base /home/ivan/personal/robotics_ros2/robotics_programming/build/yolo_object_detector/build install --record /home/ivan/personal/robotics_ros2/robotics_programming/build/yolo_object_detector/install.log --single-version-externally-managed install_data
[1.014s] running egg_info
[1.015s] writing ../../build/yolo_object_detector/yolo_object_detector.egg-info/PKG-INFO
[1.015s] writing dependency_links to ../../build/yolo_object_detector/yolo_object_detector.egg-info/dependency_links.txt
[1.015s] writing entry points to ../../build/yolo_object_detector/yolo_object_detector.egg-info/entry_points.txt
[1.016s] writing requirements to ../../build/yolo_object_detector/yolo_object_detector.egg-info/requires.txt
[1.016s] writing top-level names to ../../build/yolo_object_detector/yolo_object_detector.egg-info/top_level.txt
[1.017s] reading manifest file '../../build/yolo_object_detector/yolo_object_detector.egg-info/SOURCES.txt'
[1.018s] writing manifest file '../../build/yolo_object_detector/yolo_object_detector.egg-info/SOURCES.txt'
[1.018s] running build
[1.018s] running build_py
[1.018s] copying yolo_object_detector/yolo.py -> /home/ivan/personal/robotics_ros2/robotics_programming/build/yolo_object_detector/build/lib/yolo_object_detector
[1.018s] running install
[1.019s] running install_lib
[1.019s] copying /home/ivan/personal/robotics_ros2/robotics_programming/build/yolo_object_detector/build/lib/yolo_object_detector/yolo.py -> /home/ivan/personal/robotics_ros2/robotics_programming/install/yolo_object_detector/lib/python3.10/site-packages/yolo_object_detector
[1.019s] byte-compiling /home/ivan/personal/robotics_ros2/robotics_programming/install/yolo_object_detector/lib/python3.10/site-packages/yolo_object_detector/yolo.py to yolo.cpython-310.pyc
[1.020s] running install_data
[1.020s] running install_egg_info
[1.022s] removing '/home/ivan/personal/robotics_ros2/robotics_programming/install/yolo_object_detector/lib/python3.10/site-packages/yolo_object_detector-0.0.0-py3.10.egg-info' (and everything under it)
[1.022s] Copying ../../build/yolo_object_detector/yolo_object_detector.egg-info to /home/ivan/personal/robotics_ros2/robotics_programming/install/yolo_object_detector/lib/python3.10/site-packages/yolo_object_detector-0.0.0-py3.10.egg-info
[1.023s] running install_scripts
[1.047s] Installing yolo_object_detector script to /home/ivan/personal/robotics_ros2/robotics_programming/install/yolo_object_detector/lib/yolo_object_detector
[1.047s] writing list of installed files to '/home/ivan/personal/robotics_ros2/robotics_programming/build/yolo_object_detector/install.log'
[1.072s] Invoked command in '/home/ivan/personal/robotics_ros2/robotics_programming/src/yolo_object_detector' returned '0': PYTHONPATH=/home/ivan/personal/robotics_ros2/robotics_programming/build/yolo_object_detector/prefix_override:/usr/lib/python3/dist-packages/colcon_core/task/python/colcon_distutils_commands:/home/ivan/personal/robotics_ros2/robotics_programming/install/yolo_object_detector/lib/python3.10/site-packages:${PYTHONPATH} /usr/bin/python3 -W ignore:setup.py install is deprecated -W ignore:easy_install command is deprecated setup.py egg_info --egg-base ../../build/yolo_object_detector build --build-base /home/ivan/personal/robotics_ros2/robotics_programming/build/yolo_object_detector/build install --record /home/ivan/personal/robotics_ros2/robotics_programming/build/yolo_object_detector/install.log --single-version-externally-managed install_data
