running egg_info
creating ../../build/pubsub_custom/pubsub_custom.egg-info
writing ../../build/pubsub_custom/pubsub_custom.egg-info/PKG-INFO
writing dependency_links to ../../build/pubsub_custom/pubsub_custom.egg-info/dependency_links.txt
writing entry points to ../../build/pubsub_custom/pubsub_custom.egg-info/entry_points.txt
writing requirements to ../../build/pubsub_custom/pubsub_custom.egg-info/requires.txt
writing top-level names to ../../build/pubsub_custom/pubsub_custom.egg-info/top_level.txt
writing manifest file '../../build/pubsub_custom/pubsub_custom.egg-info/SOURCES.txt'
reading manifest file '../../build/pubsub_custom/pubsub_custom.egg-info/SOURCES.txt'
writing manifest file '../../build/pubsub_custom/pubsub_custom.egg-info/SOURCES.txt'
running build
running build_py
creating /home/ivan/personal/robotics_ros2/basic_concepts/ros2_ws/build/pubsub_custom/build
creating /home/ivan/personal/robotics_ros2/basic_concepts/ros2_ws/build/pubsub_custom/build/lib
creating /home/ivan/personal/robotics_ros2/basic_concepts/ros2_ws/build/pubsub_custom/build/lib/pubsub_custom
copying pubsub_custom/publisher.py -> /home/ivan/personal/robotics_ros2/basic_concepts/ros2_ws/build/pubsub_custom/build/lib/pubsub_custom
copying pubsub_custom/subscriber.py -> /home/ivan/personal/robotics_ros2/basic_concepts/ros2_ws/build/pubsub_custom/build/lib/pubsub_custom
copying pubsub_custom/__init__.py -> /home/ivan/personal/robotics_ros2/basic_concepts/ros2_ws/build/pubsub_custom/build/lib/pubsub_custom
running install
running install_lib
creating /home/ivan/personal/robotics_ros2/basic_concepts/ros2_ws/install/pubsub_custom/lib/python3.10/site-packages/pubsub_custom
copying /home/ivan/personal/robotics_ros2/basic_concepts/ros2_ws/build/pubsub_custom/build/lib/pubsub_custom/publisher.py -> /home/ivan/personal/robotics_ros2/basic_concepts/ros2_ws/install/pubsub_custom/lib/python3.10/site-packages/pubsub_custom
copying /home/ivan/personal/robotics_ros2/basic_concepts/ros2_ws/build/pubsub_custom/build/lib/pubsub_custom/subscriber.py -> /home/ivan/personal/robotics_ros2/basic_concepts/ros2_ws/install/pubsub_custom/lib/python3.10/site-packages/pubsub_custom
copying /home/ivan/personal/robotics_ros2/basic_concepts/ros2_ws/build/pubsub_custom/build/lib/pubsub_custom/__init__.py -> /home/ivan/personal/robotics_ros2/basic_concepts/ros2_ws/install/pubsub_custom/lib/python3.10/site-packages/pubsub_custom
byte-compiling /home/ivan/personal/robotics_ros2/basic_concepts/ros2_ws/install/pubsub_custom/lib/python3.10/site-packages/pubsub_custom/publisher.py to publisher.cpython-310.pyc
byte-compiling /home/ivan/personal/robotics_ros2/basic_concepts/ros2_ws/install/pubsub_custom/lib/python3.10/site-packages/pubsub_custom/subscriber.py to subscriber.cpython-310.pyc
byte-compiling /home/ivan/personal/robotics_ros2/basic_concepts/ros2_ws/install/pubsub_custom/lib/python3.10/site-packages/pubsub_custom/__init__.py to __init__.cpython-310.pyc
running install_data
creating /home/ivan/personal/robotics_ros2/basic_concepts/ros2_ws/install/pubsub_custom/share/ament_index
creating /home/ivan/personal/robotics_ros2/basic_concepts/ros2_ws/install/pubsub_custom/share/ament_index/resource_index
creating /home/ivan/personal/robotics_ros2/basic_concepts/ros2_ws/install/pubsub_custom/share/ament_index/resource_index/packages
copying resource/pubsub_custom -> /home/ivan/personal/robotics_ros2/basic_concepts/ros2_ws/install/pubsub_custom/share/ament_index/resource_index/packages
copying package.xml -> /home/ivan/personal/robotics_ros2/basic_concepts/ros2_ws/install/pubsub_custom/share/pubsub_custom
running install_egg_info
Copying ../../build/pubsub_custom/pubsub_custom.egg-info to /home/ivan/personal/robotics_ros2/basic_concepts/ros2_ws/install/pubsub_custom/lib/python3.10/site-packages/pubsub_custom-0.0.0-py3.10.egg-info
running install_scripts
Installing publish_status script to /home/ivan/personal/robotics_ros2/basic_concepts/ros2_ws/install/pubsub_custom/lib/pubsub_custom
writing list of installed files to '/home/ivan/personal/robotics_ros2/basic_concepts/ros2_ws/build/pubsub_custom/install.log'
